// Validating benchmarks:
// ***** BenchmarkRunner: Start   *****
// ***** Found 4 benchmark(s) in total *****
// ***** Building 1 exe(s) in Parallel: Start   *****
// start dotnet  restore /p:UseSharedCompilation=false /p:BuildInParallel=false /m:1 /p:Deterministic=true /p:Optimize=true /p:ArtifactsPath="D:\.Net\Dev\FabricaHilosRepository\BenchmarkSuite1\bin\Release\net8.0\BenchmarkSuite1-DefaultJob-1/" /p:OutDir="D:\.Net\Dev\FabricaHilosRepository\BenchmarkSuite1\bin\Release\net8.0\BenchmarkSuite1-DefaultJob-1\bin\Release\net8.0/" /p:OutputPath="D:\.Net\Dev\FabricaHilosRepository\BenchmarkSuite1\bin\Release\net8.0\BenchmarkSuite1-DefaultJob-1\bin\Release\net8.0/" /p:PublishDir="D:\.Net\Dev\FabricaHilosRepository\BenchmarkSuite1\bin\Release\net8.0\BenchmarkSuite1-DefaultJob-1\publish/" in D:\.Net\Dev\FabricaHilosRepository\BenchmarkSuite1\bin\Release\net8.0\BenchmarkSuite1-DefaultJob-1
// command took 1.92 sec and exited with 0
// start dotnet  build -c Release --no-restore /p:UseSharedCompilation=false /p:BuildInParallel=false /m:1 /p:Deterministic=true /p:Optimize=true /p:ArtifactsPath="D:\.Net\Dev\FabricaHilosRepository\BenchmarkSuite1\bin\Release\net8.0\BenchmarkSuite1-DefaultJob-1/" /p:OutDir="D:\.Net\Dev\FabricaHilosRepository\BenchmarkSuite1\bin\Release\net8.0\BenchmarkSuite1-DefaultJob-1\bin\Release\net8.0/" /p:OutputPath="D:\.Net\Dev\FabricaHilosRepository\BenchmarkSuite1\bin\Release\net8.0\BenchmarkSuite1-DefaultJob-1\bin\Release\net8.0/" /p:PublishDir="D:\.Net\Dev\FabricaHilosRepository\BenchmarkSuite1\bin\Release\net8.0\BenchmarkSuite1-DefaultJob-1\publish/" --output "D:\.Net\Dev\FabricaHilosRepository\BenchmarkSuite1\bin\Release\net8.0\BenchmarkSuite1-DefaultJob-1\bin\Release\net8.0/" in D:\.Net\Dev\FabricaHilosRepository\BenchmarkSuite1\bin\Release\net8.0\BenchmarkSuite1-DefaultJob-1
// command took 6.79 sec and exited with 0
// ***** Done, took 00:00:08 (8.94 sec)   *****
// Found 4 benchmarks:
//   SirePerformanceBenchmarks.GenerarVentasTxt_Small: DefaultJob
//   SirePerformanceBenchmarks.GenerarVentasTxt_Large: DefaultJob
//   SirePerformanceBenchmarks.GenerarComprasTxt_Small: DefaultJob
//   SirePerformanceBenchmarks.GenerarComprasTxt_Large: DefaultJob

Setup power plan (GUID: 8c5e7fda-e8bf-4a96-9a85-a6e23a8c635c FriendlyName: Alto rendimiento)
// **************************
// Benchmark: SirePerformanceBenchmarks.GenerarVentasTxt_Small: DefaultJob
// *** Execute ***
// Launch: 1 / 1
// Execute: dotnet BenchmarkSuite1-DefaultJob-1.dll --anonymousPipes 9588 10024 --benchmarkName FabricaHilos.Sire.Benchmarks.SirePerformanceBenchmarks.GenerarVentasTxt_Small --job Default --benchmarkId 0 in D:\.Net\Dev\FabricaHilosRepository\BenchmarkSuite1\bin\Release\net8.0\BenchmarkSuite1-DefaultJob-1\bin\Release\net8.0
// BeforeAnythingElse

// Benchmark Process Environment Information:
// BenchmarkDotNet v0.15.2
// Runtime=.NET 8.0.27 (8.0.2726.22922), X64 RyuJIT AVX2
// GC=Non-concurrent Workstation
// HardwareIntrinsics=AVX2,AES,BMI1,BMI2,FMA,LZCNT,PCLMUL,POPCNT,AvxVnni,SERIALIZE VectorSize=256
// Job: DefaultJob

OverheadJitting  1: 1 op, 140600.00 ns, 140.6000 us/op
WorkloadJitting  1: 1 op, 1198800.00 ns, 1.1988 ms/op

OverheadJitting  2: 16 op, 613700.00 ns, 38.3563 us/op
WorkloadJitting  2: 16 op, 5888400.00 ns, 368.0250 us/op

WorkloadPilot    1: 16 op, 3864000.00 ns, 241.5000 us/op
WorkloadPilot    2: 32 op, 7474100.00 ns, 233.5656 us/op
WorkloadPilot    3: 64 op, 18870400.00 ns, 294.8500 us/op
WorkloadPilot    4: 128 op, 32005000.00 ns, 250.0391 us/op
WorkloadPilot    5: 256 op, 64337600.00 ns, 251.3188 us/op
WorkloadPilot    6: 512 op, 153808200.00 ns, 300.4066 us/op
WorkloadPilot    7: 1024 op, 187002200.00 ns, 182.6193 us/op
WorkloadPilot    8: 2048 op, 325150600.00 ns, 158.7649 us/op
WorkloadPilot    9: 4096 op, 728649200.00 ns, 177.8929 us/op

OverheadWarmup   1: 4096 op, 14500.00 ns, 3.5400 ns/op
OverheadWarmup   2: 4096 op, 14400.00 ns, 3.5156 ns/op
OverheadWarmup   3: 4096 op, 12800.00 ns, 3.1250 ns/op
OverheadWarmup   4: 4096 op, 12800.00 ns, 3.1250 ns/op
OverheadWarmup   5: 4096 op, 12600.00 ns, 3.0762 ns/op
OverheadWarmup   6: 4096 op, 13300.00 ns, 3.2471 ns/op
OverheadWarmup   7: 4096 op, 13400.00 ns, 3.2715 ns/op
OverheadWarmup   8: 4096 op, 13700.00 ns, 3.3447 ns/op
OverheadWarmup   9: 4096 op, 12500.00 ns, 3.0518 ns/op

OverheadActual   1: 4096 op, 13100.00 ns, 3.1982 ns/op
OverheadActual   2: 4096 op, 13800.00 ns, 3.3691 ns/op
OverheadActual   3: 4096 op, 13600.00 ns, 3.3203 ns/op
OverheadActual   4: 4096 op, 13700.00 ns, 3.3447 ns/op
OverheadActual   5: 4096 op, 14000.00 ns, 3.4180 ns/op
OverheadActual   6: 4096 op, 14400.00 ns, 3.5156 ns/op
OverheadActual   7: 4096 op, 12100.00 ns, 2.9541 ns/op
OverheadActual   8: 4096 op, 15300.00 ns, 3.7354 ns/op
OverheadActual   9: 4096 op, 14200.00 ns, 3.4668 ns/op
OverheadActual  10: 4096 op, 14200.00 ns, 3.4668 ns/op
OverheadActual  11: 4096 op, 13900.00 ns, 3.3936 ns/op
OverheadActual  12: 4096 op, 14100.00 ns, 3.4424 ns/op
OverheadActual  13: 4096 op, 14000.00 ns, 3.4180 ns/op
OverheadActual  14: 4096 op, 13400.00 ns, 3.2715 ns/op
OverheadActual  15: 4096 op, 14000.00 ns, 3.4180 ns/op

OverheadWarmup   1: 4096 op, 13800.00 ns, 3.3691 ns/op
OverheadWarmup   2: 4096 op, 13600.00 ns, 3.3203 ns/op
OverheadWarmup   3: 4096 op, 14300.00 ns, 3.4912 ns/op
OverheadWarmup   4: 4096 op, 14000.00 ns, 3.4180 ns/op
OverheadWarmup   5: 4096 op, 14400.00 ns, 3.5156 ns/op
OverheadWarmup   6: 4096 op, 13000.00 ns, 3.1738 ns/op

// BeforeActualRun
WorkloadActual   1: 4096 op, 748836000.00 ns, 182.8213 us/op
WorkloadActual   2: 4096 op, 757328200.00 ns, 184.8946 us/op
WorkloadActual   3: 4096 op, 674332100.00 ns, 164.6319 us/op
WorkloadActual   4: 4096 op, 609925600.00 ns, 148.9076 us/op
WorkloadActual   5: 4096 op, 661855000.00 ns, 161.5857 us/op
WorkloadActual   6: 4096 op, 653040500.00 ns, 159.4337 us/op
WorkloadActual   7: 4096 op, 815694200.00 ns, 199.1441 us/op
WorkloadActual   8: 4096 op, 699700500.00 ns, 170.8253 us/op
WorkloadActual   9: 4096 op, 760279400.00 ns, 185.6151 us/op
WorkloadActual  10: 4096 op, 746001400.00 ns, 182.1292 us/op
WorkloadActual  11: 4096 op, 741881600.00 ns, 181.1234 us/op
WorkloadActual  12: 4096 op, 657557400.00 ns, 160.5365 us/op
WorkloadActual  13: 4096 op, 638493400.00 ns, 155.8822 us/op
WorkloadActual  14: 4096 op, 671010000.00 ns, 163.8208 us/op
WorkloadActual  15: 4096 op, 610800600.00 ns, 149.1212 us/op
WorkloadActual  16: 4096 op, 662603200.00 ns, 161.7684 us/op
WorkloadActual  17: 4096 op, 615816900.00 ns, 150.3459 us/op
WorkloadActual  18: 4096 op, 618343500.00 ns, 150.9628 us/op
WorkloadActual  19: 4096 op, 779828900.00 ns, 190.3879 us/op
WorkloadActual  20: 4096 op, 1003383400.00 ns, 244.9667 us/op
WorkloadActual  21: 4096 op, 594846000.00 ns, 145.2261 us/op
WorkloadActual  22: 4096 op, 616787600.00 ns, 150.5829 us/op
WorkloadActual  23: 4096 op, 609992500.00 ns, 148.9240 us/op
WorkloadActual  24: 4096 op, 586503800.00 ns, 143.1894 us/op
WorkloadActual  25: 4096 op, 638152600.00 ns, 155.7990 us/op
WorkloadActual  26: 4096 op, 651494400.00 ns, 159.0563 us/op
WorkloadActual  27: 4096 op, 691002700.00 ns, 168.7018 us/op
WorkloadActual  28: 4096 op, 689157500.00 ns, 168.2513 us/op
WorkloadActual  29: 4096 op, 759479100.00 ns, 185.4197 us/op
WorkloadActual  30: 4096 op, 697256600.00 ns, 170.2287 us/op
WorkloadActual  31: 4096 op, 705074900.00 ns, 172.1374 us/op
WorkloadActual  32: 4096 op, 680322700.00 ns, 166.0944 us/op
WorkloadActual  33: 4096 op, 704746300.00 ns, 172.0572 us/op
WorkloadActual  34: 4096 op, 679483300.00 ns, 165.8895 us/op
WorkloadActual  35: 4096 op, 662090500.00 ns, 161.6432 us/op
WorkloadActual  36: 4096 op, 683817200.00 ns, 166.9476 us/op
WorkloadActual  37: 4096 op, 699749200.00 ns, 170.8372 us/op
WorkloadActual  38: 4096 op, 702370800.00 ns, 171.4772 us/op
WorkloadActual  39: 4096 op, 714788800.00 ns, 174.5090 us/op
WorkloadActual  40: 4096 op, 703870100.00 ns, 171.8433 us/op
WorkloadActual  41: 4096 op, 708580900.00 ns, 172.9934 us/op
WorkloadActual  42: 4096 op, 682346600.00 ns, 166.5885 us/op
WorkloadActual  43: 4096 op, 741644600.00 ns, 181.0656 us/op
WorkloadActual  44: 4096 op, 773978300.00 ns, 188.9595 us/op
WorkloadActual  45: 4096 op, 690918400.00 ns, 168.6813 us/op
WorkloadActual  46: 4096 op, 633966400.00 ns, 154.7770 us/op
WorkloadActual  47: 4096 op, 669952300.00 ns, 163.5626 us/op
WorkloadActual  48: 4096 op, 718165800.00 ns, 175.3334 us/op
WorkloadActual  49: 4096 op, 785189700.00 ns, 191.6967 us/op
WorkloadActual  50: 4096 op, 781193500.00 ns, 190.7211 us/op
WorkloadActual  51: 4096 op, 821324900.00 ns, 200.5188 us/op
WorkloadActual  52: 4096 op, 876531900.00 ns, 213.9970 us/op
WorkloadActual  53: 4096 op, 800994100.00 ns, 195.5552 us/op
WorkloadActual  54: 4096 op, 774548200.00 ns, 189.0987 us/op
WorkloadActual  55: 4096 op, 718727800.00 ns, 175.4707 us/op
WorkloadActual  56: 4096 op, 714760000.00 ns, 174.5020 us/op
WorkloadActual  57: 4096 op, 713584200.00 ns, 174.2149 us/op
WorkloadActual  58: 4096 op, 731675700.00 ns, 178.6318 us/op
WorkloadActual  59: 4096 op, 726867800.00 ns, 177.4580 us/op
WorkloadActual  60: 4096 op, 708159400.00 ns, 172.8905 us/op
WorkloadActual  61: 4096 op, 761858400.00 ns, 186.0006 us/op
WorkloadActual  62: 4096 op, 709039200.00 ns, 173.1053 us/op
WorkloadActual  63: 4096 op, 716315000.00 ns, 174.8816 us/op
WorkloadActual  64: 4096 op, 733326600.00 ns, 179.0348 us/op
WorkloadActual  65: 4096 op, 681787300.00 ns, 166.4520 us/op
WorkloadActual  66: 4096 op, 656576000.00 ns, 160.2969 us/op
WorkloadActual  67: 4096 op, 717160000.00 ns, 175.0879 us/op
WorkloadActual  68: 4096 op, 684644000.00 ns, 167.1494 us/op
WorkloadActual  69: 4096 op, 679611700.00 ns, 165.9208 us/op
WorkloadActual  70: 4096 op, 624332500.00 ns, 152.4249 us/op
WorkloadActual  71: 4096 op, 628958400.00 ns, 153.5543 us/op
WorkloadActual  72: 4096 op, 644608700.00 ns, 157.3752 us/op
WorkloadActual  73: 4096 op, 640028900.00 ns, 156.2571 us/op
WorkloadActual  74: 4096 op, 630330300.00 ns, 153.8892 us/op
WorkloadActual  75: 4096 op, 621571100.00 ns, 151.7508 us/op
WorkloadActual  76: 4096 op, 649540700.00 ns, 158.5793 us/op
WorkloadActual  77: 4096 op, 634700800.00 ns, 154.9563 us/op
WorkloadActual  78: 4096 op, 628304300.00 ns, 153.3946 us/op
WorkloadActual  79: 4096 op, 627506500.00 ns, 153.1998 us/op
WorkloadActual  80: 4096 op, 648957700.00 ns, 158.4369 us/op
WorkloadActual  81: 4096 op, 625342700.00 ns, 152.6716 us/op
WorkloadActual  82: 4096 op, 614622000.00 ns, 150.0542 us/op
WorkloadActual  83: 4096 op, 633653100.00 ns, 154.7005 us/op
WorkloadActual  84: 4096 op, 660222200.00 ns, 161.1871 us/op
WorkloadActual  85: 4096 op, 627001200.00 ns, 153.0765 us/op
WorkloadActual  86: 4096 op, 623026000.00 ns, 152.1060 us/op
WorkloadActual  87: 4096 op, 746265800.00 ns, 182.1938 us/op
WorkloadActual  88: 4096 op, 759564000.00 ns, 185.4404 us/op
WorkloadActual  89: 4096 op, 709096500.00 ns, 173.1193 us/op
WorkloadActual  90: 4096 op, 688043000.00 ns, 167.9792 us/op
WorkloadActual  91: 4096 op, 639828200.00 ns, 156.2081 us/op
WorkloadActual  92: 4096 op, 640220200.00 ns, 156.3038 us/op
WorkloadActual  93: 4096 op, 678093900.00 ns, 165.5503 us/op
WorkloadActual  94: 4096 op, 733838400.00 ns, 179.1598 us/op
WorkloadActual  95: 4096 op, 742415700.00 ns, 181.2538 us/op
WorkloadActual  96: 4096 op, 745575500.00 ns, 182.0253 us/op
WorkloadActual  97: 4096 op, 710432000.00 ns, 173.4453 us/op
WorkloadActual  98: 4096 op, 682669300.00 ns, 166.6673 us/op
WorkloadActual  99: 4096 op, 636999900.00 ns, 155.5176 us/op
WorkloadActual  100: 4096 op, 637398300.00 ns, 155.6148 us/op

// AfterActualRun
WorkloadResult   1: 4096 op, 748822000.00 ns, 182.8179 us/op
WorkloadResult   2: 4096 op, 757314200.00 ns, 184.8912 us/op
WorkloadResult   3: 4096 op, 674318100.00 ns, 164.6284 us/op
WorkloadResult   4: 4096 op, 609911600.00 ns, 148.9042 us/op
WorkloadResult   5: 4096 op, 661841000.00 ns, 161.5823 us/op
WorkloadResult   6: 4096 op, 653026500.00 ns, 159.4303 us/op
WorkloadResult   7: 4096 op, 815680200.00 ns, 199.1407 us/op
WorkloadResult   8: 4096 op, 699686500.00 ns, 170.8219 us/op
WorkloadResult   9: 4096 op, 760265400.00 ns, 185.6117 us/op
WorkloadResult  10: 4096 op, 745987400.00 ns, 182.1258 us/op
WorkloadResult  11: 4096 op, 741867600.00 ns, 181.1200 us/op
WorkloadResult  12: 4096 op, 657543400.00 ns, 160.5331 us/op
WorkloadResult  13: 4096 op, 638479400.00 ns, 155.8788 us/op
WorkloadResult  14: 4096 op, 670996000.00 ns, 163.8174 us/op
WorkloadResult  15: 4096 op, 610786600.00 ns, 149.1178 us/op
WorkloadResult  16: 4096 op, 662589200.00 ns, 161.7649 us/op
WorkloadResult  17: 4096 op, 615802900.00 ns, 150.3425 us/op
WorkloadResult  18: 4096 op, 618329500.00 ns, 150.9594 us/op
WorkloadResult  19: 4096 op, 779814900.00 ns, 190.3845 us/op
WorkloadResult  20: 4096 op, 594832000.00 ns, 145.2227 us/op
WorkloadResult  21: 4096 op, 616773600.00 ns, 150.5795 us/op
WorkloadResult  22: 4096 op, 609978500.00 ns, 148.9205 us/op
WorkloadResult  23: 4096 op, 586489800.00 ns, 143.1860 us/op
WorkloadResult  24: 4096 op, 638138600.00 ns, 155.7956 us/op
WorkloadResult  25: 4096 op, 651480400.00 ns, 159.0528 us/op
WorkloadResult  26: 4096 op, 690988700.00 ns, 168.6984 us/op
WorkloadResult  27: 4096 op, 689143500.00 ns, 168.2479 us/op
WorkloadResult  28: 4096 op, 759465100.00 ns, 185.4163 us/op
WorkloadResult  29: 4096 op, 697242600.00 ns, 170.2252 us/op
WorkloadResult  30: 4096 op, 705060900.00 ns, 172.1340 us/op
WorkloadResult  31: 4096 op, 680308700.00 ns, 166.0910 us/op
WorkloadResult  32: 4096 op, 704732300.00 ns, 172.0538 us/op
WorkloadResult  33: 4096 op, 679469300.00 ns, 165.8861 us/op
WorkloadResult  34: 4096 op, 662076500.00 ns, 161.6398 us/op
WorkloadResult  35: 4096 op, 683803200.00 ns, 166.9441 us/op
WorkloadResult  36: 4096 op, 699735200.00 ns, 170.8338 us/op
WorkloadResult  37: 4096 op, 702356800.00 ns, 171.4738 us/op
WorkloadResult  38: 4096 op, 714774800.00 ns, 174.5056 us/op
WorkloadResult  39: 4096 op, 703856100.00 ns, 171.8399 us/op
WorkloadResult  40: 4096 op, 708566900.00 ns, 172.9900 us/op
WorkloadResult  41: 4096 op, 682332600.00 ns, 166.5851 us/op
WorkloadResult  42: 4096 op, 741630600.00 ns, 181.0622 us/op
WorkloadResult  43: 4096 op, 773964300.00 ns, 188.9561 us/op
WorkloadResult  44: 4096 op, 690904400.00 ns, 168.6778 us/op
WorkloadResult  45: 4096 op, 633952400.00 ns, 154.7735 us/op
WorkloadResult  46: 4096 op, 669938300.00 ns, 163.5592 us/op
WorkloadResult  47: 4096 op, 718151800.00 ns, 175.3300 us/op
WorkloadResult  48: 4096 op, 785175700.00 ns, 191.6933 us/op
WorkloadResult  49: 4096 op, 781179500.00 ns, 190.7177 us/op
WorkloadResult  50: 4096 op, 821310900.00 ns, 200.5154 us/op
WorkloadResult  51: 4096 op, 800980100.00 ns, 195.5518 us/op
WorkloadResult  52: 4096 op, 774534200.00 ns, 189.0953 us/op
WorkloadResult  53: 4096 op, 718713800.00 ns, 175.4672 us/op
WorkloadResult  54: 4096 op, 714746000.00 ns, 174.4985 us/op
WorkloadResult  55: 4096 op, 713570200.00 ns, 174.2115 us/op
WorkloadResult  56: 4096 op, 731661700.00 ns, 178.6283 us/op
WorkloadResult  57: 4096 op, 726853800.00 ns, 177.4545 us/op
WorkloadResult  58: 4096 op, 708145400.00 ns, 172.8871 us/op
WorkloadResult  59: 4096 op, 761844400.00 ns, 185.9972 us/op
WorkloadResult  60: 4096 op, 709025200.00 ns, 173.1019 us/op
WorkloadResult  61: 4096 op, 716301000.00 ns, 174.8782 us/op
WorkloadResult  62: 4096 op, 733312600.00 ns, 179.0314 us/op
WorkloadResult  63: 4096 op, 681773300.00 ns, 166.4486 us/op
WorkloadResult  64: 4096 op, 656562000.00 ns, 160.2935 us/op
WorkloadResult  65: 4096 op, 717146000.00 ns, 175.0845 us/op
WorkloadResult  66: 4096 op, 684630000.00 ns, 167.1460 us/op
WorkloadResult  67: 4096 op, 679597700.00 ns, 165.9174 us/op
WorkloadResult  68: 4096 op, 624318500.00 ns, 152.4215 us/op
WorkloadResult  69: 4096 op, 628944400.00 ns, 153.5509 us/op
WorkloadResult  70: 4096 op, 644594700.00 ns, 157.3718 us/op
WorkloadResult  71: 4096 op, 640014900.00 ns, 156.2536 us/op
WorkloadResult  72: 4096 op, 630316300.00 ns, 153.8858 us/op
WorkloadResult  73: 4096 op, 621557100.00 ns, 151.7473 us/op
WorkloadResult  74: 4096 op, 649526700.00 ns, 158.5759 us/op
WorkloadResult  75: 4096 op, 634686800.00 ns, 154.9528 us/op
WorkloadResult  76: 4096 op, 628290300.00 ns, 153.3912 us/op
WorkloadResult  77: 4096 op, 627492500.00 ns, 153.1964 us/op
WorkloadResult  78: 4096 op, 648943700.00 ns, 158.4335 us/op
WorkloadResult  79: 4096 op, 625328700.00 ns, 152.6681 us/op
WorkloadResult  80: 4096 op, 614608000.00 ns, 150.0508 us/op
WorkloadResult  81: 4096 op, 633639100.00 ns, 154.6970 us/op
WorkloadResult  82: 4096 op, 660208200.00 ns, 161.1836 us/op
WorkloadResult  83: 4096 op, 626987200.00 ns, 153.0730 us/op
WorkloadResult  84: 4096 op, 623012000.00 ns, 152.1025 us/op
WorkloadResult  85: 4096 op, 746251800.00 ns, 182.1904 us/op
WorkloadResult  86: 4096 op, 759550000.00 ns, 185.4370 us/op
WorkloadResult  87: 4096 op, 709082500.00 ns, 173.1158 us/op
WorkloadResult  88: 4096 op, 688029000.00 ns, 167.9758 us/op
WorkloadResult  89: 4096 op, 639814200.00 ns, 156.2046 us/op
WorkloadResult  90: 4096 op, 640206200.00 ns, 156.3003 us/op
WorkloadResult  91: 4096 op, 678079900.00 ns, 165.5469 us/op
WorkloadResult  92: 4096 op, 733824400.00 ns, 179.1563 us/op
WorkloadResult  93: 4096 op, 742401700.00 ns, 181.2504 us/op
WorkloadResult  94: 4096 op, 745561500.00 ns, 182.0219 us/op
WorkloadResult  95: 4096 op, 710418000.00 ns, 173.4419 us/op
WorkloadResult  96: 4096 op, 682655300.00 ns, 166.6639 us/op
WorkloadResult  97: 4096 op, 636985900.00 ns, 155.5141 us/op
WorkloadResult  98: 4096 op, 637384300.00 ns, 155.6114 us/op
// GC:  195 195 195 1324154864 4096
// Threading:  0 0 4096

// AfterAll
// Benchmark Process 9024 has exited with code 0.

Mean = 167.767 μs, StdErr = 1.335 μs (0.80%), N = 98, StdDev = 13.218 μs
Min = 143.186 μs, Q1 = 155.960 μs, Median = 166.804 μs, Q3 = 175.433 μs, Max = 200.515 μs
IQR = 19.473 μs, LowerFence = 126.751 μs, UpperFence = 204.642 μs
ConfidenceInterval = [163.236 μs; 172.298 μs] (CI 99.9%), Margin = 4.531 μs (2.70% of Mean)
Skewness = 0.35, Kurtosis = 2.31, MValue = 3.08

// ** Remained 3 (75.0 %) benchmark(s) to run. Estimated finish 2026-06-08 15:51 (0h 3m from now) **
Setup power plan (GUID: 8c5e7fda-e8bf-4a96-9a85-a6e23a8c635c FriendlyName: Alto rendimiento)
// **************************
// Benchmark: SirePerformanceBenchmarks.GenerarVentasTxt_Large: DefaultJob
// *** Execute ***
// Launch: 1 / 1
// Execute: dotnet BenchmarkSuite1-DefaultJob-1.dll --anonymousPipes 9892 1632 --benchmarkName FabricaHilos.Sire.Benchmarks.SirePerformanceBenchmarks.GenerarVentasTxt_Large --job Default --benchmarkId 1 in D:\.Net\Dev\FabricaHilosRepository\BenchmarkSuite1\bin\Release\net8.0\BenchmarkSuite1-DefaultJob-1\bin\Release\net8.0
// BeforeAnythingElse

// Benchmark Process Environment Information:
// BenchmarkDotNet v0.15.2
// Runtime=.NET 8.0.27 (8.0.2726.22922), X64 RyuJIT AVX2
// GC=Non-concurrent Workstation
// HardwareIntrinsics=AVX2,AES,BMI1,BMI2,FMA,LZCNT,PCLMUL,POPCNT,AvxVnni,SERIALIZE VectorSize=256
// Job: DefaultJob

OverheadJitting  1: 1 op, 145700.00 ns, 145.7000 us/op
WorkloadJitting  1: 1 op, 14997000.00 ns, 14.9970 ms/op

OverheadJitting  2: 16 op, 356800.00 ns, 22.3000 us/op
WorkloadJitting  2: 16 op, 146954400.00 ns, 9.1847 ms/op

WorkloadPilot    1: 16 op, 126129700.00 ns, 7.8831 ms/op
WorkloadPilot    2: 32 op, 246283300.00 ns, 7.6964 ms/op
WorkloadPilot    3: 64 op, 412363600.00 ns, 6.4432 ms/op
WorkloadPilot    4: 128 op, 818651000.00 ns, 6.3957 ms/op

OverheadWarmup   1: 128 op, 1900.00 ns, 14.8438 ns/op
OverheadWarmup   2: 128 op, 1200.00 ns, 9.3750 ns/op
OverheadWarmup   3: 128 op, 1100.00 ns, 8.5938 ns/op
OverheadWarmup   4: 128 op, 900.00 ns, 7.0313 ns/op
OverheadWarmup   5: 128 op, 1000.00 ns, 7.8125 ns/op
OverheadWarmup   6: 128 op, 1200.00 ns, 9.3750 ns/op
OverheadWarmup   7: 128 op, 1200.00 ns, 9.3750 ns/op
OverheadWarmup   8: 128 op, 1000.00 ns, 7.8125 ns/op
OverheadWarmup   9: 128 op, 1000.00 ns, 7.8125 ns/op

OverheadActual   1: 128 op, 1100.00 ns, 8.5938 ns/op
OverheadActual   2: 128 op, 1500.00 ns, 11.7188 ns/op
OverheadActual   3: 128 op, 1100.00 ns, 8.5938 ns/op
OverheadActual   4: 128 op, 1000.00 ns, 7.8125 ns/op
OverheadActual   5: 128 op, 1000.00 ns, 7.8125 ns/op
OverheadActual   6: 128 op, 1200.00 ns, 9.3750 ns/op
OverheadActual   7: 128 op, 1200.00 ns, 9.3750 ns/op
OverheadActual   8: 128 op, 1000.00 ns, 7.8125 ns/op
OverheadActual   9: 128 op, 1000.00 ns, 7.8125 ns/op
OverheadActual  10: 128 op, 1100.00 ns, 8.5938 ns/op
OverheadActual  11: 128 op, 1300.00 ns, 10.1563 ns/op
OverheadActual  12: 128 op, 1700.00 ns, 13.2813 ns/op
OverheadActual  13: 128 op, 1000.00 ns, 7.8125 ns/op
OverheadActual  14: 128 op, 1600.00 ns, 12.5000 ns/op
OverheadActual  15: 128 op, 1100.00 ns, 8.5938 ns/op
OverheadActual  16: 128 op, 6000.00 ns, 46.8750 ns/op
OverheadActual  17: 128 op, 1100.00 ns, 8.5938 ns/op
OverheadActual  18: 128 op, 1000.00 ns, 7.8125 ns/op
OverheadActual  19: 128 op, 1200.00 ns, 9.3750 ns/op
OverheadActual  20: 128 op, 1000.00 ns, 7.8125 ns/op

OverheadWarmup   1: 128 op, 1100.00 ns, 8.5938 ns/op
OverheadWarmup   2: 128 op, 1500.00 ns, 11.7188 ns/op
OverheadWarmup   3: 128 op, 2400.00 ns, 18.7500 ns/op
OverheadWarmup   4: 128 op, 1300.00 ns, 10.1563 ns/op
OverheadWarmup   5: 128 op, 1000.00 ns, 7.8125 ns/op
OverheadWarmup   6: 128 op, 900.00 ns, 7.0313 ns/op
OverheadWarmup   7: 128 op, 1000.00 ns, 7.8125 ns/op
OverheadWarmup   8: 128 op, 1700.00 ns, 13.2813 ns/op
OverheadWarmup   9: 128 op, 1000.00 ns, 7.8125 ns/op

// BeforeActualRun
WorkloadActual   1: 128 op, 838226000.00 ns, 6.5486 ms/op
WorkloadActual   2: 128 op, 842325800.00 ns, 6.5807 ms/op
WorkloadActual   3: 128 op, 856008700.00 ns, 6.6876 ms/op
WorkloadActual   4: 128 op, 742873400.00 ns, 5.8037 ms/op
WorkloadActual   5: 128 op, 738724600.00 ns, 5.7713 ms/op
WorkloadActual   6: 128 op, 765828400.00 ns, 5.9830 ms/op
WorkloadActual   7: 128 op, 791141300.00 ns, 6.1808 ms/op
WorkloadActual   8: 128 op, 747357100.00 ns, 5.8387 ms/op
WorkloadActual   9: 128 op, 727432400.00 ns, 5.6831 ms/op
WorkloadActual  10: 128 op, 712656000.00 ns, 5.5676 ms/op
WorkloadActual  11: 128 op, 745092000.00 ns, 5.8210 ms/op
WorkloadActual  12: 128 op, 731423400.00 ns, 5.7142 ms/op
WorkloadActual  13: 128 op, 727057200.00 ns, 5.6801 ms/op
WorkloadActual  14: 128 op, 727984900.00 ns, 5.6874 ms/op
WorkloadActual  15: 128 op, 731559200.00 ns, 5.7153 ms/op
WorkloadActual  16: 128 op, 730715900.00 ns, 5.7087 ms/op
WorkloadActual  17: 128 op, 730081100.00 ns, 5.7038 ms/op
WorkloadActual  18: 128 op, 727370400.00 ns, 5.6826 ms/op
WorkloadActual  19: 128 op, 759962600.00 ns, 5.9372 ms/op
WorkloadActual  20: 128 op, 806773800.00 ns, 6.3029 ms/op
WorkloadActual  21: 128 op, 745735400.00 ns, 5.8261 ms/op
WorkloadActual  22: 128 op, 749984500.00 ns, 5.8593 ms/op
WorkloadActual  23: 128 op, 744116300.00 ns, 5.8134 ms/op
WorkloadActual  24: 128 op, 736415100.00 ns, 5.7532 ms/op
WorkloadActual  25: 128 op, 744251700.00 ns, 5.8145 ms/op

// AfterActualRun
WorkloadResult   1: 128 op, 742872300.00 ns, 5.8037 ms/op
WorkloadResult   2: 128 op, 738723500.00 ns, 5.7713 ms/op
WorkloadResult   3: 128 op, 765827300.00 ns, 5.9830 ms/op
WorkloadResult   4: 128 op, 791140200.00 ns, 6.1808 ms/op
WorkloadResult   5: 128 op, 747356000.00 ns, 5.8387 ms/op
WorkloadResult   6: 128 op, 727431300.00 ns, 5.6831 ms/op
WorkloadResult   7: 128 op, 712654900.00 ns, 5.5676 ms/op
WorkloadResult   8: 128 op, 745090900.00 ns, 5.8210 ms/op
WorkloadResult   9: 128 op, 731422300.00 ns, 5.7142 ms/op
WorkloadResult  10: 128 op, 727056100.00 ns, 5.6801 ms/op
WorkloadResult  11: 128 op, 727983800.00 ns, 5.6874 ms/op
WorkloadResult  12: 128 op, 731558100.00 ns, 5.7153 ms/op
WorkloadResult  13: 128 op, 730714800.00 ns, 5.7087 ms/op
WorkloadResult  14: 128 op, 730080000.00 ns, 5.7038 ms/op
WorkloadResult  15: 128 op, 727369300.00 ns, 5.6826 ms/op
WorkloadResult  16: 128 op, 759961500.00 ns, 5.9372 ms/op
WorkloadResult  17: 128 op, 745734300.00 ns, 5.8260 ms/op
WorkloadResult  18: 128 op, 749983400.00 ns, 5.8592 ms/op
WorkloadResult  19: 128 op, 744115200.00 ns, 5.8134 ms/op
WorkloadResult  20: 128 op, 736414000.00 ns, 5.7532 ms/op
WorkloadResult  21: 128 op, 744250600.00 ns, 5.8145 ms/op
// GC:  63 63 63 2073067184 128
// Threading:  0 0 128

// AfterAll
// Benchmark Process 8188 has exited with code 0.

Mean = 5.788 ms, StdErr = 0.029 ms (0.49%), N = 21, StdDev = 0.131 ms
Min = 5.568 ms, Q1 = 5.704 ms, Median = 5.771 ms, Q3 = 5.826 ms, Max = 6.181 ms
IQR = 0.122 ms, LowerFence = 5.520 ms, UpperFence = 6.009 ms
ConfidenceInterval = [5.678 ms; 5.898 ms] (CI 99.9%), Margin = 0.110 ms (1.90% of Mean)
Skewness = 1.16, Kurtosis = 4.63, MValue = 2

// ** Remained 2 (50.0 %) benchmark(s) to run. Estimated finish 2026-06-08 15:49 (0h 1m from now) **
Setup power plan (GUID: 8c5e7fda-e8bf-4a96-9a85-a6e23a8c635c FriendlyName: Alto rendimiento)
// **************************
// Benchmark: SirePerformanceBenchmarks.GenerarComprasTxt_Small: DefaultJob
// *** Execute ***
// Launch: 1 / 1
// Execute: dotnet BenchmarkSuite1-DefaultJob-1.dll --anonymousPipes 9368 9552 --benchmarkName FabricaHilos.Sire.Benchmarks.SirePerformanceBenchmarks.GenerarComprasTxt_Small --job Default --benchmarkId 2 in D:\.Net\Dev\FabricaHilosRepository\BenchmarkSuite1\bin\Release\net8.0\BenchmarkSuite1-DefaultJob-1\bin\Release\net8.0
// BeforeAnythingElse

// Benchmark Process Environment Information:
// BenchmarkDotNet v0.15.2
// Runtime=.NET 8.0.27 (8.0.2726.22922), X64 RyuJIT AVX2
// GC=Non-concurrent Workstation
// HardwareIntrinsics=AVX2,AES,BMI1,BMI2,FMA,LZCNT,PCLMUL,POPCNT,AvxVnni,SERIALIZE VectorSize=256
// Job: DefaultJob

OverheadJitting  1: 1 op, 134400.00 ns, 134.4000 us/op
WorkloadJitting  1: 1 op, 1106800.00 ns, 1.1068 ms/op

OverheadJitting  2: 16 op, 315400.00 ns, 19.7125 us/op
WorkloadJitting  2: 16 op, 3855900.00 ns, 240.9938 us/op

WorkloadPilot    1: 16 op, 3228600.00 ns, 201.7875 us/op
WorkloadPilot    2: 32 op, 9347300.00 ns, 292.1031 us/op
WorkloadPilot    3: 64 op, 11048200.00 ns, 172.6281 us/op
WorkloadPilot    4: 128 op, 23100400.00 ns, 180.4719 us/op
WorkloadPilot    5: 256 op, 46380800.00 ns, 181.1750 us/op
WorkloadPilot    6: 512 op, 93524900.00 ns, 182.6658 us/op
WorkloadPilot    7: 1024 op, 212696900.00 ns, 207.7118 us/op
WorkloadPilot    8: 2048 op, 308925900.00 ns, 150.8427 us/op
WorkloadPilot    9: 4096 op, 610854600.00 ns, 149.1344 us/op

OverheadWarmup   1: 4096 op, 13500.00 ns, 3.2959 ns/op
OverheadWarmup   2: 4096 op, 12800.00 ns, 3.1250 ns/op
OverheadWarmup   3: 4096 op, 12100.00 ns, 2.9541 ns/op
OverheadWarmup   4: 4096 op, 11900.00 ns, 2.9053 ns/op
OverheadWarmup   5: 4096 op, 12600.00 ns, 3.0762 ns/op
OverheadWarmup   6: 4096 op, 12100.00 ns, 2.9541 ns/op
OverheadWarmup   7: 4096 op, 11900.00 ns, 2.9053 ns/op
OverheadWarmup   8: 4096 op, 11800.00 ns, 2.8809 ns/op
OverheadWarmup   9: 4096 op, 12000.00 ns, 2.9297 ns/op
OverheadWarmup  10: 4096 op, 15800.00 ns, 3.8574 ns/op

OverheadActual   1: 4096 op, 12300.00 ns, 3.0029 ns/op
OverheadActual   2: 4096 op, 12000.00 ns, 2.9297 ns/op
OverheadActual   3: 4096 op, 12000.00 ns, 2.9297 ns/op
OverheadActual   4: 4096 op, 12000.00 ns, 2.9297 ns/op
OverheadActual   5: 4096 op, 12100.00 ns, 2.9541 ns/op
OverheadActual   6: 4096 op, 12200.00 ns, 2.9785 ns/op
OverheadActual   7: 4096 op, 13100.00 ns, 3.1982 ns/op
OverheadActual   8: 4096 op, 12000.00 ns, 2.9297 ns/op
OverheadActual   9: 4096 op, 12500.00 ns, 3.0518 ns/op
OverheadActual  10: 4096 op, 12500.00 ns, 3.0518 ns/op
OverheadActual  11: 4096 op, 12300.00 ns, 3.0029 ns/op
OverheadActual  12: 4096 op, 12000.00 ns, 2.9297 ns/op
OverheadActual  13: 4096 op, 12000.00 ns, 2.9297 ns/op
OverheadActual  14: 4096 op, 12000.00 ns, 2.9297 ns/op
OverheadActual  15: 4096 op, 12700.00 ns, 3.1006 ns/op

OverheadWarmup   1: 4096 op, 12000.00 ns, 2.9297 ns/op
OverheadWarmup   2: 4096 op, 12000.00 ns, 2.9297 ns/op
OverheadWarmup   3: 4096 op, 11900.00 ns, 2.9053 ns/op
OverheadWarmup   4: 4096 op, 12000.00 ns, 2.9297 ns/op
OverheadWarmup   5: 4096 op, 12900.00 ns, 3.1494 ns/op
OverheadWarmup   6: 4096 op, 11900.00 ns, 2.9053 ns/op

// BeforeActualRun
WorkloadActual   1: 4096 op, 594845500.00 ns, 145.2260 us/op
WorkloadActual   2: 4096 op, 619676800.00 ns, 151.2883 us/op
WorkloadActual   3: 4096 op, 652219500.00 ns, 159.2333 us/op
WorkloadActual   4: 4096 op, 608864800.00 ns, 148.6486 us/op
WorkloadActual   5: 4096 op, 654343400.00 ns, 159.7518 us/op
WorkloadActual   6: 4096 op, 632748800.00 ns, 154.4797 us/op
WorkloadActual   7: 4096 op, 579638100.00 ns, 141.5132 us/op
WorkloadActual   8: 4096 op, 552331200.00 ns, 134.8465 us/op
WorkloadActual   9: 4096 op, 559170300.00 ns, 136.5162 us/op
WorkloadActual  10: 4096 op, 647294700.00 ns, 158.0309 us/op
WorkloadActual  11: 4096 op, 631081400.00 ns, 154.0726 us/op
WorkloadActual  12: 4096 op, 622177200.00 ns, 151.8987 us/op
WorkloadActual  13: 4096 op, 615475800.00 ns, 150.2626 us/op
WorkloadActual  14: 4096 op, 636847000.00 ns, 155.4802 us/op
WorkloadActual  15: 4096 op, 619429400.00 ns, 151.2279 us/op
WorkloadActual  16: 4096 op, 623764700.00 ns, 152.2863 us/op
WorkloadActual  17: 4096 op, 681490600.00 ns, 166.3795 us/op
WorkloadActual  18: 4096 op, 616334700.00 ns, 150.4723 us/op
WorkloadActual  19: 4096 op, 553636100.00 ns, 135.1651 us/op
WorkloadActual  20: 4096 op, 547363300.00 ns, 133.6336 us/op
WorkloadActual  21: 4096 op, 561675600.00 ns, 137.1278 us/op
WorkloadActual  22: 4096 op, 558225600.00 ns, 136.2855 us/op
WorkloadActual  23: 4096 op, 552391000.00 ns, 134.8611 us/op
WorkloadActual  24: 4096 op, 549177800.00 ns, 134.0766 us/op
WorkloadActual  25: 4096 op, 547267000.00 ns, 133.6101 us/op
WorkloadActual  26: 4096 op, 563582800.00 ns, 137.5935 us/op
WorkloadActual  27: 4096 op, 553452800.00 ns, 135.1203 us/op
WorkloadActual  28: 4096 op, 551454700.00 ns, 134.6325 us/op
WorkloadActual  29: 4096 op, 549083600.00 ns, 134.0536 us/op
WorkloadActual  30: 4096 op, 551610000.00 ns, 134.6704 us/op
WorkloadActual  31: 4096 op, 551869400.00 ns, 134.7337 us/op
WorkloadActual  32: 4096 op, 548254200.00 ns, 133.8511 us/op
WorkloadActual  33: 4096 op, 553364800.00 ns, 135.0988 us/op
WorkloadActual  34: 4096 op, 554712800.00 ns, 135.4279 us/op
WorkloadActual  35: 4096 op, 554943400.00 ns, 135.4842 us/op
WorkloadActual  36: 4096 op, 554864300.00 ns, 135.4649 us/op
WorkloadActual  37: 4096 op, 554985000.00 ns, 135.4944 us/op
WorkloadActual  38: 4096 op, 552333000.00 ns, 134.8469 us/op
WorkloadActual  39: 4096 op, 556529600.00 ns, 135.8715 us/op
WorkloadActual  40: 4096 op, 586639300.00 ns, 143.2225 us/op
WorkloadActual  41: 4096 op, 549274000.00 ns, 134.1001 us/op
WorkloadActual  42: 4096 op, 551912700.00 ns, 134.7443 us/op
WorkloadActual  43: 4096 op, 552040700.00 ns, 134.7756 us/op
WorkloadActual  44: 4096 op, 554893200.00 ns, 135.4720 us/op
WorkloadActual  45: 4096 op, 551808900.00 ns, 134.7190 us/op
WorkloadActual  46: 4096 op, 554186700.00 ns, 135.2995 us/op
WorkloadActual  47: 4096 op, 560377500.00 ns, 136.8109 us/op
WorkloadActual  48: 4096 op, 548954400.00 ns, 134.0221 us/op
WorkloadActual  49: 4096 op, 549315400.00 ns, 134.1102 us/op
WorkloadActual  50: 4096 op, 563146800.00 ns, 137.4870 us/op
WorkloadActual  51: 4096 op, 555183100.00 ns, 135.5427 us/op
WorkloadActual  52: 4096 op, 547752900.00 ns, 133.7287 us/op
WorkloadActual  53: 4096 op, 594352200.00 ns, 145.1055 us/op
WorkloadActual  54: 4096 op, 618256700.00 ns, 150.9416 us/op
WorkloadActual  55: 4096 op, 624210900.00 ns, 152.3952 us/op
WorkloadActual  56: 4096 op, 615850000.00 ns, 150.3540 us/op
WorkloadActual  57: 4096 op, 607566500.00 ns, 148.3317 us/op
WorkloadActual  58: 4096 op, 658644700.00 ns, 160.8019 us/op
WorkloadActual  59: 4096 op, 559633000.00 ns, 136.6292 us/op
WorkloadActual  60: 4096 op, 555441100.00 ns, 135.6057 us/op
WorkloadActual  61: 4096 op, 606378700.00 ns, 148.0417 us/op
WorkloadActual  62: 4096 op, 652985800.00 ns, 159.4204 us/op
WorkloadActual  63: 4096 op, 656152700.00 ns, 160.1935 us/op
WorkloadActual  64: 4096 op, 652057300.00 ns, 159.1937 us/op
WorkloadActual  65: 4096 op, 638428500.00 ns, 155.8663 us/op
WorkloadActual  66: 4096 op, 601709200.00 ns, 146.9017 us/op
WorkloadActual  67: 4096 op, 639970500.00 ns, 156.2428 us/op
WorkloadActual  68: 4096 op, 680760800.00 ns, 166.2014 us/op
WorkloadActual  69: 4096 op, 643546500.00 ns, 157.1158 us/op
WorkloadActual  70: 4096 op, 603048700.00 ns, 147.2287 us/op
WorkloadActual  71: 4096 op, 642092900.00 ns, 156.7610 us/op
WorkloadActual  72: 4096 op, 588643900.00 ns, 143.7119 us/op
WorkloadActual  73: 4096 op, 608583500.00 ns, 148.5800 us/op
WorkloadActual  74: 4096 op, 678915500.00 ns, 165.7509 us/op
WorkloadActual  75: 4096 op, 590393800.00 ns, 144.1391 us/op
WorkloadActual  76: 4096 op, 592823200.00 ns, 144.7322 us/op
WorkloadActual  77: 4096 op, 555895800.00 ns, 135.7167 us/op
WorkloadActual  78: 4096 op, 569680000.00 ns, 139.0820 us/op
WorkloadActual  79: 4096 op, 546466900.00 ns, 133.4148 us/op
WorkloadActual  80: 4096 op, 539202400.00 ns, 131.6412 us/op
WorkloadActual  81: 4096 op, 542229400.00 ns, 132.3802 us/op
WorkloadActual  82: 4096 op, 543398800.00 ns, 132.6657 us/op
WorkloadActual  83: 4096 op, 528006400.00 ns, 128.9078 us/op
WorkloadActual  84: 4096 op, 538178200.00 ns, 131.3912 us/op
WorkloadActual  85: 4096 op, 530294200.00 ns, 129.4664 us/op
WorkloadActual  86: 4096 op, 535795600.00 ns, 130.8095 us/op
WorkloadActual  87: 4096 op, 541372500.00 ns, 132.1710 us/op
WorkloadActual  88: 4096 op, 536236600.00 ns, 130.9171 us/op
WorkloadActual  89: 4096 op, 533890000.00 ns, 130.3442 us/op
WorkloadActual  90: 4096 op, 548158400.00 ns, 133.8277 us/op
WorkloadActual  91: 4096 op, 539694300.00 ns, 131.7613 us/op
WorkloadActual  92: 4096 op, 542343700.00 ns, 132.4081 us/op
WorkloadActual  93: 4096 op, 532292400.00 ns, 129.9542 us/op
WorkloadActual  94: 4096 op, 531938700.00 ns, 129.8678 us/op
WorkloadActual  95: 4096 op, 560841000.00 ns, 136.9241 us/op
WorkloadActual  96: 4096 op, 544738100.00 ns, 132.9927 us/op
WorkloadActual  97: 4096 op, 539228200.00 ns, 131.6475 us/op
WorkloadActual  98: 4096 op, 539858900.00 ns, 131.8015 us/op
WorkloadActual  99: 4096 op, 556355200.00 ns, 135.8289 us/op
WorkloadActual  100: 4096 op, 549279300.00 ns, 134.1014 us/op

// AfterActualRun
WorkloadResult   1: 4096 op, 594833400.00 ns, 145.2230 us/op
WorkloadResult   2: 4096 op, 619664700.00 ns, 151.2853 us/op
WorkloadResult   3: 4096 op, 652207400.00 ns, 159.2303 us/op
WorkloadResult   4: 4096 op, 608852700.00 ns, 148.6457 us/op
WorkloadResult   5: 4096 op, 654331300.00 ns, 159.7489 us/op
WorkloadResult   6: 4096 op, 632736700.00 ns, 154.4767 us/op
WorkloadResult   7: 4096 op, 579626000.00 ns, 141.5103 us/op
WorkloadResult   8: 4096 op, 552319100.00 ns, 134.8435 us/op
WorkloadResult   9: 4096 op, 559158200.00 ns, 136.5132 us/op
WorkloadResult  10: 4096 op, 647282600.00 ns, 158.0280 us/op
WorkloadResult  11: 4096 op, 631069300.00 ns, 154.0697 us/op
WorkloadResult  12: 4096 op, 622165100.00 ns, 151.8958 us/op
WorkloadResult  13: 4096 op, 615463700.00 ns, 150.2597 us/op
WorkloadResult  14: 4096 op, 636834900.00 ns, 155.4773 us/op
WorkloadResult  15: 4096 op, 619417300.00 ns, 151.2249 us/op
WorkloadResult  16: 4096 op, 623752600.00 ns, 152.2833 us/op
WorkloadResult  17: 4096 op, 681478500.00 ns, 166.3766 us/op
WorkloadResult  18: 4096 op, 616322600.00 ns, 150.4694 us/op
WorkloadResult  19: 4096 op, 553624000.00 ns, 135.1621 us/op
WorkloadResult  20: 4096 op, 547351200.00 ns, 133.6307 us/op
WorkloadResult  21: 4096 op, 561663500.00 ns, 137.1249 us/op
WorkloadResult  22: 4096 op, 558213500.00 ns, 136.2826 us/op
WorkloadResult  23: 4096 op, 552378900.00 ns, 134.8581 us/op
WorkloadResult  24: 4096 op, 549165700.00 ns, 134.0737 us/op
WorkloadResult  25: 4096 op, 547254900.00 ns, 133.6072 us/op
WorkloadResult  26: 4096 op, 563570700.00 ns, 137.5905 us/op
WorkloadResult  27: 4096 op, 553440700.00 ns, 135.1174 us/op
WorkloadResult  28: 4096 op, 551442600.00 ns, 134.6295 us/op
WorkloadResult  29: 4096 op, 549071500.00 ns, 134.0507 us/op
WorkloadResult  30: 4096 op, 551597900.00 ns, 134.6675 us/op
WorkloadResult  31: 4096 op, 551857300.00 ns, 134.7308 us/op
WorkloadResult  32: 4096 op, 548242100.00 ns, 133.8482 us/op
WorkloadResult  33: 4096 op, 553352700.00 ns, 135.0959 us/op
WorkloadResult  34: 4096 op, 554700700.00 ns, 135.4250 us/op
WorkloadResult  35: 4096 op, 554931300.00 ns, 135.4813 us/op
WorkloadResult  36: 4096 op, 554852200.00 ns, 135.4620 us/op
WorkloadResult  37: 4096 op, 554972900.00 ns, 135.4914 us/op
WorkloadResult  38: 4096 op, 552320900.00 ns, 134.8440 us/op
WorkloadResult  39: 4096 op, 556517500.00 ns, 135.8685 us/op
WorkloadResult  40: 4096 op, 586627200.00 ns, 143.2195 us/op
WorkloadResult  41: 4096 op, 549261900.00 ns, 134.0971 us/op
WorkloadResult  42: 4096 op, 551900600.00 ns, 134.7414 us/op
WorkloadResult  43: 4096 op, 552028600.00 ns, 134.7726 us/op
WorkloadResult  44: 4096 op, 554881100.00 ns, 135.4690 us/op
WorkloadResult  45: 4096 op, 551796800.00 ns, 134.7160 us/op
WorkloadResult  46: 4096 op, 554174600.00 ns, 135.2965 us/op
WorkloadResult  47: 4096 op, 560365400.00 ns, 136.8080 us/op
WorkloadResult  48: 4096 op, 548942300.00 ns, 134.0191 us/op
WorkloadResult  49: 4096 op, 549303300.00 ns, 134.1073 us/op
WorkloadResult  50: 4096 op, 563134700.00 ns, 137.4841 us/op
WorkloadResult  51: 4096 op, 555171000.00 ns, 135.5398 us/op
WorkloadResult  52: 4096 op, 547740800.00 ns, 133.7258 us/op
WorkloadResult  53: 4096 op, 594340100.00 ns, 145.1026 us/op
WorkloadResult  54: 4096 op, 618244600.00 ns, 150.9386 us/op
WorkloadResult  55: 4096 op, 624198800.00 ns, 152.3923 us/op
WorkloadResult  56: 4096 op, 615837900.00 ns, 150.3510 us/op
WorkloadResult  57: 4096 op, 607554400.00 ns, 148.3287 us/op
WorkloadResult  58: 4096 op, 658632600.00 ns, 160.7990 us/op
WorkloadResult  59: 4096 op, 559620900.00 ns, 136.6262 us/op
WorkloadResult  60: 4096 op, 555429000.00 ns, 135.6028 us/op
WorkloadResult  61: 4096 op, 606366600.00 ns, 148.0387 us/op
WorkloadResult  62: 4096 op, 652973700.00 ns, 159.4174 us/op
WorkloadResult  63: 4096 op, 656140600.00 ns, 160.1906 us/op
WorkloadResult  64: 4096 op, 652045200.00 ns, 159.1907 us/op
WorkloadResult  65: 4096 op, 638416400.00 ns, 155.8634 us/op
WorkloadResult  66: 4096 op, 601697100.00 ns, 146.8987 us/op
WorkloadResult  67: 4096 op, 639958400.00 ns, 156.2398 us/op
WorkloadResult  68: 4096 op, 680748700.00 ns, 166.1984 us/op
WorkloadResult  69: 4096 op, 643534400.00 ns, 157.1129 us/op
WorkloadResult  70: 4096 op, 603036600.00 ns, 147.2257 us/op
WorkloadResult  71: 4096 op, 642080800.00 ns, 156.7580 us/op
WorkloadResult  72: 4096 op, 588631800.00 ns, 143.7089 us/op
WorkloadResult  73: 4096 op, 608571400.00 ns, 148.5770 us/op
WorkloadResult  74: 4096 op, 678903400.00 ns, 165.7479 us/op
WorkloadResult  75: 4096 op, 590381700.00 ns, 144.1362 us/op
WorkloadResult  76: 4096 op, 592811100.00 ns, 144.7293 us/op
WorkloadResult  77: 4096 op, 555883700.00 ns, 135.7138 us/op
WorkloadResult  78: 4096 op, 569667900.00 ns, 139.0791 us/op
WorkloadResult  79: 4096 op, 546454800.00 ns, 133.4118 us/op
WorkloadResult  80: 4096 op, 539190300.00 ns, 131.6383 us/op
WorkloadResult  81: 4096 op, 542217300.00 ns, 132.3773 us/op
WorkloadResult  82: 4096 op, 543386700.00 ns, 132.6628 us/op
WorkloadResult  83: 4096 op, 527994300.00 ns, 128.9049 us/op
WorkloadResult  84: 4096 op, 538166100.00 ns, 131.3882 us/op
WorkloadResult  85: 4096 op, 530282100.00 ns, 129.4634 us/op
WorkloadResult  86: 4096 op, 535783500.00 ns, 130.8065 us/op
WorkloadResult  87: 4096 op, 541360400.00 ns, 132.1681 us/op
WorkloadResult  88: 4096 op, 536224500.00 ns, 130.9142 us/op
WorkloadResult  89: 4096 op, 533877900.00 ns, 130.3413 us/op
WorkloadResult  90: 4096 op, 548146300.00 ns, 133.8248 us/op
WorkloadResult  91: 4096 op, 539682200.00 ns, 131.7583 us/op
WorkloadResult  92: 4096 op, 542331600.00 ns, 132.4052 us/op
WorkloadResult  93: 4096 op, 532280300.00 ns, 129.9512 us/op
WorkloadResult  94: 4096 op, 531926600.00 ns, 129.8649 us/op
WorkloadResult  95: 4096 op, 560828900.00 ns, 136.9211 us/op
WorkloadResult  96: 4096 op, 544726000.00 ns, 132.9897 us/op
WorkloadResult  97: 4096 op, 539216100.00 ns, 131.6446 us/op
WorkloadResult  98: 4096 op, 539846800.00 ns, 131.7985 us/op
WorkloadResult  99: 4096 op, 556343100.00 ns, 135.8260 us/op
WorkloadResult  100: 4096 op, 549267200.00 ns, 134.0984 us/op
// GC:  227 227 227 1450322416 4096
// Threading:  0 0 4096

// AfterAll
// Benchmark Process 18160 has exited with code 0.

Mean = 141.427 μs, StdErr = 1.019 μs (0.72%), N = 100, StdDev = 10.191 μs
Min = 128.905 μs, Q1 = 134.068 μs, Median = 135.770 μs, Q3 = 150.283 μs, Max = 166.377 μs
IQR = 16.215 μs, LowerFence = 109.746 μs, UpperFence = 174.604 μs
ConfidenceInterval = [137.971 μs; 144.884 μs] (CI 99.9%), Margin = 3.456 μs (2.44% of Mean)
Skewness = 0.83, Kurtosis = 2.36, MValue = 2.55

// ** Remained 1 (25.0 %) benchmark(s) to run. Estimated finish 2026-06-08 15:49 (0h 0m from now) **
Setup power plan (GUID: 8c5e7fda-e8bf-4a96-9a85-a6e23a8c635c FriendlyName: Alto rendimiento)
// **************************
// Benchmark: SirePerformanceBenchmarks.GenerarComprasTxt_Large: DefaultJob
// *** Execute ***
// Launch: 1 / 1
// Execute: dotnet BenchmarkSuite1-DefaultJob-1.dll --anonymousPipes 9552 9376 --benchmarkName FabricaHilos.Sire.Benchmarks.SirePerformanceBenchmarks.GenerarComprasTxt_Large --job Default --benchmarkId 3 in D:\.Net\Dev\FabricaHilosRepository\BenchmarkSuite1\bin\Release\net8.0\BenchmarkSuite1-DefaultJob-1\bin\Release\net8.0
// BeforeAnythingElse

// Benchmark Process Environment Information:
// BenchmarkDotNet v0.15.2
// Runtime=.NET 8.0.27 (8.0.2726.22922), X64 RyuJIT AVX2
// GC=Non-concurrent Workstation
// HardwareIntrinsics=AVX2,AES,BMI1,BMI2,FMA,LZCNT,PCLMUL,POPCNT,AvxVnni,SERIALIZE VectorSize=256
// Job: DefaultJob

OverheadJitting  1: 1 op, 122900.00 ns, 122.9000 us/op
WorkloadJitting  1: 1 op, 11700200.00 ns, 11.7002 ms/op

OverheadJitting  2: 16 op, 336600.00 ns, 21.0375 us/op
WorkloadJitting  2: 16 op, 124498100.00 ns, 7.7811 ms/op

WorkloadPilot    1: 16 op, 111594900.00 ns, 6.9747 ms/op
WorkloadPilot    2: 32 op, 223920900.00 ns, 6.9975 ms/op
WorkloadPilot    3: 64 op, 353813000.00 ns, 5.5283 ms/op
WorkloadPilot    4: 128 op, 718114400.00 ns, 5.6103 ms/op

OverheadWarmup   1: 128 op, 1400.00 ns, 10.9375 ns/op
OverheadWarmup   2: 128 op, 1100.00 ns, 8.5938 ns/op
OverheadWarmup   3: 128 op, 1200.00 ns, 9.3750 ns/op
OverheadWarmup   4: 128 op, 1300.00 ns, 10.1563 ns/op
OverheadWarmup   5: 128 op, 900.00 ns, 7.0313 ns/op
OverheadWarmup   6: 128 op, 900.00 ns, 7.0313 ns/op
OverheadWarmup   7: 128 op, 1100.00 ns, 8.5938 ns/op

OverheadActual   1: 128 op, 1400.00 ns, 10.9375 ns/op
OverheadActual   2: 128 op, 1400.00 ns, 10.9375 ns/op
OverheadActual   3: 128 op, 1000.00 ns, 7.8125 ns/op
OverheadActual   4: 128 op, 1300.00 ns, 10.1563 ns/op
OverheadActual   5: 128 op, 1100.00 ns, 8.5938 ns/op
OverheadActual   6: 128 op, 1200.00 ns, 9.3750 ns/op
OverheadActual   7: 128 op, 900.00 ns, 7.0313 ns/op
OverheadActual   8: 128 op, 900.00 ns, 7.0313 ns/op
OverheadActual   9: 128 op, 1400.00 ns, 10.9375 ns/op
OverheadActual  10: 128 op, 1300.00 ns, 10.1563 ns/op
OverheadActual  11: 128 op, 1200.00 ns, 9.3750 ns/op
OverheadActual  12: 128 op, 1100.00 ns, 8.5938 ns/op
OverheadActual  13: 128 op, 1100.00 ns, 8.5938 ns/op
OverheadActual  14: 128 op, 1200.00 ns, 9.3750 ns/op
OverheadActual  15: 128 op, 1300.00 ns, 10.1563 ns/op
OverheadActual  16: 128 op, 1100.00 ns, 8.5938 ns/op
OverheadActual  17: 128 op, 1000.00 ns, 7.8125 ns/op
OverheadActual  18: 128 op, 1300.00 ns, 10.1563 ns/op
OverheadActual  19: 128 op, 1600.00 ns, 12.5000 ns/op
OverheadActual  20: 128 op, 1300.00 ns, 10.1563 ns/op

OverheadWarmup   1: 128 op, 1600.00 ns, 12.5000 ns/op
OverheadWarmup   2: 128 op, 1200.00 ns, 9.3750 ns/op
OverheadWarmup   3: 128 op, 1200.00 ns, 9.3750 ns/op
OverheadWarmup   4: 128 op, 900.00 ns, 7.0313 ns/op
OverheadWarmup   5: 128 op, 2000.00 ns, 15.6250 ns/op
OverheadWarmup   6: 128 op, 1200.00 ns, 9.3750 ns/op

// BeforeActualRun
WorkloadActual   1: 128 op, 850954500.00 ns, 6.6481 ms/op
WorkloadActual   2: 128 op, 884391100.00 ns, 6.9093 ms/op
WorkloadActual   3: 128 op, 881303200.00 ns, 6.8852 ms/op
WorkloadActual   4: 128 op, 859224500.00 ns, 6.7127 ms/op
WorkloadActual   5: 128 op, 768271300.00 ns, 6.0021 ms/op
WorkloadActual   6: 128 op, 738003400.00 ns, 5.7657 ms/op
WorkloadActual   7: 128 op, 732553800.00 ns, 5.7231 ms/op
WorkloadActual   8: 128 op, 746580400.00 ns, 5.8327 ms/op
WorkloadActual   9: 128 op, 802146800.00 ns, 6.2668 ms/op
WorkloadActual  10: 128 op, 834062400.00 ns, 6.5161 ms/op
WorkloadActual  11: 128 op, 854830200.00 ns, 6.6784 ms/op
WorkloadActual  12: 128 op, 793077600.00 ns, 6.1959 ms/op
WorkloadActual  13: 128 op, 829577500.00 ns, 6.4811 ms/op
WorkloadActual  14: 128 op, 831600300.00 ns, 6.4969 ms/op
WorkloadActual  15: 128 op, 846863700.00 ns, 6.6161 ms/op
WorkloadActual  16: 128 op, 865725400.00 ns, 6.7635 ms/op
WorkloadActual  17: 128 op, 940896100.00 ns, 7.3508 ms/op
WorkloadActual  18: 128 op, 945297400.00 ns, 7.3851 ms/op
WorkloadActual  19: 128 op, 867226500.00 ns, 6.7752 ms/op
WorkloadActual  20: 128 op, 834689900.00 ns, 6.5210 ms/op
WorkloadActual  21: 128 op, 903050600.00 ns, 7.0551 ms/op
WorkloadActual  22: 128 op, 878122400.00 ns, 6.8603 ms/op
WorkloadActual  23: 128 op, 899767200.00 ns, 7.0294 ms/op
WorkloadActual  24: 128 op, 833598900.00 ns, 6.5125 ms/op
WorkloadActual  25: 128 op, 868211200.00 ns, 6.7829 ms/op
WorkloadActual  26: 128 op, 862378000.00 ns, 6.7373 ms/op
WorkloadActual  27: 128 op, 874660000.00 ns, 6.8333 ms/op
WorkloadActual  28: 128 op, 815896300.00 ns, 6.3742 ms/op
WorkloadActual  29: 128 op, 914197800.00 ns, 7.1422 ms/op
WorkloadActual  30: 128 op, 852063300.00 ns, 6.6567 ms/op
WorkloadActual  31: 128 op, 880175300.00 ns, 6.8764 ms/op
WorkloadActual  32: 128 op, 909270700.00 ns, 7.1037 ms/op
WorkloadActual  33: 128 op, 856119900.00 ns, 6.6884 ms/op
WorkloadActual  34: 128 op, 861570100.00 ns, 6.7310 ms/op
WorkloadActual  35: 128 op, 849656700.00 ns, 6.6379 ms/op
WorkloadActual  36: 128 op, 961388600.00 ns, 7.5108 ms/op
WorkloadActual  37: 128 op, 921258500.00 ns, 7.1973 ms/op
WorkloadActual  38: 128 op, 933916500.00 ns, 7.2962 ms/op
WorkloadActual  39: 128 op, 919605600.00 ns, 7.1844 ms/op
WorkloadActual  40: 128 op, 900336000.00 ns, 7.0339 ms/op
WorkloadActual  41: 128 op, 925040000.00 ns, 7.2269 ms/op
WorkloadActual  42: 128 op, 902890700.00 ns, 7.0538 ms/op
WorkloadActual  43: 128 op, 861396400.00 ns, 6.7297 ms/op
WorkloadActual  44: 128 op, 846159500.00 ns, 6.6106 ms/op
WorkloadActual  45: 128 op, 812373000.00 ns, 6.3467 ms/op
WorkloadActual  46: 128 op, 835863600.00 ns, 6.5302 ms/op
WorkloadActual  47: 128 op, 764821100.00 ns, 5.9752 ms/op
WorkloadActual  48: 128 op, 715228200.00 ns, 5.5877 ms/op
WorkloadActual  49: 128 op, 695883900.00 ns, 5.4366 ms/op
WorkloadActual  50: 128 op, 712843800.00 ns, 5.5691 ms/op
WorkloadActual  51: 128 op, 710614700.00 ns, 5.5517 ms/op
WorkloadActual  52: 128 op, 695253700.00 ns, 5.4317 ms/op
WorkloadActual  53: 128 op, 706108500.00 ns, 5.5165 ms/op
WorkloadActual  54: 128 op, 725249900.00 ns, 5.6660 ms/op
WorkloadActual  55: 128 op, 716203400.00 ns, 5.5953 ms/op
WorkloadActual  56: 128 op, 695115600.00 ns, 5.4306 ms/op
WorkloadActual  57: 128 op, 709675300.00 ns, 5.5443 ms/op
WorkloadActual  58: 128 op, 710748500.00 ns, 5.5527 ms/op
WorkloadActual  59: 128 op, 696045100.00 ns, 5.4379 ms/op
WorkloadActual  60: 128 op, 753832000.00 ns, 5.8893 ms/op
WorkloadActual  61: 128 op, 707331600.00 ns, 5.5260 ms/op
WorkloadActual  62: 128 op, 736776800.00 ns, 5.7561 ms/op
WorkloadActual  63: 128 op, 717819000.00 ns, 5.6080 ms/op
WorkloadActual  64: 128 op, 817586300.00 ns, 6.3874 ms/op
WorkloadActual  65: 128 op, 801658200.00 ns, 6.2630 ms/op
WorkloadActual  66: 128 op, 794707500.00 ns, 6.2087 ms/op
WorkloadActual  67: 128 op, 820507400.00 ns, 6.4102 ms/op
WorkloadActual  68: 128 op, 768834300.00 ns, 6.0065 ms/op
WorkloadActual  69: 128 op, 843039500.00 ns, 6.5862 ms/op
WorkloadActual  70: 128 op, 736676900.00 ns, 5.7553 ms/op
WorkloadActual  71: 128 op, 720688900.00 ns, 5.6304 ms/op
WorkloadActual  72: 128 op, 687765300.00 ns, 5.3732 ms/op
WorkloadActual  73: 128 op, 743607100.00 ns, 5.8094 ms/op
WorkloadActual  74: 128 op, 792248200.00 ns, 6.1894 ms/op
WorkloadActual  75: 128 op, 783649500.00 ns, 6.1223 ms/op
WorkloadActual  76: 128 op, 768032700.00 ns, 6.0003 ms/op
WorkloadActual  77: 128 op, 800780600.00 ns, 6.2561 ms/op
WorkloadActual  78: 128 op, 749840900.00 ns, 5.8581 ms/op
WorkloadActual  79: 128 op, 697168700.00 ns, 5.4466 ms/op
WorkloadActual  80: 128 op, 706263200.00 ns, 5.5177 ms/op
WorkloadActual  81: 128 op, 706683300.00 ns, 5.5210 ms/op
WorkloadActual  82: 128 op, 695987400.00 ns, 5.4374 ms/op
WorkloadActual  83: 128 op, 682876400.00 ns, 5.3350 ms/op
WorkloadActual  84: 128 op, 674843300.00 ns, 5.2722 ms/op
WorkloadActual  85: 128 op, 676765700.00 ns, 5.2872 ms/op
WorkloadActual  86: 128 op, 674591700.00 ns, 5.2702 ms/op
WorkloadActual  87: 128 op, 673743100.00 ns, 5.2636 ms/op
WorkloadActual  88: 128 op, 678475200.00 ns, 5.3006 ms/op
WorkloadActual  89: 128 op, 678694300.00 ns, 5.3023 ms/op
WorkloadActual  90: 128 op, 675644800.00 ns, 5.2785 ms/op
WorkloadActual  91: 128 op, 687403200.00 ns, 5.3703 ms/op
WorkloadActual  92: 128 op, 672827800.00 ns, 5.2565 ms/op
WorkloadActual  93: 128 op, 677530800.00 ns, 5.2932 ms/op
WorkloadActual  94: 128 op, 678295300.00 ns, 5.2992 ms/op
WorkloadActual  95: 128 op, 677340800.00 ns, 5.2917 ms/op
WorkloadActual  96: 128 op, 683214600.00 ns, 5.3376 ms/op
WorkloadActual  97: 128 op, 681281200.00 ns, 5.3225 ms/op
WorkloadActual  98: 128 op, 679071300.00 ns, 5.3052 ms/op
WorkloadActual  99: 128 op, 675740700.00 ns, 5.2792 ms/op
WorkloadActual  100: 128 op, 679606500.00 ns, 5.3094 ms/op

// AfterActualRun
WorkloadResult   1: 128 op, 850953300.00 ns, 6.6481 ms/op
WorkloadResult   2: 128 op, 884389900.00 ns, 6.9093 ms/op
WorkloadResult   3: 128 op, 881302000.00 ns, 6.8852 ms/op
WorkloadResult   4: 128 op, 859223300.00 ns, 6.7127 ms/op
WorkloadResult   5: 128 op, 768270100.00 ns, 6.0021 ms/op
WorkloadResult   6: 128 op, 738002200.00 ns, 5.7656 ms/op
WorkloadResult   7: 128 op, 732552600.00 ns, 5.7231 ms/op
WorkloadResult   8: 128 op, 746579200.00 ns, 5.8327 ms/op
WorkloadResult   9: 128 op, 802145600.00 ns, 6.2668 ms/op
WorkloadResult  10: 128 op, 834061200.00 ns, 6.5161 ms/op
WorkloadResult  11: 128 op, 854829000.00 ns, 6.6784 ms/op
WorkloadResult  12: 128 op, 793076400.00 ns, 6.1959 ms/op
WorkloadResult  13: 128 op, 829576300.00 ns, 6.4811 ms/op
WorkloadResult  14: 128 op, 831599100.00 ns, 6.4969 ms/op
WorkloadResult  15: 128 op, 846862500.00 ns, 6.6161 ms/op
WorkloadResult  16: 128 op, 865724200.00 ns, 6.7635 ms/op
WorkloadResult  17: 128 op, 940894900.00 ns, 7.3507 ms/op
WorkloadResult  18: 128 op, 945296200.00 ns, 7.3851 ms/op
WorkloadResult  19: 128 op, 867225300.00 ns, 6.7752 ms/op
WorkloadResult  20: 128 op, 834688700.00 ns, 6.5210 ms/op
WorkloadResult  21: 128 op, 903049400.00 ns, 7.0551 ms/op
WorkloadResult  22: 128 op, 878121200.00 ns, 6.8603 ms/op
WorkloadResult  23: 128 op, 899766000.00 ns, 7.0294 ms/op
WorkloadResult  24: 128 op, 833597700.00 ns, 6.5125 ms/op
WorkloadResult  25: 128 op, 868210000.00 ns, 6.7829 ms/op
WorkloadResult  26: 128 op, 862376800.00 ns, 6.7373 ms/op
WorkloadResult  27: 128 op, 874658800.00 ns, 6.8333 ms/op
WorkloadResult  28: 128 op, 815895100.00 ns, 6.3742 ms/op
WorkloadResult  29: 128 op, 914196600.00 ns, 7.1422 ms/op
WorkloadResult  30: 128 op, 852062100.00 ns, 6.6567 ms/op
WorkloadResult  31: 128 op, 880174100.00 ns, 6.8764 ms/op
WorkloadResult  32: 128 op, 909269500.00 ns, 7.1037 ms/op
WorkloadResult  33: 128 op, 856118700.00 ns, 6.6884 ms/op
WorkloadResult  34: 128 op, 861568900.00 ns, 6.7310 ms/op
WorkloadResult  35: 128 op, 849655500.00 ns, 6.6379 ms/op
WorkloadResult  36: 128 op, 961387400.00 ns, 7.5108 ms/op
WorkloadResult  37: 128 op, 921257300.00 ns, 7.1973 ms/op
WorkloadResult  38: 128 op, 933915300.00 ns, 7.2962 ms/op
WorkloadResult  39: 128 op, 919604400.00 ns, 7.1844 ms/op
WorkloadResult  40: 128 op, 900334800.00 ns, 7.0339 ms/op
WorkloadResult  41: 128 op, 925038800.00 ns, 7.2269 ms/op
WorkloadResult  42: 128 op, 902889500.00 ns, 7.0538 ms/op
WorkloadResult  43: 128 op, 861395200.00 ns, 6.7297 ms/op
WorkloadResult  44: 128 op, 846158300.00 ns, 6.6106 ms/op
WorkloadResult  45: 128 op, 812371800.00 ns, 6.3467 ms/op
WorkloadResult  46: 128 op, 835862400.00 ns, 6.5302 ms/op
WorkloadResult  47: 128 op, 764819900.00 ns, 5.9752 ms/op
WorkloadResult  48: 128 op, 715227000.00 ns, 5.5877 ms/op
WorkloadResult  49: 128 op, 695882700.00 ns, 5.4366 ms/op
WorkloadResult  50: 128 op, 712842600.00 ns, 5.5691 ms/op
WorkloadResult  51: 128 op, 710613500.00 ns, 5.5517 ms/op
WorkloadResult  52: 128 op, 695252500.00 ns, 5.4317 ms/op
WorkloadResult  53: 128 op, 706107300.00 ns, 5.5165 ms/op
WorkloadResult  54: 128 op, 725248700.00 ns, 5.6660 ms/op
WorkloadResult  55: 128 op, 716202200.00 ns, 5.5953 ms/op
WorkloadResult  56: 128 op, 695114400.00 ns, 5.4306 ms/op
WorkloadResult  57: 128 op, 709674100.00 ns, 5.5443 ms/op
WorkloadResult  58: 128 op, 710747300.00 ns, 5.5527 ms/op
WorkloadResult  59: 128 op, 696043900.00 ns, 5.4378 ms/op
WorkloadResult  60: 128 op, 753830800.00 ns, 5.8893 ms/op
WorkloadResult  61: 128 op, 707330400.00 ns, 5.5260 ms/op
WorkloadResult  62: 128 op, 736775600.00 ns, 5.7561 ms/op
WorkloadResult  63: 128 op, 717817800.00 ns, 5.6080 ms/op
WorkloadResult  64: 128 op, 817585100.00 ns, 6.3874 ms/op
WorkloadResult  65: 128 op, 801657000.00 ns, 6.2629 ms/op
WorkloadResult  66: 128 op, 794706300.00 ns, 6.2086 ms/op
WorkloadResult  67: 128 op, 820506200.00 ns, 6.4102 ms/op
WorkloadResult  68: 128 op, 768833100.00 ns, 6.0065 ms/op
WorkloadResult  69: 128 op, 843038300.00 ns, 6.5862 ms/op
WorkloadResult  70: 128 op, 736675700.00 ns, 5.7553 ms/op
WorkloadResult  71: 128 op, 720687700.00 ns, 5.6304 ms/op
WorkloadResult  72: 128 op, 687764100.00 ns, 5.3732 ms/op
WorkloadResult  73: 128 op, 743605900.00 ns, 5.8094 ms/op
WorkloadResult  74: 128 op, 792247000.00 ns, 6.1894 ms/op
WorkloadResult  75: 128 op, 783648300.00 ns, 6.1223 ms/op
WorkloadResult  76: 128 op, 768031500.00 ns, 6.0002 ms/op
WorkloadResult  77: 128 op, 800779400.00 ns, 6.2561 ms/op
WorkloadResult  78: 128 op, 749839700.00 ns, 5.8581 ms/op
WorkloadResult  79: 128 op, 697167500.00 ns, 5.4466 ms/op
WorkloadResult  80: 128 op, 706262000.00 ns, 5.5177 ms/op
WorkloadResult  81: 128 op, 706682100.00 ns, 5.5210 ms/op
WorkloadResult  82: 128 op, 695986200.00 ns, 5.4374 ms/op
WorkloadResult  83: 128 op, 682875200.00 ns, 5.3350 ms/op
WorkloadResult  84: 128 op, 674842100.00 ns, 5.2722 ms/op
WorkloadResult  85: 128 op, 676764500.00 ns, 5.2872 ms/op
WorkloadResult  86: 128 op, 674590500.00 ns, 5.2702 ms/op
WorkloadResult  87: 128 op, 673741900.00 ns, 5.2636 ms/op
WorkloadResult  88: 128 op, 678474000.00 ns, 5.3006 ms/op
WorkloadResult  89: 128 op, 678693100.00 ns, 5.3023 ms/op
WorkloadResult  90: 128 op, 675643600.00 ns, 5.2785 ms/op
WorkloadResult  91: 128 op, 687402000.00 ns, 5.3703 ms/op
WorkloadResult  92: 128 op, 672826600.00 ns, 5.2565 ms/op
WorkloadResult  93: 128 op, 677529600.00 ns, 5.2932 ms/op
WorkloadResult  94: 128 op, 678294100.00 ns, 5.2992 ms/op
WorkloadResult  95: 128 op, 677339600.00 ns, 5.2917 ms/op
WorkloadResult  96: 128 op, 683213400.00 ns, 5.3376 ms/op
WorkloadResult  97: 128 op, 681280000.00 ns, 5.3225 ms/op
WorkloadResult  98: 128 op, 679070100.00 ns, 5.3052 ms/op
WorkloadResult  99: 128 op, 675739500.00 ns, 5.2792 ms/op
WorkloadResult  100: 128 op, 679605300.00 ns, 5.3094 ms/op
// GC:  125 125 125 2270208016 128
// Threading:  0 0 128

// AfterAll
// Benchmark Process 10648 has exited with code 0.

Mean = 6.125 ms, StdErr = 0.067 ms (1.10%), N = 100, StdDev = 0.673 ms
Min = 5.256 ms, Q1 = 5.499 ms, Median = 6.064 ms, Q3 = 6.694 ms, Max = 7.511 ms
IQR = 1.195 ms, LowerFence = 3.706 ms, UpperFence = 8.488 ms
ConfidenceInterval = [5.897 ms; 6.353 ms] (CI 99.9%), Margin = 0.228 ms (3.73% of Mean)
Skewness = 0.23, Kurtosis = 1.66, MValue = 2.54

// ** Remained 0 (0.0 %) benchmark(s) to run. Estimated finish 2026-06-08 15:50 (0h 0m from now) **
Successfully reverted power plan (GUID: 381b4222-f694-41f0-9685-ff5bb260df2e FriendlyName: Equilibrado)
// ***** BenchmarkRunner: Finish  *****

// * Export *
  BenchmarkDotNet.Artifacts\results\FabricaHilos.Sire.Benchmarks.SirePerformanceBenchmarks-report.csv
  BenchmarkDotNet.Artifacts\results\FabricaHilos.Sire.Benchmarks.SirePerformanceBenchmarks-report-github.md
  BenchmarkDotNet.Artifacts\results\FabricaHilos.Sire.Benchmarks.SirePerformanceBenchmarks-report.html

// * Detailed results *
SirePerformanceBenchmarks.GenerarVentasTxt_Small: DefaultJob
Runtime = .NET 8.0.27 (8.0.2726.22922), X64 RyuJIT AVX2; GC = Non-concurrent Workstation
Mean = 167.767 μs, StdErr = 1.335 μs (0.80%), N = 98, StdDev = 13.218 μs
Min = 143.186 μs, Q1 = 155.960 μs, Median = 166.804 μs, Q3 = 175.433 μs, Max = 200.515 μs
IQR = 19.473 μs, LowerFence = 126.751 μs, UpperFence = 204.642 μs
ConfidenceInterval = [163.236 μs; 172.298 μs] (CI 99.9%), Margin = 4.531 μs (2.70% of Mean)
Skewness = 0.35, Kurtosis = 2.31, MValue = 3.08
-------------------- Histogram --------------------
[140.441 μs ; 148.839 μs) | @@
[148.839 μs ; 156.365 μs) | @@@@@@@@@@@@@@@@@@@@@@@@@@
[156.365 μs ; 165.738 μs) | @@@@@@@@@@@@@@@
[165.738 μs ; 173.264 μs) | @@@@@@@@@@@@@@@@@@@@@@@
[173.264 μs ; 178.550 μs) | @@@@@@@@@
[178.550 μs ; 186.076 μs) | @@@@@@@@@@@@@@@
[186.076 μs ; 196.017 μs) | @@@@@@
[196.017 μs ; 204.278 μs) | @@
---------------------------------------------------

SirePerformanceBenchmarks.GenerarVentasTxt_Large: DefaultJob
Runtime = .NET 8.0.27 (8.0.2726.22922), X64 RyuJIT AVX2; GC = Non-concurrent Workstation
Mean = 5.788 ms, StdErr = 0.029 ms (0.49%), N = 21, StdDev = 0.131 ms
Min = 5.568 ms, Q1 = 5.704 ms, Median = 5.771 ms, Q3 = 5.826 ms, Max = 6.181 ms
IQR = 0.122 ms, LowerFence = 5.520 ms, UpperFence = 6.009 ms
ConfidenceInterval = [5.678 ms; 5.898 ms] (CI 99.9%), Margin = 0.110 ms (1.90% of Mean)
Skewness = 1.16, Kurtosis = 4.63, MValue = 2
-------------------- Histogram --------------------
[5.565 ms ; 5.702 ms) | @@@@@
[5.702 ms ; 5.827 ms) | @@@@@@@@@@@
[5.827 ms ; 5.950 ms) | @@@
[5.950 ms ; 6.118 ms) | @
[6.118 ms ; 6.243 ms) | @
---------------------------------------------------

SirePerformanceBenchmarks.GenerarComprasTxt_Small: DefaultJob
Runtime = .NET 8.0.27 (8.0.2726.22922), X64 RyuJIT AVX2; GC = Non-concurrent Workstation
Mean = 141.427 μs, StdErr = 1.019 μs (0.72%), N = 100, StdDev = 10.191 μs
Min = 128.905 μs, Q1 = 134.068 μs, Median = 135.770 μs, Q3 = 150.283 μs, Max = 166.377 μs
IQR = 16.215 μs, LowerFence = 109.746 μs, UpperFence = 174.604 μs
ConfidenceInterval = [137.971 μs; 144.884 μs] (CI 99.9%), Margin = 3.456 μs (2.44% of Mean)
Skewness = 0.83, Kurtosis = 2.36, MValue = 2.55
-------------------- Histogram --------------------
[126.023 μs ; 131.375 μs) | @@@@@@@
[131.375 μs ; 137.138 μs) | @@@@@@@@@@@@@@@@@@@@@@@@@@@@@@@@@@@@@@@@@@@@@@@@@@@
[137.138 μs ; 140.485 μs) | @@@
[140.485 μs ; 146.764 μs) | @@@@@@@
[146.764 μs ; 155.256 μs) | @@@@@@@@@@@@@@@@@
[155.256 μs ; 163.180 μs) | @@@@@@@@@@@@
[163.180 μs ; 169.258 μs) | @@@
---------------------------------------------------

SirePerformanceBenchmarks.GenerarComprasTxt_Large: DefaultJob
Runtime = .NET 8.0.27 (8.0.2726.22922), X64 RyuJIT AVX2; GC = Non-concurrent Workstation
Mean = 6.125 ms, StdErr = 0.067 ms (1.10%), N = 100, StdDev = 0.673 ms
Min = 5.256 ms, Q1 = 5.499 ms, Median = 6.064 ms, Q3 = 6.694 ms, Max = 7.511 ms
IQR = 1.195 ms, LowerFence = 3.706 ms, UpperFence = 8.488 ms
ConfidenceInterval = [5.897 ms; 6.353 ms] (CI 99.9%), Margin = 0.228 ms (3.73% of Mean)
Skewness = 0.23, Kurtosis = 1.66, MValue = 2.54
-------------------- Histogram --------------------
[5.253 ms ; 5.634 ms) | @@@@@@@@@@@@@@@@@@@@@@@@@@@@@@@@@@@@@
[5.634 ms ; 6.027 ms) | @@@@@@@@@@@@@
[6.027 ms ; 6.509 ms) | @@@@@@@@@@@@@
[6.509 ms ; 6.889 ms) | @@@@@@@@@@@@@@@@@@@@@@@
[6.889 ms ; 7.398 ms) | @@@@@@@@@@@@@
[7.398 ms ; 7.701 ms) | @
---------------------------------------------------

// * Summary *

BenchmarkDotNet v0.15.2, Windows 11 (10.0.26200.8457)
12th Gen Intel Core i5-12400 2.50GHz, 1 CPU, 12 logical and 6 physical cores
.NET SDK 10.0.300
  [Host]     : .NET 8.0.27 (8.0.2726.22922), X64 RyuJIT AVX2
  DefaultJob : .NET 8.0.27 (8.0.2726.22922), X64 RyuJIT AVX2


| Method                  | Mean       | Error     | StdDev    | Median     | Gen0     | Gen1     | Gen2     | Allocated   |
|------------------------ |-----------:|----------:|----------:|-----------:|---------:|---------:|---------:|------------:|
| GenerarVentasTxt_Small  |   167.8 μs |   4.53 μs |  13.22 μs |   166.8 μs |  47.6074 |  47.6074 |  47.6074 |    315.7 KB |
| GenerarVentasTxt_Large  | 5,787.8 μs | 110.24 μs | 131.23 μs | 5,771.3 μs | 492.1875 | 492.1875 | 492.1875 | 15816.25 KB |
| GenerarComprasTxt_Small |   141.4 μs |   3.46 μs |  10.19 μs |   135.8 μs |  55.4199 |  55.4199 |  55.4199 |   345.78 KB |
| GenerarComprasTxt_Large | 6,124.9 μs | 228.20 μs | 672.85 μs | 6,064.4 μs | 976.5625 | 976.5625 | 976.5625 | 17320.31 KB |

// * Warnings *
MultimodalDistribution
  SirePerformanceBenchmarks.GenerarVentasTxt_Small: Default -> It seems that the distribution can have several modes (mValue = 3.08)

// * Hints *
Outliers
  SirePerformanceBenchmarks.GenerarVentasTxt_Small: Default -> 2 outliers were removed (214.00 μs, 244.97 μs)
  SirePerformanceBenchmarks.GenerarVentasTxt_Large: Default -> 4 outliers were removed (6.30 ms..6.69 ms)

// * Legends *
  Mean      : Arithmetic mean of all measurements
  Error     : Half of 99.9% confidence interval
  StdDev    : Standard deviation of all measurements
  Median    : Value separating the higher half of all measurements (50th percentile)
  Gen0      : GC Generation 0 collects per 1000 operations
  Gen1      : GC Generation 1 collects per 1000 operations
  Gen2      : GC Generation 2 collects per 1000 operations
  Allocated : Allocated memory per single operation (managed only, inclusive, 1KB = 1024B)
  1 μs      : 1 Microsecond (0.000001 sec)

// * Diagnostic Output - MemoryDiagnoser *


// ***** BenchmarkRunner: End *****
Run time: 00:03:56 (236.82 sec), executed benchmarks: 4

Global total time: 00:04:06 (246.01 sec), executed benchmarks: 4
// * Artifacts cleanup *
Artifacts cleanup is finished
