// Validating benchmarks:
// ***** BenchmarkRunner: Start   *****
// ***** Found 4 benchmark(s) in total *****
// ***** Building 1 exe(s) in Parallel: Start   *****
// start dotnet  restore /p:UseSharedCompilation=false /p:BuildInParallel=false /m:1 /p:Deterministic=true /p:Optimize=true /p:ArtifactsPath="D:\.Net\Dev\FabricaHilosRepository\BenchmarkSuite1\bin\Release\net8.0\BenchmarkSuite1-DefaultJob-1/" /p:OutDir="D:\.Net\Dev\FabricaHilosRepository\BenchmarkSuite1\bin\Release\net8.0\BenchmarkSuite1-DefaultJob-1\bin\Release\net8.0/" /p:OutputPath="D:\.Net\Dev\FabricaHilosRepository\BenchmarkSuite1\bin\Release\net8.0\BenchmarkSuite1-DefaultJob-1\bin\Release\net8.0/" /p:PublishDir="D:\.Net\Dev\FabricaHilosRepository\BenchmarkSuite1\bin\Release\net8.0\BenchmarkSuite1-DefaultJob-1\publish/" in D:\.Net\Dev\FabricaHilosRepository\BenchmarkSuite1\bin\Release\net8.0\BenchmarkSuite1-DefaultJob-1
// command took 1.18 sec and exited with 0
// start dotnet  build -c Release --no-restore /p:UseSharedCompilation=false /p:BuildInParallel=false /m:1 /p:Deterministic=true /p:Optimize=true /p:ArtifactsPath="D:\.Net\Dev\FabricaHilosRepository\BenchmarkSuite1\bin\Release\net8.0\BenchmarkSuite1-DefaultJob-1/" /p:OutDir="D:\.Net\Dev\FabricaHilosRepository\BenchmarkSuite1\bin\Release\net8.0\BenchmarkSuite1-DefaultJob-1\bin\Release\net8.0/" /p:OutputPath="D:\.Net\Dev\FabricaHilosRepository\BenchmarkSuite1\bin\Release\net8.0\BenchmarkSuite1-DefaultJob-1\bin\Release\net8.0/" /p:PublishDir="D:\.Net\Dev\FabricaHilosRepository\BenchmarkSuite1\bin\Release\net8.0\BenchmarkSuite1-DefaultJob-1\publish/" --output "D:\.Net\Dev\FabricaHilosRepository\BenchmarkSuite1\bin\Release\net8.0\BenchmarkSuite1-DefaultJob-1\bin\Release\net8.0/" in D:\.Net\Dev\FabricaHilosRepository\BenchmarkSuite1\bin\Release\net8.0\BenchmarkSuite1-DefaultJob-1
// command took 2.68 sec and exited with 0
// ***** Done, took 00:00:04 (4.04 sec)   *****
// Found 4 benchmarks:
//   SirePerformanceBenchmarks.GenerarVentasTxt_Small: DefaultJob
//   SirePerformanceBenchmarks.GenerarVentasTxt_Large: DefaultJob
//   SirePerformanceBenchmarks.GenerarComprasTxt_Small: DefaultJob
//   SirePerformanceBenchmarks.GenerarComprasTxt_Large: DefaultJob

Setup power plan (GUID: 8c5e7fda-e8bf-4a96-9a85-a6e23a8c635c FriendlyName: Alto rendimiento)
// **************************
// Benchmark: SirePerformanceBenchmarks.GenerarVentasTxt_Small: DefaultJob
// *** Execute ***
// Launch: 1 / 1
// Execute: dotnet BenchmarkSuite1-DefaultJob-1.dll --anonymousPipes 9768 9760 --benchmarkName FabricaHilos.Sire.Benchmarks.SirePerformanceBenchmarks.GenerarVentasTxt_Small --job Default --benchmarkId 0 in D:\.Net\Dev\FabricaHilosRepository\BenchmarkSuite1\bin\Release\net8.0\BenchmarkSuite1-DefaultJob-1\bin\Release\net8.0
// BeforeAnythingElse

// Benchmark Process Environment Information:
// BenchmarkDotNet v0.15.2
// Runtime=.NET 8.0.27 (8.0.2726.22922), X64 RyuJIT AVX2
// GC=Non-concurrent Workstation
// HardwareIntrinsics=AVX2,AES,BMI1,BMI2,FMA,LZCNT,PCLMUL,POPCNT,AvxVnni,SERIALIZE VectorSize=256
// Job: DefaultJob

OverheadJitting  1: 1 op, 139500.00 ns, 139.5000 us/op
WorkloadJitting  1: 1 op, 1026000.00 ns, 1.0260 ms/op

OverheadJitting  2: 16 op, 314600.00 ns, 19.6625 us/op
WorkloadJitting  2: 16 op, 2792600.00 ns, 174.5375 us/op

WorkloadPilot    1: 16 op, 1931500.00 ns, 120.7188 us/op
WorkloadPilot    2: 32 op, 4323500.00 ns, 135.1094 us/op
WorkloadPilot    3: 64 op, 8667300.00 ns, 135.4266 us/op
WorkloadPilot    4: 128 op, 19770700.00 ns, 154.4586 us/op
WorkloadPilot    5: 256 op, 35412600.00 ns, 138.3305 us/op
WorkloadPilot    6: 512 op, 64201600.00 ns, 125.3938 us/op
WorkloadPilot    7: 1024 op, 171177100.00 ns, 167.1651 us/op
WorkloadPilot    8: 2048 op, 210063200.00 ns, 102.5699 us/op
WorkloadPilot    9: 4096 op, 375149500.00 ns, 91.5892 us/op
WorkloadPilot   10: 8192 op, 644666500.00 ns, 78.6946 us/op

OverheadWarmup   1: 8192 op, 29400.00 ns, 3.5889 ns/op
OverheadWarmup   2: 8192 op, 34600.00 ns, 4.2236 ns/op
OverheadWarmup   3: 8192 op, 24900.00 ns, 3.0396 ns/op
OverheadWarmup   4: 8192 op, 24100.00 ns, 2.9419 ns/op
OverheadWarmup   5: 8192 op, 23300.00 ns, 2.8442 ns/op
OverheadWarmup   6: 8192 op, 23100.00 ns, 2.8198 ns/op
OverheadWarmup   7: 8192 op, 23600.00 ns, 2.8809 ns/op
OverheadWarmup   8: 8192 op, 28100.00 ns, 3.4302 ns/op
OverheadWarmup   9: 8192 op, 24000.00 ns, 2.9297 ns/op

OverheadActual   1: 8192 op, 24000.00 ns, 2.9297 ns/op
OverheadActual   2: 8192 op, 23800.00 ns, 2.9053 ns/op
OverheadActual   3: 8192 op, 23700.00 ns, 2.8931 ns/op
OverheadActual   4: 8192 op, 24300.00 ns, 2.9663 ns/op
OverheadActual   5: 8192 op, 22700.00 ns, 2.7710 ns/op
OverheadActual   6: 8192 op, 22800.00 ns, 2.7832 ns/op
OverheadActual   7: 8192 op, 23400.00 ns, 2.8564 ns/op
OverheadActual   8: 8192 op, 25800.00 ns, 3.1494 ns/op
OverheadActual   9: 8192 op, 24700.00 ns, 3.0151 ns/op
OverheadActual  10: 8192 op, 24900.00 ns, 3.0396 ns/op
OverheadActual  11: 8192 op, 25000.00 ns, 3.0518 ns/op
OverheadActual  12: 8192 op, 24300.00 ns, 2.9663 ns/op
OverheadActual  13: 8192 op, 24900.00 ns, 3.0396 ns/op
OverheadActual  14: 8192 op, 25100.00 ns, 3.0640 ns/op
OverheadActual  15: 8192 op, 24200.00 ns, 2.9541 ns/op

OverheadWarmup   1: 8192 op, 25400.00 ns, 3.1006 ns/op
OverheadWarmup   2: 8192 op, 24800.00 ns, 3.0273 ns/op
OverheadWarmup   3: 8192 op, 24700.00 ns, 3.0151 ns/op
OverheadWarmup   4: 8192 op, 24700.00 ns, 3.0151 ns/op
OverheadWarmup   5: 8192 op, 23700.00 ns, 2.8931 ns/op
OverheadWarmup   6: 8192 op, 25500.00 ns, 3.1128 ns/op
OverheadWarmup   7: 8192 op, 26400.00 ns, 3.2227 ns/op
OverheadWarmup   8: 8192 op, 28500.00 ns, 3.4790 ns/op
OverheadWarmup   9: 8192 op, 32800.00 ns, 4.0039 ns/op
OverheadWarmup  10: 8192 op, 23800.00 ns, 2.9053 ns/op

// BeforeActualRun
WorkloadActual   1: 8192 op, 618034200.00 ns, 75.4436 us/op
WorkloadActual   2: 8192 op, 622503200.00 ns, 75.9892 us/op
WorkloadActual   3: 8192 op, 606199900.00 ns, 73.9990 us/op
WorkloadActual   4: 8192 op, 618169900.00 ns, 75.4602 us/op
WorkloadActual   5: 8192 op, 613701800.00 ns, 74.9148 us/op
WorkloadActual   6: 8192 op, 605087400.00 ns, 73.8632 us/op
WorkloadActual   7: 8192 op, 613167400.00 ns, 74.8495 us/op
WorkloadActual   8: 8192 op, 606323900.00 ns, 74.0141 us/op
WorkloadActual   9: 8192 op, 666596200.00 ns, 81.3716 us/op
WorkloadActual  10: 8192 op, 628316900.00 ns, 76.6988 us/op
WorkloadActual  11: 8192 op, 611809400.00 ns, 74.6838 us/op
WorkloadActual  12: 8192 op, 635288600.00 ns, 77.5499 us/op
WorkloadActual  13: 8192 op, 610938700.00 ns, 74.5775 us/op
WorkloadActual  14: 8192 op, 603474000.00 ns, 73.6663 us/op
WorkloadActual  15: 8192 op, 609310500.00 ns, 74.3787 us/op

// AfterActualRun
WorkloadResult   1: 8192 op, 618009900.00 ns, 75.4407 us/op
WorkloadResult   2: 8192 op, 622478900.00 ns, 75.9862 us/op
WorkloadResult   3: 8192 op, 606175600.00 ns, 73.9960 us/op
WorkloadResult   4: 8192 op, 618145600.00 ns, 75.4572 us/op
WorkloadResult   5: 8192 op, 613677500.00 ns, 74.9118 us/op
WorkloadResult   6: 8192 op, 605063100.00 ns, 73.8602 us/op
WorkloadResult   7: 8192 op, 613143100.00 ns, 74.8466 us/op
WorkloadResult   8: 8192 op, 606299600.00 ns, 74.0112 us/op
WorkloadResult   9: 8192 op, 628292600.00 ns, 76.6959 us/op
WorkloadResult  10: 8192 op, 611785100.00 ns, 74.6808 us/op
WorkloadResult  11: 8192 op, 635264300.00 ns, 77.5469 us/op
WorkloadResult  12: 8192 op, 610914400.00 ns, 74.5745 us/op
WorkloadResult  13: 8192 op, 603449700.00 ns, 73.6633 us/op
WorkloadResult  14: 8192 op, 609286200.00 ns, 74.3758 us/op
// GC:  114 15 0 1081737216 8192
// Threading:  0 0 8192

// AfterAll
// Benchmark Process 556 has exited with code 0.

Mean = 75.003 μs, StdErr = 0.301 μs (0.40%), N = 14, StdDev = 1.127 μs
Min = 73.663 μs, Q1 = 74.102 μs, Median = 74.764 μs, Q3 = 75.453 μs, Max = 77.547 μs
IQR = 1.351 μs, LowerFence = 72.076 μs, UpperFence = 77.479 μs
ConfidenceInterval = [73.732 μs; 76.275 μs] (CI 99.9%), Margin = 1.271 μs (1.70% of Mean)
Skewness = 0.81, Kurtosis = 2.58, MValue = 2

// ** Remained 3 (75.0 %) benchmark(s) to run. Estimated finish 2026-06-08 15:57 (0h 0m from now) **
Setup power plan (GUID: 8c5e7fda-e8bf-4a96-9a85-a6e23a8c635c FriendlyName: Alto rendimiento)
// **************************
// Benchmark: SirePerformanceBenchmarks.GenerarVentasTxt_Large: DefaultJob
// *** Execute ***
// Launch: 1 / 1
// Execute: dotnet BenchmarkSuite1-DefaultJob-1.dll --anonymousPipes 624 628 --benchmarkName FabricaHilos.Sire.Benchmarks.SirePerformanceBenchmarks.GenerarVentasTxt_Large --job Default --benchmarkId 1 in D:\.Net\Dev\FabricaHilosRepository\BenchmarkSuite1\bin\Release\net8.0\BenchmarkSuite1-DefaultJob-1\bin\Release\net8.0
// BeforeAnythingElse

// Benchmark Process Environment Information:
// BenchmarkDotNet v0.15.2
// Runtime=.NET 8.0.27 (8.0.2726.22922), X64 RyuJIT AVX2
// GC=Non-concurrent Workstation
// HardwareIntrinsics=AVX2,AES,BMI1,BMI2,FMA,LZCNT,PCLMUL,POPCNT,AvxVnni,SERIALIZE VectorSize=256
// Job: DefaultJob

OverheadJitting  1: 1 op, 128700.00 ns, 128.7000 us/op
WorkloadJitting  1: 1 op, 8468400.00 ns, 8.4684 ms/op

OverheadJitting  2: 16 op, 324300.00 ns, 20.2688 us/op
WorkloadJitting  2: 16 op, 123179600.00 ns, 7.6987 ms/op

WorkloadPilot    1: 16 op, 112992100.00 ns, 7.0620 ms/op
WorkloadPilot    2: 32 op, 225184400.00 ns, 7.0370 ms/op
WorkloadPilot    3: 64 op, 377089800.00 ns, 5.8920 ms/op
WorkloadPilot    4: 128 op, 712634800.00 ns, 5.5675 ms/op

OverheadWarmup   1: 128 op, 1400.00 ns, 10.9375 ns/op
OverheadWarmup   2: 128 op, 1500.00 ns, 11.7188 ns/op
OverheadWarmup   3: 128 op, 1100.00 ns, 8.5938 ns/op
OverheadWarmup   4: 128 op, 1100.00 ns, 8.5938 ns/op
OverheadWarmup   5: 128 op, 1100.00 ns, 8.5938 ns/op

OverheadActual   1: 128 op, 1100.00 ns, 8.5938 ns/op
OverheadActual   2: 128 op, 1200.00 ns, 9.3750 ns/op
OverheadActual   3: 128 op, 1300.00 ns, 10.1563 ns/op
OverheadActual   4: 128 op, 1200.00 ns, 9.3750 ns/op
OverheadActual   5: 128 op, 1200.00 ns, 9.3750 ns/op
OverheadActual   6: 128 op, 1100.00 ns, 8.5938 ns/op
OverheadActual   7: 128 op, 1100.00 ns, 8.5938 ns/op
OverheadActual   8: 128 op, 1200.00 ns, 9.3750 ns/op
OverheadActual   9: 128 op, 1200.00 ns, 9.3750 ns/op
OverheadActual  10: 128 op, 1200.00 ns, 9.3750 ns/op
OverheadActual  11: 128 op, 1100.00 ns, 8.5938 ns/op
OverheadActual  12: 128 op, 1200.00 ns, 9.3750 ns/op
OverheadActual  13: 128 op, 1200.00 ns, 9.3750 ns/op
OverheadActual  14: 128 op, 1200.00 ns, 9.3750 ns/op
OverheadActual  15: 128 op, 1100.00 ns, 8.5938 ns/op
OverheadActual  16: 128 op, 900.00 ns, 7.0313 ns/op
OverheadActual  17: 128 op, 900.00 ns, 7.0313 ns/op
OverheadActual  18: 128 op, 1000.00 ns, 7.8125 ns/op
OverheadActual  19: 128 op, 1000.00 ns, 7.8125 ns/op
OverheadActual  20: 128 op, 900.00 ns, 7.0313 ns/op

OverheadWarmup   1: 128 op, 900.00 ns, 7.0313 ns/op
OverheadWarmup   2: 128 op, 900.00 ns, 7.0313 ns/op
OverheadWarmup   3: 128 op, 900.00 ns, 7.0313 ns/op
OverheadWarmup   4: 128 op, 900.00 ns, 7.0313 ns/op
OverheadWarmup   5: 128 op, 900.00 ns, 7.0313 ns/op
OverheadWarmup   6: 128 op, 900.00 ns, 7.0313 ns/op

// BeforeActualRun
WorkloadActual   1: 128 op, 720550500.00 ns, 5.6293 ms/op
WorkloadActual   2: 128 op, 722799500.00 ns, 5.6469 ms/op
WorkloadActual   3: 128 op, 704808900.00 ns, 5.5063 ms/op
WorkloadActual   4: 128 op, 707243900.00 ns, 5.5253 ms/op
WorkloadActual   5: 128 op, 726630700.00 ns, 5.6768 ms/op
WorkloadActual   6: 128 op, 710863500.00 ns, 5.5536 ms/op
WorkloadActual   7: 128 op, 712568800.00 ns, 5.5669 ms/op
WorkloadActual   8: 128 op, 710956100.00 ns, 5.5543 ms/op
WorkloadActual   9: 128 op, 711414800.00 ns, 5.5579 ms/op
WorkloadActual  10: 128 op, 726079000.00 ns, 5.6725 ms/op
WorkloadActual  11: 128 op, 740142900.00 ns, 5.7824 ms/op
WorkloadActual  12: 128 op, 750503100.00 ns, 5.8633 ms/op
WorkloadActual  13: 128 op, 758235000.00 ns, 5.9237 ms/op
WorkloadActual  14: 128 op, 787683100.00 ns, 6.1538 ms/op
WorkloadActual  15: 128 op, 799278700.00 ns, 6.2444 ms/op
WorkloadActual  16: 128 op, 834853300.00 ns, 6.5223 ms/op
WorkloadActual  17: 128 op, 778221600.00 ns, 6.0799 ms/op
WorkloadActual  18: 128 op, 768240600.00 ns, 6.0019 ms/op
WorkloadActual  19: 128 op, 750713100.00 ns, 5.8649 ms/op
WorkloadActual  20: 128 op, 776218800.00 ns, 6.0642 ms/op
WorkloadActual  21: 128 op, 728644800.00 ns, 5.6925 ms/op
WorkloadActual  22: 128 op, 713967200.00 ns, 5.5779 ms/op
WorkloadActual  23: 128 op, 708516700.00 ns, 5.5353 ms/op
WorkloadActual  24: 128 op, 709526300.00 ns, 5.5432 ms/op
WorkloadActual  25: 128 op, 717977300.00 ns, 5.6092 ms/op
WorkloadActual  26: 128 op, 731574900.00 ns, 5.7154 ms/op
WorkloadActual  27: 128 op, 717953400.00 ns, 5.6090 ms/op
WorkloadActual  28: 128 op, 726650100.00 ns, 5.6770 ms/op
WorkloadActual  29: 128 op, 732090500.00 ns, 5.7195 ms/op
WorkloadActual  30: 128 op, 713450600.00 ns, 5.5738 ms/op
WorkloadActual  31: 128 op, 708048500.00 ns, 5.5316 ms/op
WorkloadActual  32: 128 op, 685231400.00 ns, 5.3534 ms/op
WorkloadActual  33: 128 op, 699326600.00 ns, 5.4635 ms/op
WorkloadActual  34: 128 op, 694406800.00 ns, 5.4251 ms/op
WorkloadActual  35: 128 op, 693555100.00 ns, 5.4184 ms/op
WorkloadActual  36: 128 op, 683825900.00 ns, 5.3424 ms/op
WorkloadActual  37: 128 op, 704416100.00 ns, 5.5033 ms/op
WorkloadActual  38: 128 op, 692291200.00 ns, 5.4085 ms/op
WorkloadActual  39: 128 op, 680211200.00 ns, 5.3142 ms/op
WorkloadActual  40: 128 op, 684357700.00 ns, 5.3465 ms/op
WorkloadActual  41: 128 op, 688589900.00 ns, 5.3796 ms/op

// AfterActualRun
WorkloadResult   1: 128 op, 720549350.00 ns, 5.6293 ms/op
WorkloadResult   2: 128 op, 722798350.00 ns, 5.6469 ms/op
WorkloadResult   3: 128 op, 704807750.00 ns, 5.5063 ms/op
WorkloadResult   4: 128 op, 707242750.00 ns, 5.5253 ms/op
WorkloadResult   5: 128 op, 726629550.00 ns, 5.6768 ms/op
WorkloadResult   6: 128 op, 710862350.00 ns, 5.5536 ms/op
WorkloadResult   7: 128 op, 712567650.00 ns, 5.5669 ms/op
WorkloadResult   8: 128 op, 710954950.00 ns, 5.5543 ms/op
WorkloadResult   9: 128 op, 711413650.00 ns, 5.5579 ms/op
WorkloadResult  10: 128 op, 726077850.00 ns, 5.6725 ms/op
WorkloadResult  11: 128 op, 740141750.00 ns, 5.7824 ms/op
WorkloadResult  12: 128 op, 750501950.00 ns, 5.8633 ms/op
WorkloadResult  13: 128 op, 758233850.00 ns, 5.9237 ms/op
WorkloadResult  14: 128 op, 768239450.00 ns, 6.0019 ms/op
WorkloadResult  15: 128 op, 750711950.00 ns, 5.8649 ms/op
WorkloadResult  16: 128 op, 728643650.00 ns, 5.6925 ms/op
WorkloadResult  17: 128 op, 713966050.00 ns, 5.5779 ms/op
WorkloadResult  18: 128 op, 708515550.00 ns, 5.5353 ms/op
WorkloadResult  19: 128 op, 709525150.00 ns, 5.5432 ms/op
WorkloadResult  20: 128 op, 717976150.00 ns, 5.6092 ms/op
WorkloadResult  21: 128 op, 731573750.00 ns, 5.7154 ms/op
WorkloadResult  22: 128 op, 717952250.00 ns, 5.6090 ms/op
WorkloadResult  23: 128 op, 726648950.00 ns, 5.6769 ms/op
WorkloadResult  24: 128 op, 732089350.00 ns, 5.7194 ms/op
WorkloadResult  25: 128 op, 713449450.00 ns, 5.5738 ms/op
WorkloadResult  26: 128 op, 708047350.00 ns, 5.5316 ms/op
WorkloadResult  27: 128 op, 685230250.00 ns, 5.3534 ms/op
WorkloadResult  28: 128 op, 699325450.00 ns, 5.4635 ms/op
WorkloadResult  29: 128 op, 694405650.00 ns, 5.4250 ms/op
WorkloadResult  30: 128 op, 693553950.00 ns, 5.4184 ms/op
WorkloadResult  31: 128 op, 683824750.00 ns, 5.3424 ms/op
WorkloadResult  32: 128 op, 704414950.00 ns, 5.5032 ms/op
WorkloadResult  33: 128 op, 692290050.00 ns, 5.4085 ms/op
WorkloadResult  34: 128 op, 680210050.00 ns, 5.3141 ms/op
WorkloadResult  35: 128 op, 684356550.00 ns, 5.3465 ms/op
WorkloadResult  36: 128 op, 688588750.00 ns, 5.3796 ms/op
// GC:  42 42 42 773711648 128
// Threading:  0 0 128

// AfterAll
// Benchmark Process 20900 has exited with code 0.

Mean = 5.585 ms, StdErr = 0.028 ms (0.50%), N = 36, StdDev = 0.167 ms
Min = 5.314 ms, Q1 = 5.493 ms, Median = 5.562 ms, Q3 = 5.677 ms, Max = 6.002 ms
IQR = 0.184 ms, LowerFence = 5.218 ms, UpperFence = 5.952 ms
ConfidenceInterval = [5.485 ms; 5.685 ms] (CI 99.9%), Margin = 0.100 ms (1.79% of Mean)
Skewness = 0.5, Kurtosis = 2.79, MValue = 2

// ** Remained 2 (50.0 %) benchmark(s) to run. Estimated finish 2026-06-08 15:58 (0h 0m from now) **
Setup power plan (GUID: 8c5e7fda-e8bf-4a96-9a85-a6e23a8c635c FriendlyName: Alto rendimiento)
// **************************
// Benchmark: SirePerformanceBenchmarks.GenerarComprasTxt_Small: DefaultJob
// *** Execute ***
// Launch: 1 / 1
// Execute: dotnet BenchmarkSuite1-DefaultJob-1.dll --anonymousPipes 3108 7352 --benchmarkName FabricaHilos.Sire.Benchmarks.SirePerformanceBenchmarks.GenerarComprasTxt_Small --job Default --benchmarkId 2 in D:\.Net\Dev\FabricaHilosRepository\BenchmarkSuite1\bin\Release\net8.0\BenchmarkSuite1-DefaultJob-1\bin\Release\net8.0
// BeforeAnythingElse

// Benchmark Process Environment Information:
// BenchmarkDotNet v0.15.2
// Runtime=.NET 8.0.27 (8.0.2726.22922), X64 RyuJIT AVX2
// GC=Non-concurrent Workstation
// HardwareIntrinsics=AVX2,AES,BMI1,BMI2,FMA,LZCNT,PCLMUL,POPCNT,AvxVnni,SERIALIZE VectorSize=256
// Job: DefaultJob

OverheadJitting  1: 1 op, 130100.00 ns, 130.1000 us/op
WorkloadJitting  1: 1 op, 1015600.00 ns, 1.0156 ms/op

OverheadJitting  2: 16 op, 327000.00 ns, 20.4375 us/op
WorkloadJitting  2: 16 op, 2907700.00 ns, 181.7313 us/op

WorkloadPilot    1: 16 op, 2242700.00 ns, 140.1688 us/op
WorkloadPilot    2: 32 op, 4971400.00 ns, 155.3563 us/op
WorkloadPilot    3: 64 op, 9179500.00 ns, 143.4297 us/op
WorkloadPilot    4: 128 op, 18702800.00 ns, 146.1156 us/op
WorkloadPilot    5: 256 op, 37014000.00 ns, 144.5859 us/op
WorkloadPilot    6: 512 op, 68666400.00 ns, 134.1141 us/op
WorkloadPilot    7: 1024 op, 165392900.00 ns, 161.5165 us/op
WorkloadPilot    8: 2048 op, 179155500.00 ns, 87.4783 us/op
WorkloadPilot    9: 4096 op, 334722800.00 ns, 81.7194 us/op
WorkloadPilot   10: 8192 op, 580410300.00 ns, 70.8509 us/op

OverheadWarmup   1: 8192 op, 25500.00 ns, 3.1128 ns/op
OverheadWarmup   2: 8192 op, 25400.00 ns, 3.1006 ns/op
OverheadWarmup   3: 8192 op, 25200.00 ns, 3.0762 ns/op
OverheadWarmup   4: 8192 op, 25200.00 ns, 3.0762 ns/op
OverheadWarmup   5: 8192 op, 25200.00 ns, 3.0762 ns/op
OverheadWarmup   6: 8192 op, 25200.00 ns, 3.0762 ns/op
OverheadWarmup   7: 8192 op, 25100.00 ns, 3.0640 ns/op

OverheadActual   1: 8192 op, 25300.00 ns, 3.0884 ns/op
OverheadActual   2: 8192 op, 27800.00 ns, 3.3936 ns/op
OverheadActual   3: 8192 op, 25000.00 ns, 3.0518 ns/op
OverheadActual   4: 8192 op, 26500.00 ns, 3.2349 ns/op
OverheadActual   5: 8192 op, 28100.00 ns, 3.4302 ns/op
OverheadActual   6: 8192 op, 23200.00 ns, 2.8320 ns/op
OverheadActual   7: 8192 op, 23300.00 ns, 2.8442 ns/op
OverheadActual   8: 8192 op, 23500.00 ns, 2.8687 ns/op
OverheadActual   9: 8192 op, 22800.00 ns, 2.7832 ns/op
OverheadActual  10: 8192 op, 23900.00 ns, 2.9175 ns/op
OverheadActual  11: 8192 op, 22900.00 ns, 2.7954 ns/op
OverheadActual  12: 8192 op, 22800.00 ns, 2.7832 ns/op
OverheadActual  13: 8192 op, 23000.00 ns, 2.8076 ns/op
OverheadActual  14: 8192 op, 22700.00 ns, 2.7710 ns/op
OverheadActual  15: 8192 op, 22900.00 ns, 2.7954 ns/op
OverheadActual  16: 8192 op, 22800.00 ns, 2.7832 ns/op
OverheadActual  17: 8192 op, 22600.00 ns, 2.7588 ns/op
OverheadActual  18: 8192 op, 23500.00 ns, 2.8687 ns/op
OverheadActual  19: 8192 op, 25100.00 ns, 3.0640 ns/op
OverheadActual  20: 8192 op, 24900.00 ns, 3.0396 ns/op

OverheadWarmup   1: 8192 op, 24900.00 ns, 3.0396 ns/op
OverheadWarmup   2: 8192 op, 24500.00 ns, 2.9907 ns/op
OverheadWarmup   3: 8192 op, 24700.00 ns, 3.0151 ns/op
OverheadWarmup   4: 8192 op, 25200.00 ns, 3.0762 ns/op
OverheadWarmup   5: 8192 op, 24800.00 ns, 3.0273 ns/op
OverheadWarmup   6: 8192 op, 25800.00 ns, 3.1494 ns/op
OverheadWarmup   7: 8192 op, 25200.00 ns, 3.0762 ns/op

// BeforeActualRun
WorkloadActual   1: 8192 op, 552661900.00 ns, 67.4636 us/op
WorkloadActual   2: 8192 op, 548160600.00 ns, 66.9141 us/op
WorkloadActual   3: 8192 op, 545155700.00 ns, 66.5473 us/op
WorkloadActual   4: 8192 op, 550310400.00 ns, 67.1766 us/op
WorkloadActual   5: 8192 op, 536342100.00 ns, 65.4714 us/op
WorkloadActual   6: 8192 op, 546744400.00 ns, 66.7413 us/op
WorkloadActual   7: 8192 op, 540089000.00 ns, 65.9288 us/op
WorkloadActual   8: 8192 op, 546559500.00 ns, 66.7187 us/op
WorkloadActual   9: 8192 op, 545924100.00 ns, 66.6411 us/op
WorkloadActual  10: 8192 op, 566546200.00 ns, 69.1585 us/op
WorkloadActual  11: 8192 op, 595813800.00 ns, 72.7312 us/op
WorkloadActual  12: 8192 op, 632299300.00 ns, 77.1850 us/op
WorkloadActual  13: 8192 op, 624916500.00 ns, 76.2838 us/op
WorkloadActual  14: 8192 op, 580640900.00 ns, 70.8790 us/op
WorkloadActual  15: 8192 op, 605008900.00 ns, 73.8536 us/op
WorkloadActual  16: 8192 op, 582635700.00 ns, 71.1225 us/op
WorkloadActual  17: 8192 op, 627510800.00 ns, 76.6004 us/op
WorkloadActual  18: 8192 op, 603127200.00 ns, 73.6239 us/op
WorkloadActual  19: 8192 op, 601040600.00 ns, 73.3692 us/op
WorkloadActual  20: 8192 op, 611637600.00 ns, 74.6628 us/op
WorkloadActual  21: 8192 op, 590901100.00 ns, 72.1315 us/op
WorkloadActual  22: 8192 op, 603732200.00 ns, 73.6978 us/op
WorkloadActual  23: 8192 op, 546044800.00 ns, 66.6559 us/op
WorkloadActual  24: 8192 op, 548958700.00 ns, 67.0116 us/op
WorkloadActual  25: 8192 op, 542537100.00 ns, 66.2277 us/op
WorkloadActual  26: 8192 op, 541835500.00 ns, 66.1420 us/op
WorkloadActual  27: 8192 op, 556365700.00 ns, 67.9157 us/op
WorkloadActual  28: 8192 op, 541259200.00 ns, 66.0717 us/op
WorkloadActual  29: 8192 op, 544735300.00 ns, 66.4960 us/op
WorkloadActual  30: 8192 op, 542182000.00 ns, 66.1843 us/op
WorkloadActual  31: 8192 op, 549056600.00 ns, 67.0235 us/op
WorkloadActual  32: 8192 op, 555804100.00 ns, 67.8472 us/op
WorkloadActual  33: 8192 op, 539568700.00 ns, 65.8653 us/op
WorkloadActual  34: 8192 op, 541205500.00 ns, 66.0651 us/op
WorkloadActual  35: 8192 op, 543335000.00 ns, 66.3251 us/op
WorkloadActual  36: 8192 op, 554747600.00 ns, 67.7182 us/op
WorkloadActual  37: 8192 op, 541022600.00 ns, 66.0428 us/op
WorkloadActual  38: 8192 op, 561105000.00 ns, 68.4943 us/op
WorkloadActual  39: 8192 op, 550456700.00 ns, 67.1944 us/op
WorkloadActual  40: 8192 op, 541190300.00 ns, 66.0633 us/op
WorkloadActual  41: 8192 op, 543575700.00 ns, 66.3545 us/op
WorkloadActual  42: 8192 op, 545338200.00 ns, 66.5696 us/op
WorkloadActual  43: 8192 op, 544389500.00 ns, 66.4538 us/op
WorkloadActual  44: 8192 op, 547675100.00 ns, 66.8549 us/op
WorkloadActual  45: 8192 op, 544443900.00 ns, 66.4604 us/op
WorkloadActual  46: 8192 op, 554037000.00 ns, 67.6315 us/op
WorkloadActual  47: 8192 op, 544721900.00 ns, 66.4944 us/op
WorkloadActual  48: 8192 op, 543203900.00 ns, 66.3091 us/op
WorkloadActual  49: 8192 op, 543130700.00 ns, 66.3001 us/op

// AfterActualRun
WorkloadResult   1: 8192 op, 552638500.00 ns, 67.4608 us/op
WorkloadResult   2: 8192 op, 548137200.00 ns, 66.9113 us/op
WorkloadResult   3: 8192 op, 545132300.00 ns, 66.5445 us/op
WorkloadResult   4: 8192 op, 550287000.00 ns, 67.1737 us/op
WorkloadResult   5: 8192 op, 536318700.00 ns, 65.4686 us/op
WorkloadResult   6: 8192 op, 546721000.00 ns, 66.7384 us/op
WorkloadResult   7: 8192 op, 540065600.00 ns, 65.9260 us/op
WorkloadResult   8: 8192 op, 546536100.00 ns, 66.7158 us/op
WorkloadResult   9: 8192 op, 545900700.00 ns, 66.6383 us/op
WorkloadResult  10: 8192 op, 566522800.00 ns, 69.1556 us/op
WorkloadResult  11: 8192 op, 595790400.00 ns, 72.7283 us/op
WorkloadResult  12: 8192 op, 580617500.00 ns, 70.8762 us/op
WorkloadResult  13: 8192 op, 582612300.00 ns, 71.1197 us/op
WorkloadResult  14: 8192 op, 601017200.00 ns, 73.3664 us/op
WorkloadResult  15: 8192 op, 590877700.00 ns, 72.1286 us/op
WorkloadResult  16: 8192 op, 546021400.00 ns, 66.6530 us/op
WorkloadResult  17: 8192 op, 548935300.00 ns, 67.0087 us/op
WorkloadResult  18: 8192 op, 542513700.00 ns, 66.2248 us/op
WorkloadResult  19: 8192 op, 541812100.00 ns, 66.1392 us/op
WorkloadResult  20: 8192 op, 556342300.00 ns, 67.9129 us/op
WorkloadResult  21: 8192 op, 541235800.00 ns, 66.0688 us/op
WorkloadResult  22: 8192 op, 544711900.00 ns, 66.4932 us/op
WorkloadResult  23: 8192 op, 542158600.00 ns, 66.1815 us/op
WorkloadResult  24: 8192 op, 549033200.00 ns, 67.0207 us/op
WorkloadResult  25: 8192 op, 555780700.00 ns, 67.8443 us/op
WorkloadResult  26: 8192 op, 539545300.00 ns, 65.8625 us/op
WorkloadResult  27: 8192 op, 541182100.00 ns, 66.0623 us/op
WorkloadResult  28: 8192 op, 543311600.00 ns, 66.3222 us/op
WorkloadResult  29: 8192 op, 554724200.00 ns, 67.7154 us/op
WorkloadResult  30: 8192 op, 540999200.00 ns, 66.0399 us/op
WorkloadResult  31: 8192 op, 561081600.00 ns, 68.4914 us/op
WorkloadResult  32: 8192 op, 550433300.00 ns, 67.1916 us/op
WorkloadResult  33: 8192 op, 541166900.00 ns, 66.0604 us/op
WorkloadResult  34: 8192 op, 543552300.00 ns, 66.3516 us/op
WorkloadResult  35: 8192 op, 545314800.00 ns, 66.5667 us/op
WorkloadResult  36: 8192 op, 544366100.00 ns, 66.4509 us/op
WorkloadResult  37: 8192 op, 547651700.00 ns, 66.8520 us/op
WorkloadResult  38: 8192 op, 544420500.00 ns, 66.4576 us/op
WorkloadResult  39: 8192 op, 554013600.00 ns, 67.6286 us/op
WorkloadResult  40: 8192 op, 544698500.00 ns, 66.4915 us/op
WorkloadResult  41: 8192 op, 543180500.00 ns, 66.3062 us/op
WorkloadResult  42: 8192 op, 543107300.00 ns, 66.2973 us/op
// GC:  106 13 0 1006370816 8192
// Threading:  0 0 8192

// AfterAll
// Benchmark Process 16304 has exited with code 0.

Mean = 67.373 μs, StdErr = 0.295 μs (0.44%), N = 42, StdDev = 1.910 μs
Min = 65.469 μs, Q1 = 66.300 μs, Median = 66.646 μs, Q3 = 67.587 μs, Max = 73.366 μs
IQR = 1.287 μs, LowerFence = 64.369 μs, UpperFence = 69.517 μs
ConfidenceInterval = [66.328 μs; 68.417 μs] (CI 99.9%), Margin = 1.045 μs (1.55% of Mean)
Skewness = 1.85, Kurtosis = 5.43, MValue = 2

// ** Remained 1 (25.0 %) benchmark(s) to run. Estimated finish 2026-06-08 15:58 (0h 0m from now) **
Setup power plan (GUID: 8c5e7fda-e8bf-4a96-9a85-a6e23a8c635c FriendlyName: Alto rendimiento)
// **************************
// Benchmark: SirePerformanceBenchmarks.GenerarComprasTxt_Large: DefaultJob
// *** Execute ***
// Launch: 1 / 1
// Execute: dotnet BenchmarkSuite1-DefaultJob-1.dll --anonymousPipes 7348 7320 --benchmarkName FabricaHilos.Sire.Benchmarks.SirePerformanceBenchmarks.GenerarComprasTxt_Large --job Default --benchmarkId 3 in D:\.Net\Dev\FabricaHilosRepository\BenchmarkSuite1\bin\Release\net8.0\BenchmarkSuite1-DefaultJob-1\bin\Release\net8.0
// BeforeAnythingElse

// Benchmark Process Environment Information:
// BenchmarkDotNet v0.15.2
// Runtime=.NET 8.0.27 (8.0.2726.22922), X64 RyuJIT AVX2
// GC=Non-concurrent Workstation
// HardwareIntrinsics=AVX2,AES,BMI1,BMI2,FMA,LZCNT,PCLMUL,POPCNT,AvxVnni,SERIALIZE VectorSize=256
// Job: DefaultJob

OverheadJitting  1: 1 op, 118600.00 ns, 118.6000 us/op
WorkloadJitting  1: 1 op, 8432500.00 ns, 8.4325 ms/op

OverheadJitting  2: 16 op, 330300.00 ns, 20.6438 us/op
WorkloadJitting  2: 16 op, 114269200.00 ns, 7.1418 ms/op

WorkloadPilot    1: 16 op, 105628900.00 ns, 6.6018 ms/op
WorkloadPilot    2: 32 op, 204080900.00 ns, 6.3775 ms/op
WorkloadPilot    3: 64 op, 333412500.00 ns, 5.2096 ms/op
WorkloadPilot    4: 128 op, 647826000.00 ns, 5.0611 ms/op

OverheadWarmup   1: 128 op, 1300.00 ns, 10.1563 ns/op
OverheadWarmup   2: 128 op, 900.00 ns, 7.0313 ns/op
OverheadWarmup   3: 128 op, 1000.00 ns, 7.8125 ns/op
OverheadWarmup   4: 128 op, 900.00 ns, 7.0313 ns/op
OverheadWarmup   5: 128 op, 900.00 ns, 7.0313 ns/op
OverheadWarmup   6: 128 op, 900.00 ns, 7.0313 ns/op

OverheadActual   1: 128 op, 1000.00 ns, 7.8125 ns/op
OverheadActual   2: 128 op, 1200.00 ns, 9.3750 ns/op
OverheadActual   3: 128 op, 1000.00 ns, 7.8125 ns/op
OverheadActual   4: 128 op, 1100.00 ns, 8.5938 ns/op
OverheadActual   5: 128 op, 1000.00 ns, 7.8125 ns/op
OverheadActual   6: 128 op, 1100.00 ns, 8.5938 ns/op
OverheadActual   7: 128 op, 1100.00 ns, 8.5938 ns/op
OverheadActual   8: 128 op, 1200.00 ns, 9.3750 ns/op
OverheadActual   9: 128 op, 1100.00 ns, 8.5938 ns/op
OverheadActual  10: 128 op, 1000.00 ns, 7.8125 ns/op
OverheadActual  11: 128 op, 1100.00 ns, 8.5938 ns/op
OverheadActual  12: 128 op, 1200.00 ns, 9.3750 ns/op
OverheadActual  13: 128 op, 1100.00 ns, 8.5938 ns/op
OverheadActual  14: 128 op, 1000.00 ns, 7.8125 ns/op
OverheadActual  15: 128 op, 1100.00 ns, 8.5938 ns/op
OverheadActual  16: 128 op, 1000.00 ns, 7.8125 ns/op
OverheadActual  17: 128 op, 1000.00 ns, 7.8125 ns/op
OverheadActual  18: 128 op, 1000.00 ns, 7.8125 ns/op
OverheadActual  19: 128 op, 1100.00 ns, 8.5938 ns/op
OverheadActual  20: 128 op, 1200.00 ns, 9.3750 ns/op

OverheadWarmup   1: 128 op, 1100.00 ns, 8.5938 ns/op
OverheadWarmup   2: 128 op, 1100.00 ns, 8.5938 ns/op
OverheadWarmup   3: 128 op, 1100.00 ns, 8.5938 ns/op
OverheadWarmup   4: 128 op, 1000.00 ns, 7.8125 ns/op
OverheadWarmup   5: 128 op, 1200.00 ns, 9.3750 ns/op
OverheadWarmup   6: 128 op, 3100.00 ns, 24.2188 ns/op

// BeforeActualRun
WorkloadActual   1: 128 op, 655015500.00 ns, 5.1173 ms/op
WorkloadActual   2: 128 op, 663162200.00 ns, 5.1810 ms/op
WorkloadActual   3: 128 op, 649178400.00 ns, 5.0717 ms/op
WorkloadActual   4: 128 op, 657420600.00 ns, 5.1361 ms/op
WorkloadActual   5: 128 op, 651961200.00 ns, 5.0934 ms/op
WorkloadActual   6: 128 op, 670181800.00 ns, 5.2358 ms/op
WorkloadActual   7: 128 op, 669329400.00 ns, 5.2291 ms/op
WorkloadActual   8: 128 op, 693347000.00 ns, 5.4168 ms/op
WorkloadActual   9: 128 op, 717998400.00 ns, 5.6094 ms/op
WorkloadActual  10: 128 op, 736390300.00 ns, 5.7530 ms/op
WorkloadActual  11: 128 op, 706834800.00 ns, 5.5221 ms/op
WorkloadActual  12: 128 op, 720953300.00 ns, 5.6324 ms/op
WorkloadActual  13: 128 op, 750689400.00 ns, 5.8648 ms/op
WorkloadActual  14: 128 op, 752140200.00 ns, 5.8761 ms/op
WorkloadActual  15: 128 op, 715528800.00 ns, 5.5901 ms/op
WorkloadActual  16: 128 op, 718522000.00 ns, 5.6135 ms/op
WorkloadActual  17: 128 op, 727848100.00 ns, 5.6863 ms/op
WorkloadActual  18: 128 op, 704977500.00 ns, 5.5076 ms/op
WorkloadActual  19: 128 op, 654878300.00 ns, 5.1162 ms/op
WorkloadActual  20: 128 op, 664012700.00 ns, 5.1876 ms/op
WorkloadActual  21: 128 op, 661298400.00 ns, 5.1664 ms/op
WorkloadActual  22: 128 op, 666132300.00 ns, 5.2042 ms/op
WorkloadActual  23: 128 op, 647005500.00 ns, 5.0547 ms/op
WorkloadActual  24: 128 op, 652690900.00 ns, 5.0991 ms/op
WorkloadActual  25: 128 op, 642916800.00 ns, 5.0228 ms/op
WorkloadActual  26: 128 op, 653669400.00 ns, 5.1068 ms/op
WorkloadActual  27: 128 op, 661712300.00 ns, 5.1696 ms/op
WorkloadActual  28: 128 op, 657409800.00 ns, 5.1360 ms/op
WorkloadActual  29: 128 op, 642078400.00 ns, 5.0162 ms/op
WorkloadActual  30: 128 op, 653084900.00 ns, 5.1022 ms/op
WorkloadActual  31: 128 op, 649425200.00 ns, 5.0736 ms/op
WorkloadActual  32: 128 op, 646405300.00 ns, 5.0500 ms/op
WorkloadActual  33: 128 op, 631626100.00 ns, 4.9346 ms/op
WorkloadActual  34: 128 op, 644811900.00 ns, 5.0376 ms/op
WorkloadActual  35: 128 op, 626279300.00 ns, 4.8928 ms/op
WorkloadActual  36: 128 op, 630496700.00 ns, 4.9258 ms/op
WorkloadActual  37: 128 op, 638581900.00 ns, 4.9889 ms/op
WorkloadActual  38: 128 op, 623569000.00 ns, 4.8716 ms/op
WorkloadActual  39: 128 op, 632988300.00 ns, 4.9452 ms/op
WorkloadActual  40: 128 op, 684738000.00 ns, 5.3495 ms/op
WorkloadActual  41: 128 op, 638847100.00 ns, 4.9910 ms/op
WorkloadActual  42: 128 op, 633344200.00 ns, 4.9480 ms/op
WorkloadActual  43: 128 op, 627401400.00 ns, 4.9016 ms/op
WorkloadActual  44: 128 op, 634995100.00 ns, 4.9609 ms/op
WorkloadActual  45: 128 op, 701965200.00 ns, 5.4841 ms/op
WorkloadActual  46: 128 op, 622228000.00 ns, 4.8612 ms/op
WorkloadActual  47: 128 op, 629664000.00 ns, 4.9193 ms/op
WorkloadActual  48: 128 op, 653162000.00 ns, 5.1028 ms/op
WorkloadActual  49: 128 op, 626335300.00 ns, 4.8932 ms/op
WorkloadActual  50: 128 op, 631976600.00 ns, 4.9373 ms/op
WorkloadActual  51: 128 op, 634200400.00 ns, 4.9547 ms/op
WorkloadActual  52: 128 op, 640138800.00 ns, 5.0011 ms/op
WorkloadActual  53: 128 op, 693852000.00 ns, 5.4207 ms/op
WorkloadActual  54: 128 op, 703171700.00 ns, 5.4935 ms/op
WorkloadActual  55: 128 op, 713801800.00 ns, 5.5766 ms/op
WorkloadActual  56: 128 op, 704465900.00 ns, 5.5036 ms/op
WorkloadActual  57: 128 op, 708119200.00 ns, 5.5322 ms/op
WorkloadActual  58: 128 op, 699530300.00 ns, 5.4651 ms/op
WorkloadActual  59: 128 op, 693113100.00 ns, 5.4149 ms/op
WorkloadActual  60: 128 op, 689433800.00 ns, 5.3862 ms/op
WorkloadActual  61: 128 op, 703503000.00 ns, 5.4961 ms/op
WorkloadActual  62: 128 op, 699772000.00 ns, 5.4670 ms/op
WorkloadActual  63: 128 op, 689511400.00 ns, 5.3868 ms/op
WorkloadActual  64: 128 op, 631510600.00 ns, 4.9337 ms/op
WorkloadActual  65: 128 op, 622879700.00 ns, 4.8662 ms/op
WorkloadActual  66: 128 op, 617602200.00 ns, 4.8250 ms/op
WorkloadActual  67: 128 op, 612728700.00 ns, 4.7869 ms/op
WorkloadActual  68: 128 op, 628624600.00 ns, 4.9111 ms/op
WorkloadActual  69: 128 op, 607561400.00 ns, 4.7466 ms/op
WorkloadActual  70: 128 op, 616545200.00 ns, 4.8168 ms/op
WorkloadActual  71: 128 op, 603521100.00 ns, 4.7150 ms/op
WorkloadActual  72: 128 op, 616211400.00 ns, 4.8142 ms/op
WorkloadActual  73: 128 op, 617055900.00 ns, 4.8207 ms/op
WorkloadActual  74: 128 op, 615481500.00 ns, 4.8084 ms/op
WorkloadActual  75: 128 op, 615914700.00 ns, 4.8118 ms/op
WorkloadActual  76: 128 op, 614406000.00 ns, 4.8000 ms/op
WorkloadActual  77: 128 op, 620018900.00 ns, 4.8439 ms/op
WorkloadActual  78: 128 op, 626815800.00 ns, 4.8970 ms/op
WorkloadActual  79: 128 op, 612681300.00 ns, 4.7866 ms/op
WorkloadActual  80: 128 op, 621098500.00 ns, 4.8523 ms/op
WorkloadActual  81: 128 op, 603994700.00 ns, 4.7187 ms/op
WorkloadActual  82: 128 op, 606623100.00 ns, 4.7392 ms/op
WorkloadActual  83: 128 op, 615991500.00 ns, 4.8124 ms/op
WorkloadActual  84: 128 op, 607107100.00 ns, 4.7430 ms/op
WorkloadActual  85: 128 op, 612938900.00 ns, 4.7886 ms/op
WorkloadActual  86: 128 op, 604812600.00 ns, 4.7251 ms/op
WorkloadActual  87: 128 op, 620936200.00 ns, 4.8511 ms/op
WorkloadActual  88: 128 op, 619154200.00 ns, 4.8371 ms/op
WorkloadActual  89: 128 op, 605633800.00 ns, 4.7315 ms/op
WorkloadActual  90: 128 op, 610655500.00 ns, 4.7707 ms/op
WorkloadActual  91: 128 op, 610721800.00 ns, 4.7713 ms/op
WorkloadActual  92: 128 op, 608436300.00 ns, 4.7534 ms/op
WorkloadActual  93: 128 op, 616269400.00 ns, 4.8146 ms/op
WorkloadActual  94: 128 op, 617601700.00 ns, 4.8250 ms/op
WorkloadActual  95: 128 op, 614290400.00 ns, 4.7991 ms/op
WorkloadActual  96: 128 op, 611223500.00 ns, 4.7752 ms/op
WorkloadActual  97: 128 op, 626291300.00 ns, 4.8929 ms/op

// AfterActualRun
WorkloadResult   1: 128 op, 655014400.00 ns, 5.1173 ms/op
WorkloadResult   2: 128 op, 663161100.00 ns, 5.1809 ms/op
WorkloadResult   3: 128 op, 649177300.00 ns, 5.0717 ms/op
WorkloadResult   4: 128 op, 657419500.00 ns, 5.1361 ms/op
WorkloadResult   5: 128 op, 651960100.00 ns, 5.0934 ms/op
WorkloadResult   6: 128 op, 670180700.00 ns, 5.2358 ms/op
WorkloadResult   7: 128 op, 669328300.00 ns, 5.2291 ms/op
WorkloadResult   8: 128 op, 693345900.00 ns, 5.4168 ms/op
WorkloadResult   9: 128 op, 717997300.00 ns, 5.6094 ms/op
WorkloadResult  10: 128 op, 736389200.00 ns, 5.7530 ms/op
WorkloadResult  11: 128 op, 706833700.00 ns, 5.5221 ms/op
WorkloadResult  12: 128 op, 720952200.00 ns, 5.6324 ms/op
WorkloadResult  13: 128 op, 715527700.00 ns, 5.5901 ms/op
WorkloadResult  14: 128 op, 718520900.00 ns, 5.6134 ms/op
WorkloadResult  15: 128 op, 727847000.00 ns, 5.6863 ms/op
WorkloadResult  16: 128 op, 704976400.00 ns, 5.5076 ms/op
WorkloadResult  17: 128 op, 654877200.00 ns, 5.1162 ms/op
WorkloadResult  18: 128 op, 664011600.00 ns, 5.1876 ms/op
WorkloadResult  19: 128 op, 661297300.00 ns, 5.1664 ms/op
WorkloadResult  20: 128 op, 666131200.00 ns, 5.2042 ms/op
WorkloadResult  21: 128 op, 647004400.00 ns, 5.0547 ms/op
WorkloadResult  22: 128 op, 652689800.00 ns, 5.0991 ms/op
WorkloadResult  23: 128 op, 642915700.00 ns, 5.0228 ms/op
WorkloadResult  24: 128 op, 653668300.00 ns, 5.1068 ms/op
WorkloadResult  25: 128 op, 661711200.00 ns, 5.1696 ms/op
WorkloadResult  26: 128 op, 657408700.00 ns, 5.1360 ms/op
WorkloadResult  27: 128 op, 642077300.00 ns, 5.0162 ms/op
WorkloadResult  28: 128 op, 653083800.00 ns, 5.1022 ms/op
WorkloadResult  29: 128 op, 649424100.00 ns, 5.0736 ms/op
WorkloadResult  30: 128 op, 646404200.00 ns, 5.0500 ms/op
WorkloadResult  31: 128 op, 631625000.00 ns, 4.9346 ms/op
WorkloadResult  32: 128 op, 644810800.00 ns, 5.0376 ms/op
WorkloadResult  33: 128 op, 626278200.00 ns, 4.8928 ms/op
WorkloadResult  34: 128 op, 630495600.00 ns, 4.9257 ms/op
WorkloadResult  35: 128 op, 638580800.00 ns, 4.9889 ms/op
WorkloadResult  36: 128 op, 623567900.00 ns, 4.8716 ms/op
WorkloadResult  37: 128 op, 632987200.00 ns, 4.9452 ms/op
WorkloadResult  38: 128 op, 684736900.00 ns, 5.3495 ms/op
WorkloadResult  39: 128 op, 638846000.00 ns, 4.9910 ms/op
WorkloadResult  40: 128 op, 633343100.00 ns, 4.9480 ms/op
WorkloadResult  41: 128 op, 627400300.00 ns, 4.9016 ms/op
WorkloadResult  42: 128 op, 634994000.00 ns, 4.9609 ms/op
WorkloadResult  43: 128 op, 701964100.00 ns, 5.4841 ms/op
WorkloadResult  44: 128 op, 622226900.00 ns, 4.8611 ms/op
WorkloadResult  45: 128 op, 629662900.00 ns, 4.9192 ms/op
WorkloadResult  46: 128 op, 653160900.00 ns, 5.1028 ms/op
WorkloadResult  47: 128 op, 626334200.00 ns, 4.8932 ms/op
WorkloadResult  48: 128 op, 631975500.00 ns, 4.9373 ms/op
WorkloadResult  49: 128 op, 634199300.00 ns, 4.9547 ms/op
WorkloadResult  50: 128 op, 640137700.00 ns, 5.0011 ms/op
WorkloadResult  51: 128 op, 693850900.00 ns, 5.4207 ms/op
WorkloadResult  52: 128 op, 703170600.00 ns, 5.4935 ms/op
WorkloadResult  53: 128 op, 713800700.00 ns, 5.5766 ms/op
WorkloadResult  54: 128 op, 704464800.00 ns, 5.5036 ms/op
WorkloadResult  55: 128 op, 708118100.00 ns, 5.5322 ms/op
WorkloadResult  56: 128 op, 699529200.00 ns, 5.4651 ms/op
WorkloadResult  57: 128 op, 693112000.00 ns, 5.4149 ms/op
WorkloadResult  58: 128 op, 689432700.00 ns, 5.3862 ms/op
WorkloadResult  59: 128 op, 703501900.00 ns, 5.4961 ms/op
WorkloadResult  60: 128 op, 699770900.00 ns, 5.4670 ms/op
WorkloadResult  61: 128 op, 689510300.00 ns, 5.3868 ms/op
WorkloadResult  62: 128 op, 631509500.00 ns, 4.9337 ms/op
WorkloadResult  63: 128 op, 622878600.00 ns, 4.8662 ms/op
WorkloadResult  64: 128 op, 617601100.00 ns, 4.8250 ms/op
WorkloadResult  65: 128 op, 612727600.00 ns, 4.7869 ms/op
WorkloadResult  66: 128 op, 628623500.00 ns, 4.9111 ms/op
WorkloadResult  67: 128 op, 607560300.00 ns, 4.7466 ms/op
WorkloadResult  68: 128 op, 616544100.00 ns, 4.8168 ms/op
WorkloadResult  69: 128 op, 603520000.00 ns, 4.7150 ms/op
WorkloadResult  70: 128 op, 616210300.00 ns, 4.8141 ms/op
WorkloadResult  71: 128 op, 617054800.00 ns, 4.8207 ms/op
WorkloadResult  72: 128 op, 615480400.00 ns, 4.8084 ms/op
WorkloadResult  73: 128 op, 615913600.00 ns, 4.8118 ms/op
WorkloadResult  74: 128 op, 614404900.00 ns, 4.8000 ms/op
WorkloadResult  75: 128 op, 620017800.00 ns, 4.8439 ms/op
WorkloadResult  76: 128 op, 626814700.00 ns, 4.8970 ms/op
WorkloadResult  77: 128 op, 612680200.00 ns, 4.7866 ms/op
WorkloadResult  78: 128 op, 621097400.00 ns, 4.8523 ms/op
WorkloadResult  79: 128 op, 603993600.00 ns, 4.7187 ms/op
WorkloadResult  80: 128 op, 606622000.00 ns, 4.7392 ms/op
WorkloadResult  81: 128 op, 615990400.00 ns, 4.8124 ms/op
WorkloadResult  82: 128 op, 607106000.00 ns, 4.7430 ms/op
WorkloadResult  83: 128 op, 612937800.00 ns, 4.7886 ms/op
WorkloadResult  84: 128 op, 604811500.00 ns, 4.7251 ms/op
WorkloadResult  85: 128 op, 620935100.00 ns, 4.8511 ms/op
WorkloadResult  86: 128 op, 619153100.00 ns, 4.8371 ms/op
WorkloadResult  87: 128 op, 605632700.00 ns, 4.7315 ms/op
WorkloadResult  88: 128 op, 610654400.00 ns, 4.7707 ms/op
WorkloadResult  89: 128 op, 610720700.00 ns, 4.7713 ms/op
WorkloadResult  90: 128 op, 608435200.00 ns, 4.7534 ms/op
WorkloadResult  91: 128 op, 616268300.00 ns, 4.8146 ms/op
WorkloadResult  92: 128 op, 617600600.00 ns, 4.8250 ms/op
WorkloadResult  93: 128 op, 614289300.00 ns, 4.7991 ms/op
WorkloadResult  94: 128 op, 611222400.00 ns, 4.7752 ms/op
WorkloadResult  95: 128 op, 626290200.00 ns, 4.8929 ms/op
// GC:  42 42 42 696316704 128
// Threading:  0 0 128

// AfterAll
// Benchmark Process 6720 has exited with code 0.

Mean = 5.067 ms, StdErr = 0.029 ms (0.57%), N = 95, StdDev = 0.283 ms
Min = 4.715 ms, Q1 = 4.825 ms, Median = 4.989 ms, Q3 = 5.217 ms, Max = 5.753 ms
IQR = 0.392 ms, LowerFence = 4.238 ms, UpperFence = 5.804 ms
ConfidenceInterval = [4.968 ms; 5.165 ms] (CI 99.9%), Margin = 0.099 ms (1.94% of Mean)
Skewness = 0.73, Kurtosis = 2.29, MValue = 2.35

// ** Remained 0 (0.0 %) benchmark(s) to run. Estimated finish 2026-06-08 15:59 (0h 0m from now) **
Successfully reverted power plan (GUID: 381b4222-f694-41f0-9685-ff5bb260df2e FriendlyName: Equilibrado)
// ***** BenchmarkRunner: Finish  *****

// * Export *
  BenchmarkDotNet.Artifacts\results\FabricaHilos.Sire.Benchmarks.SirePerformanceBenchmarks-report.csv
  BenchmarkDotNet.Artifacts\results\FabricaHilos.Sire.Benchmarks.SirePerformanceBenchmarks-report-github.md
  BenchmarkDotNet.Artifacts\results\FabricaHilos.Sire.Benchmarks.SirePerformanceBenchmarks-report.html

// * Detailed results *
SirePerformanceBenchmarks.GenerarVentasTxt_Small: DefaultJob
Runtime = .NET 8.0.27 (8.0.2726.22922), X64 RyuJIT AVX2; GC = Non-concurrent Workstation
Mean = 75.003 μs, StdErr = 0.301 μs (0.40%), N = 14, StdDev = 1.127 μs
Min = 73.663 μs, Q1 = 74.102 μs, Median = 74.764 μs, Q3 = 75.453 μs, Max = 77.547 μs
IQR = 1.351 μs, LowerFence = 72.076 μs, UpperFence = 77.479 μs
ConfidenceInterval = [73.732 μs; 76.275 μs] (CI 99.9%), Margin = 1.271 μs (1.70% of Mean)
Skewness = 0.81, Kurtosis = 2.58, MValue = 2
-------------------- Histogram --------------------
[73.642 μs ; 77.893 μs) | @@@@@@@@@@@@@@
---------------------------------------------------

SirePerformanceBenchmarks.GenerarVentasTxt_Large: DefaultJob
Runtime = .NET 8.0.27 (8.0.2726.22922), X64 RyuJIT AVX2; GC = Non-concurrent Workstation
Mean = 5.585 ms, StdErr = 0.028 ms (0.50%), N = 36, StdDev = 0.167 ms
Min = 5.314 ms, Q1 = 5.493 ms, Median = 5.562 ms, Q3 = 5.677 ms, Max = 6.002 ms
IQR = 0.184 ms, LowerFence = 5.218 ms, UpperFence = 5.952 ms
ConfidenceInterval = [5.485 ms; 5.685 ms] (CI 99.9%), Margin = 0.100 ms (1.79% of Mean)
Skewness = 0.5, Kurtosis = 2.79, MValue = 2
-------------------- Histogram --------------------
[5.303 ms ; 5.436 ms) | @@@@@@@@
[5.436 ms ; 5.633 ms) | @@@@@@@@@@@@@@@@
[5.633 ms ; 5.827 ms) | @@@@@@@@
[5.827 ms ; 6.068 ms) | @@@@
---------------------------------------------------

SirePerformanceBenchmarks.GenerarComprasTxt_Small: DefaultJob
Runtime = .NET 8.0.27 (8.0.2726.22922), X64 RyuJIT AVX2; GC = Non-concurrent Workstation
Mean = 67.373 μs, StdErr = 0.295 μs (0.44%), N = 42, StdDev = 1.910 μs
Min = 65.469 μs, Q1 = 66.300 μs, Median = 66.646 μs, Q3 = 67.587 μs, Max = 73.366 μs
IQR = 1.287 μs, LowerFence = 64.369 μs, UpperFence = 69.517 μs
ConfidenceInterval = [66.328 μs; 68.417 μs] (CI 99.9%), Margin = 1.045 μs (1.55% of Mean)
Skewness = 1.85, Kurtosis = 5.43, MValue = 2
-------------------- Histogram --------------------
[64.747 μs ; 67.248 μs) | @@@@@@@@@@@@@@@@@@@@@@@@@@@@@@
[67.248 μs ; 68.697 μs) | @@@@@@
[68.697 μs ; 70.277 μs) | @
[70.277 μs ; 73.475 μs) | @@@@@
---------------------------------------------------

SirePerformanceBenchmarks.GenerarComprasTxt_Large: DefaultJob
Runtime = .NET 8.0.27 (8.0.2726.22922), X64 RyuJIT AVX2; GC = Non-concurrent Workstation
Mean = 5.067 ms, StdErr = 0.029 ms (0.57%), N = 95, StdDev = 0.283 ms
Min = 4.715 ms, Q1 = 4.825 ms, Median = 4.989 ms, Q3 = 5.217 ms, Max = 5.753 ms
IQR = 0.392 ms, LowerFence = 4.238 ms, UpperFence = 5.804 ms
ConfidenceInterval = [4.968 ms; 5.165 ms] (CI 99.9%), Margin = 0.099 ms (1.94% of Mean)
Skewness = 0.73, Kurtosis = 2.29, MValue = 2.35
-------------------- Histogram --------------------
[4.634 ms ; 4.786 ms) | @@@@@@@@@@@
[4.786 ms ; 4.949 ms) | @@@@@@@@@@@@@@@@@@@@@@@@@@@@@@@@@@
[4.949 ms ; 5.144 ms) | @@@@@@@@@@@@@@@@@@@@@
[5.144 ms ; 5.378 ms) | @@@@@@@@
[5.378 ms ; 5.540 ms) | @@@@@@@@@@@@@@
[5.540 ms ; 5.713 ms) | @@@@@@
[5.713 ms ; 5.834 ms) | @
---------------------------------------------------

// * Summary *

BenchmarkDotNet v0.15.2, Windows 11 (10.0.26200.8457)
12th Gen Intel Core i5-12400 2.50GHz, 1 CPU, 12 logical and 6 physical cores
.NET SDK 10.0.300
  [Host]     : .NET 8.0.27 (8.0.2726.22922), X64 RyuJIT AVX2
  DefaultJob : .NET 8.0.27 (8.0.2726.22922), X64 RyuJIT AVX2


| Method                  | Mean        | Error     | StdDev     | Median      | Gen0     | Gen1     | Gen2     | Allocated  |
|------------------------ |------------:|----------:|-----------:|------------:|---------:|---------:|---------:|-----------:|
| GenerarVentasTxt_Small  |    75.00 μs |  1.271 μs |   1.127 μs |    74.76 μs |  13.9160 |   1.8311 |        - |  128.95 KB |
| GenerarVentasTxt_Large  | 5,585.14 μs | 99.756 μs | 166.670 μs | 5,562.43 μs | 328.1250 | 328.1250 | 328.1250 | 5902.95 KB |
| GenerarComprasTxt_Small |    67.37 μs |  1.045 μs |   1.910 μs |    66.65 μs |  12.9395 |   1.5869 |        - |  119.97 KB |
| GenerarComprasTxt_Large | 5,066.63 μs | 98.504 μs | 282.626 μs | 4,988.91 μs | 328.1250 | 328.1250 | 328.1250 | 5312.47 KB |

// * Hints *
Outliers
  SirePerformanceBenchmarks.GenerarVentasTxt_Small: Default  -> 1 outlier  was  removed (81.37 μs)
  SirePerformanceBenchmarks.GenerarVentasTxt_Large: Default  -> 5 outliers were removed (6.06 ms..6.52 ms)
  SirePerformanceBenchmarks.GenerarComprasTxt_Small: Default -> 7 outliers were removed (73.62 μs..77.18 μs)
  SirePerformanceBenchmarks.GenerarComprasTxt_Large: Default -> 2 outliers were removed (5.86 ms, 5.88 ms)

// * Legends *
  Mean      : Arithmetic mean of all measurements
  Error     : Half of 99.9% confidence interval
  StdDev    : Standard deviation of all measurements
  Median    : Value separating the higher half of all measurements (50th percentile)
  Gen0      : GC Generation 0 collects per 1000 operations
  Gen1      : GC Generation 1 collects per 1000 operations
  Gen2      : GC Generation 2 collects per 1000 operations
  Allocated : Allocated memory per single operation (managed only, inclusive, 1KB = 1024B)
  1 μs      : 1 Microsecond (0.000001 sec)

// * Diagnostic Output - MemoryDiagnoser *


// ***** BenchmarkRunner: End *****
Run time: 00:02:20 (140.95 sec), executed benchmarks: 4

Global total time: 00:02:25 (145.23 sec), executed benchmarks: 4
// * Artifacts cleanup *
Artifacts cleanup is finished
