// Validating benchmarks:
// ***** BenchmarkRunner: Start   *****
// ***** Found 4 benchmark(s) in total *****
// ***** Building 1 exe(s) in Parallel: Start   *****
// start dotnet  restore /p:UseSharedCompilation=false /p:BuildInParallel=false /m:1 /p:Deterministic=true /p:Optimize=true /p:ArtifactsPath="D:\.Net\Dev\FabricaHilosRepository\BenchmarkSuite1\bin\Release\net8.0\BenchmarkSuite1-DefaultJob-1/" /p:OutDir="D:\.Net\Dev\FabricaHilosRepository\BenchmarkSuite1\bin\Release\net8.0\BenchmarkSuite1-DefaultJob-1\bin\Release\net8.0/" /p:OutputPath="D:\.Net\Dev\FabricaHilosRepository\BenchmarkSuite1\bin\Release\net8.0\BenchmarkSuite1-DefaultJob-1\bin\Release\net8.0/" /p:PublishDir="D:\.Net\Dev\FabricaHilosRepository\BenchmarkSuite1\bin\Release\net8.0\BenchmarkSuite1-DefaultJob-1\publish/" in D:\.Net\Dev\FabricaHilosRepository\BenchmarkSuite1\bin\Release\net8.0\BenchmarkSuite1-DefaultJob-1
// command took 4.45 sec and exited with 0
// start dotnet  build -c Release --no-restore /p:UseSharedCompilation=false /p:BuildInParallel=false /m:1 /p:Deterministic=true /p:Optimize=true /p:ArtifactsPath="D:\.Net\Dev\FabricaHilosRepository\BenchmarkSuite1\bin\Release\net8.0\BenchmarkSuite1-DefaultJob-1/" /p:OutDir="D:\.Net\Dev\FabricaHilosRepository\BenchmarkSuite1\bin\Release\net8.0\BenchmarkSuite1-DefaultJob-1\bin\Release\net8.0/" /p:OutputPath="D:\.Net\Dev\FabricaHilosRepository\BenchmarkSuite1\bin\Release\net8.0\BenchmarkSuite1-DefaultJob-1\bin\Release\net8.0/" /p:PublishDir="D:\.Net\Dev\FabricaHilosRepository\BenchmarkSuite1\bin\Release\net8.0\BenchmarkSuite1-DefaultJob-1\publish/" --output "D:\.Net\Dev\FabricaHilosRepository\BenchmarkSuite1\bin\Release\net8.0\BenchmarkSuite1-DefaultJob-1\bin\Release\net8.0/" in D:\.Net\Dev\FabricaHilosRepository\BenchmarkSuite1\bin\Release\net8.0\BenchmarkSuite1-DefaultJob-1
// command took 5.93 sec and exited with 0
// ***** Done, took 00:00:11 (11.07 sec)   *****
// Found 4 benchmarks:
//   SirePerformanceBenchmarks.GenerarVentasTxt_Small: DefaultJob
//   SirePerformanceBenchmarks.GenerarVentasTxt_Large: DefaultJob
//   SirePerformanceBenchmarks.GenerarComprasTxt_Small: DefaultJob
//   SirePerformanceBenchmarks.GenerarComprasTxt_Large: DefaultJob

Setup power plan (GUID: 8c5e7fda-e8bf-4a96-9a85-a6e23a8c635c FriendlyName: Alto rendimiento)
// **************************
// Benchmark: SirePerformanceBenchmarks.GenerarVentasTxt_Small: DefaultJob
// *** Execute ***
// Launch: 1 / 1
// Execute: dotnet BenchmarkSuite1-DefaultJob-1.dll --anonymousPipes 10148 10208 --benchmarkName FabricaHilos.Sire.Benchmarks.SirePerformanceBenchmarks.GenerarVentasTxt_Small --job Default --benchmarkId 0 in D:\.Net\Dev\FabricaHilosRepository\BenchmarkSuite1\bin\Release\net8.0\BenchmarkSuite1-DefaultJob-1\bin\Release\net8.0
// BeforeAnythingElse

// Benchmark Process Environment Information:
// BenchmarkDotNet v0.15.2
// Runtime=.NET 8.0.27 (8.0.2726.22922), X64 RyuJIT AVX2
// GC=Non-concurrent Workstation
// HardwareIntrinsics=AVX2,AES,BMI1,BMI2,FMA,LZCNT,PCLMUL,POPCNT,AvxVnni,SERIALIZE VectorSize=256
// Job: DefaultJob

OverheadJitting  1: 1 op, 130500.00 ns, 130.5000 us/op
WorkloadJitting  1: 1 op, 1522100.00 ns, 1.5221 ms/op

OverheadJitting  2: 16 op, 330500.00 ns, 20.6563 us/op
WorkloadJitting  2: 16 op, 2788500.00 ns, 174.2813 us/op

WorkloadPilot    1: 16 op, 2158500.00 ns, 134.9063 us/op
WorkloadPilot    2: 32 op, 5194600.00 ns, 162.3313 us/op
WorkloadPilot    3: 64 op, 8774500.00 ns, 137.1016 us/op
WorkloadPilot    4: 128 op, 22582400.00 ns, 176.4250 us/op
WorkloadPilot    5: 256 op, 42555900.00 ns, 166.2340 us/op
WorkloadPilot    6: 512 op, 73872400.00 ns, 144.2820 us/op
WorkloadPilot    7: 1024 op, 189074200.00 ns, 184.6428 us/op
WorkloadPilot    8: 2048 op, 199806800.00 ns, 97.5619 us/op
WorkloadPilot    9: 4096 op, 406211700.00 ns, 99.1728 us/op
WorkloadPilot   10: 8192 op, 674304200.00 ns, 82.3125 us/op

OverheadWarmup   1: 8192 op, 24700.00 ns, 3.0151 ns/op
OverheadWarmup   2: 8192 op, 23400.00 ns, 2.8564 ns/op
OverheadWarmup   3: 8192 op, 23500.00 ns, 2.8687 ns/op
OverheadWarmup   4: 8192 op, 23800.00 ns, 2.9053 ns/op
OverheadWarmup   5: 8192 op, 26900.00 ns, 3.2837 ns/op
OverheadWarmup   6: 8192 op, 23300.00 ns, 2.8442 ns/op
OverheadWarmup   7: 8192 op, 23300.00 ns, 2.8442 ns/op
OverheadWarmup   8: 8192 op, 23300.00 ns, 2.8442 ns/op

OverheadActual   1: 8192 op, 25800.00 ns, 3.1494 ns/op
OverheadActual   2: 8192 op, 23400.00 ns, 2.8564 ns/op
OverheadActual   3: 8192 op, 23300.00 ns, 2.8442 ns/op
OverheadActual   4: 8192 op, 23400.00 ns, 2.8564 ns/op
OverheadActual   5: 8192 op, 23400.00 ns, 2.8564 ns/op
OverheadActual   6: 8192 op, 23400.00 ns, 2.8564 ns/op
OverheadActual   7: 8192 op, 23200.00 ns, 2.8320 ns/op
OverheadActual   8: 8192 op, 23200.00 ns, 2.8320 ns/op
OverheadActual   9: 8192 op, 24700.00 ns, 3.0151 ns/op
OverheadActual  10: 8192 op, 23300.00 ns, 2.8442 ns/op
OverheadActual  11: 8192 op, 24700.00 ns, 3.0151 ns/op
OverheadActual  12: 8192 op, 23400.00 ns, 2.8564 ns/op
OverheadActual  13: 8192 op, 23400.00 ns, 2.8564 ns/op
OverheadActual  14: 8192 op, 23200.00 ns, 2.8320 ns/op
OverheadActual  15: 8192 op, 23300.00 ns, 2.8442 ns/op

OverheadWarmup   1: 8192 op, 23300.00 ns, 2.8442 ns/op
OverheadWarmup   2: 8192 op, 24600.00 ns, 3.0029 ns/op
OverheadWarmup   3: 8192 op, 22900.00 ns, 2.7954 ns/op
OverheadWarmup   4: 8192 op, 22700.00 ns, 2.7710 ns/op
OverheadWarmup   5: 8192 op, 22600.00 ns, 2.7588 ns/op
OverheadWarmup   6: 8192 op, 23700.00 ns, 2.8931 ns/op
OverheadWarmup   7: 8192 op, 22900.00 ns, 2.7954 ns/op

// BeforeActualRun
WorkloadActual   1: 8192 op, 654382500.00 ns, 79.8807 us/op
WorkloadActual   2: 8192 op, 652209000.00 ns, 79.6154 us/op
WorkloadActual   3: 8192 op, 653163900.00 ns, 79.7319 us/op
WorkloadActual   4: 8192 op, 648190200.00 ns, 79.1248 us/op
WorkloadActual   5: 8192 op, 649438600.00 ns, 79.2772 us/op
WorkloadActual   6: 8192 op, 653759500.00 ns, 79.8046 us/op
WorkloadActual   7: 8192 op, 650154400.00 ns, 79.3646 us/op
WorkloadActual   8: 8192 op, 645455800.00 ns, 78.7910 us/op
WorkloadActual   9: 8192 op, 647810800.00 ns, 79.0785 us/op
WorkloadActual  10: 8192 op, 677113000.00 ns, 82.6554 us/op
WorkloadActual  11: 8192 op, 671386800.00 ns, 81.9564 us/op
WorkloadActual  12: 8192 op, 654889400.00 ns, 79.9426 us/op
WorkloadActual  13: 8192 op, 707375600.00 ns, 86.3496 us/op
WorkloadActual  14: 8192 op, 731506300.00 ns, 89.2952 us/op
WorkloadActual  15: 8192 op, 787395800.00 ns, 96.1177 us/op
WorkloadActual  16: 8192 op, 717329700.00 ns, 87.5647 us/op
WorkloadActual  17: 8192 op, 766739100.00 ns, 93.5961 us/op
WorkloadActual  18: 8192 op, 765641800.00 ns, 93.4621 us/op
WorkloadActual  19: 8192 op, 730147300.00 ns, 89.1293 us/op
WorkloadActual  20: 8192 op, 758557400.00 ns, 92.5973 us/op
WorkloadActual  21: 8192 op, 795747400.00 ns, 97.1371 us/op
WorkloadActual  22: 8192 op, 754700800.00 ns, 92.1266 us/op
WorkloadActual  23: 8192 op, 705285500.00 ns, 86.0944 us/op
WorkloadActual  24: 8192 op, 782090900.00 ns, 95.4701 us/op
WorkloadActual  25: 8192 op, 733643000.00 ns, 89.5560 us/op
WorkloadActual  26: 8192 op, 727735000.00 ns, 88.8348 us/op
WorkloadActual  27: 8192 op, 782795100.00 ns, 95.5560 us/op
WorkloadActual  28: 8192 op, 736978100.00 ns, 89.9631 us/op
WorkloadActual  29: 8192 op, 729664000.00 ns, 89.0703 us/op
WorkloadActual  30: 8192 op, 723016300.00 ns, 88.2588 us/op
WorkloadActual  31: 8192 op, 771976400.00 ns, 94.2354 us/op
WorkloadActual  32: 8192 op, 752630700.00 ns, 91.8739 us/op
WorkloadActual  33: 8192 op, 764282300.00 ns, 93.2962 us/op
WorkloadActual  34: 8192 op, 772454400.00 ns, 94.2938 us/op
WorkloadActual  35: 8192 op, 782792100.00 ns, 95.5557 us/op
WorkloadActual  36: 8192 op, 765226200.00 ns, 93.4114 us/op
WorkloadActual  37: 8192 op, 794915400.00 ns, 97.0356 us/op
WorkloadActual  38: 8192 op, 789235100.00 ns, 96.3422 us/op
WorkloadActual  39: 8192 op, 828652700.00 ns, 101.1539 us/op
WorkloadActual  40: 8192 op, 820151000.00 ns, 100.1161 us/op
WorkloadActual  41: 8192 op, 764626300.00 ns, 93.3382 us/op
WorkloadActual  42: 8192 op, 780072300.00 ns, 95.2237 us/op
WorkloadActual  43: 8192 op, 735810400.00 ns, 89.8206 us/op
WorkloadActual  44: 8192 op, 750938500.00 ns, 91.6673 us/op
WorkloadActual  45: 8192 op, 767038200.00 ns, 93.6326 us/op
WorkloadActual  46: 8192 op, 729827900.00 ns, 89.0903 us/op
WorkloadActual  47: 8192 op, 721659600.00 ns, 88.0932 us/op
WorkloadActual  48: 8192 op, 749862800.00 ns, 91.5360 us/op
WorkloadActual  49: 8192 op, 738863300.00 ns, 90.1933 us/op
WorkloadActual  50: 8192 op, 694626100.00 ns, 84.7932 us/op
WorkloadActual  51: 8192 op, 697373500.00 ns, 85.1286 us/op
WorkloadActual  52: 8192 op, 696283300.00 ns, 84.9955 us/op
WorkloadActual  53: 8192 op, 655312200.00 ns, 79.9942 us/op
WorkloadActual  54: 8192 op, 674796600.00 ns, 82.3726 us/op
WorkloadActual  55: 8192 op, 667801400.00 ns, 81.5187 us/op
WorkloadActual  56: 8192 op, 655776400.00 ns, 80.0508 us/op
WorkloadActual  57: 8192 op, 667118100.00 ns, 81.4353 us/op
WorkloadActual  58: 8192 op, 667248800.00 ns, 81.4513 us/op
WorkloadActual  59: 8192 op, 650515900.00 ns, 79.4087 us/op
WorkloadActual  60: 8192 op, 667745700.00 ns, 81.5119 us/op
WorkloadActual  61: 8192 op, 662341700.00 ns, 80.8523 us/op
WorkloadActual  62: 8192 op, 702754200.00 ns, 85.7854 us/op
WorkloadActual  63: 8192 op, 674819100.00 ns, 82.3754 us/op
WorkloadActual  64: 8192 op, 675876200.00 ns, 82.5044 us/op
WorkloadActual  65: 8192 op, 658781200.00 ns, 80.4176 us/op
WorkloadActual  66: 8192 op, 657646200.00 ns, 80.2791 us/op
WorkloadActual  67: 8192 op, 659786700.00 ns, 80.5404 us/op
WorkloadActual  68: 8192 op, 659513700.00 ns, 80.5070 us/op
WorkloadActual  69: 8192 op, 665755700.00 ns, 81.2690 us/op
WorkloadActual  70: 8192 op, 655114800.00 ns, 79.9701 us/op
WorkloadActual  71: 8192 op, 645251200.00 ns, 78.7660 us/op
WorkloadActual  72: 8192 op, 658411400.00 ns, 80.3725 us/op
WorkloadActual  73: 8192 op, 663461900.00 ns, 80.9890 us/op
WorkloadActual  74: 8192 op, 652897000.00 ns, 79.6993 us/op
WorkloadActual  75: 8192 op, 664100900.00 ns, 81.0670 us/op
WorkloadActual  76: 8192 op, 656914900.00 ns, 80.1898 us/op
WorkloadActual  77: 8192 op, 654089400.00 ns, 79.8449 us/op
WorkloadActual  78: 8192 op, 665055300.00 ns, 81.1835 us/op
WorkloadActual  79: 8192 op, 748858500.00 ns, 91.4134 us/op
WorkloadActual  80: 8192 op, 745662100.00 ns, 91.0232 us/op
WorkloadActual  81: 8192 op, 739021000.00 ns, 90.2125 us/op
WorkloadActual  82: 8192 op, 763961700.00 ns, 93.2570 us/op
WorkloadActual  83: 8192 op, 714841300.00 ns, 87.2609 us/op
WorkloadActual  84: 8192 op, 658924200.00 ns, 80.4351 us/op
WorkloadActual  85: 8192 op, 647862300.00 ns, 79.0848 us/op
WorkloadActual  86: 8192 op, 654021600.00 ns, 79.8366 us/op
WorkloadActual  87: 8192 op, 650183700.00 ns, 79.3681 us/op
WorkloadActual  88: 8192 op, 651911800.00 ns, 79.5791 us/op
WorkloadActual  89: 8192 op, 646032100.00 ns, 78.8613 us/op
WorkloadActual  90: 8192 op, 645447000.00 ns, 78.7899 us/op
WorkloadActual  91: 8192 op, 651547600.00 ns, 79.5346 us/op
WorkloadActual  92: 8192 op, 652627700.00 ns, 79.6665 us/op
WorkloadActual  93: 8192 op, 650176500.00 ns, 79.3672 us/op
WorkloadActual  94: 8192 op, 647295300.00 ns, 79.0155 us/op
WorkloadActual  95: 8192 op, 645361100.00 ns, 78.7794 us/op
WorkloadActual  96: 8192 op, 653154300.00 ns, 79.7307 us/op
WorkloadActual  97: 8192 op, 660357900.00 ns, 80.6101 us/op
WorkloadActual  98: 8192 op, 649337900.00 ns, 79.2649 us/op
WorkloadActual  99: 8192 op, 651236700.00 ns, 79.4967 us/op
WorkloadActual  100: 8192 op, 651841300.00 ns, 79.5705 us/op

// AfterActualRun
WorkloadResult   1: 8192 op, 654359100.00 ns, 79.8778 us/op
WorkloadResult   2: 8192 op, 652185600.00 ns, 79.6125 us/op
WorkloadResult   3: 8192 op, 653140500.00 ns, 79.7291 us/op
WorkloadResult   4: 8192 op, 648166800.00 ns, 79.1219 us/op
WorkloadResult   5: 8192 op, 649415200.00 ns, 79.2743 us/op
WorkloadResult   6: 8192 op, 653736100.00 ns, 79.8018 us/op
WorkloadResult   7: 8192 op, 650131000.00 ns, 79.3617 us/op
WorkloadResult   8: 8192 op, 645432400.00 ns, 78.7881 us/op
WorkloadResult   9: 8192 op, 647787400.00 ns, 79.0756 us/op
WorkloadResult  10: 8192 op, 677089600.00 ns, 82.6525 us/op
WorkloadResult  11: 8192 op, 671363400.00 ns, 81.9535 us/op
WorkloadResult  12: 8192 op, 654866000.00 ns, 79.9397 us/op
WorkloadResult  13: 8192 op, 707352200.00 ns, 86.3467 us/op
WorkloadResult  14: 8192 op, 731482900.00 ns, 89.2923 us/op
WorkloadResult  15: 8192 op, 787372400.00 ns, 96.1148 us/op
WorkloadResult  16: 8192 op, 717306300.00 ns, 87.5618 us/op
WorkloadResult  17: 8192 op, 766715700.00 ns, 93.5932 us/op
WorkloadResult  18: 8192 op, 765618400.00 ns, 93.4593 us/op
WorkloadResult  19: 8192 op, 730123900.00 ns, 89.1265 us/op
WorkloadResult  20: 8192 op, 758534000.00 ns, 92.5945 us/op
WorkloadResult  21: 8192 op, 795724000.00 ns, 97.1343 us/op
WorkloadResult  22: 8192 op, 754677400.00 ns, 92.1237 us/op
WorkloadResult  23: 8192 op, 705262100.00 ns, 86.0916 us/op
WorkloadResult  24: 8192 op, 782067500.00 ns, 95.4672 us/op
WorkloadResult  25: 8192 op, 733619600.00 ns, 89.5532 us/op
WorkloadResult  26: 8192 op, 727711600.00 ns, 88.8320 us/op
WorkloadResult  27: 8192 op, 782771700.00 ns, 95.5532 us/op
WorkloadResult  28: 8192 op, 736954700.00 ns, 89.9603 us/op
WorkloadResult  29: 8192 op, 729640600.00 ns, 89.0675 us/op
WorkloadResult  30: 8192 op, 722992900.00 ns, 88.2560 us/op
WorkloadResult  31: 8192 op, 771953000.00 ns, 94.2325 us/op
WorkloadResult  32: 8192 op, 752607300.00 ns, 91.8710 us/op
WorkloadResult  33: 8192 op, 764258900.00 ns, 93.2933 us/op
WorkloadResult  34: 8192 op, 772431000.00 ns, 94.2909 us/op
WorkloadResult  35: 8192 op, 782768700.00 ns, 95.5528 us/op
WorkloadResult  36: 8192 op, 765202800.00 ns, 93.4085 us/op
WorkloadResult  37: 8192 op, 794892000.00 ns, 97.0327 us/op
WorkloadResult  38: 8192 op, 789211700.00 ns, 96.3393 us/op
WorkloadResult  39: 8192 op, 828629300.00 ns, 101.1510 us/op
WorkloadResult  40: 8192 op, 820127600.00 ns, 100.1132 us/op
WorkloadResult  41: 8192 op, 764602900.00 ns, 93.3353 us/op
WorkloadResult  42: 8192 op, 780048900.00 ns, 95.2208 us/op
WorkloadResult  43: 8192 op, 735787000.00 ns, 89.8177 us/op
WorkloadResult  44: 8192 op, 750915100.00 ns, 91.6644 us/op
WorkloadResult  45: 8192 op, 767014800.00 ns, 93.6297 us/op
WorkloadResult  46: 8192 op, 729804500.00 ns, 89.0875 us/op
WorkloadResult  47: 8192 op, 721636200.00 ns, 88.0904 us/op
WorkloadResult  48: 8192 op, 749839400.00 ns, 91.5331 us/op
WorkloadResult  49: 8192 op, 738839900.00 ns, 90.1904 us/op
WorkloadResult  50: 8192 op, 694602700.00 ns, 84.7904 us/op
WorkloadResult  51: 8192 op, 697350100.00 ns, 85.1257 us/op
WorkloadResult  52: 8192 op, 696259900.00 ns, 84.9927 us/op
WorkloadResult  53: 8192 op, 655288800.00 ns, 79.9913 us/op
WorkloadResult  54: 8192 op, 674773200.00 ns, 82.3698 us/op
WorkloadResult  55: 8192 op, 667778000.00 ns, 81.5159 us/op
WorkloadResult  56: 8192 op, 655753000.00 ns, 80.0480 us/op
WorkloadResult  57: 8192 op, 667094700.00 ns, 81.4325 us/op
WorkloadResult  58: 8192 op, 667225400.00 ns, 81.4484 us/op
WorkloadResult  59: 8192 op, 650492500.00 ns, 79.4058 us/op
WorkloadResult  60: 8192 op, 667722300.00 ns, 81.5091 us/op
WorkloadResult  61: 8192 op, 662318300.00 ns, 80.8494 us/op
WorkloadResult  62: 8192 op, 702730800.00 ns, 85.7826 us/op
WorkloadResult  63: 8192 op, 674795700.00 ns, 82.3725 us/op
WorkloadResult  64: 8192 op, 675852800.00 ns, 82.5016 us/op
WorkloadResult  65: 8192 op, 658757800.00 ns, 80.4148 us/op
WorkloadResult  66: 8192 op, 657622800.00 ns, 80.2762 us/op
WorkloadResult  67: 8192 op, 659763300.00 ns, 80.5375 us/op
WorkloadResult  68: 8192 op, 659490300.00 ns, 80.5042 us/op
WorkloadResult  69: 8192 op, 665732300.00 ns, 81.2661 us/op
WorkloadResult  70: 8192 op, 655091400.00 ns, 79.9672 us/op
WorkloadResult  71: 8192 op, 645227800.00 ns, 78.7632 us/op
WorkloadResult  72: 8192 op, 658388000.00 ns, 80.3696 us/op
WorkloadResult  73: 8192 op, 663438500.00 ns, 80.9861 us/op
WorkloadResult  74: 8192 op, 652873600.00 ns, 79.6965 us/op
WorkloadResult  75: 8192 op, 664077500.00 ns, 81.0641 us/op
WorkloadResult  76: 8192 op, 656891500.00 ns, 80.1870 us/op
WorkloadResult  77: 8192 op, 654066000.00 ns, 79.8420 us/op
WorkloadResult  78: 8192 op, 665031900.00 ns, 81.1807 us/op
WorkloadResult  79: 8192 op, 748835100.00 ns, 91.4105 us/op
WorkloadResult  80: 8192 op, 745638700.00 ns, 91.0203 us/op
WorkloadResult  81: 8192 op, 738997600.00 ns, 90.2097 us/op
WorkloadResult  82: 8192 op, 763938300.00 ns, 93.2542 us/op
WorkloadResult  83: 8192 op, 714817900.00 ns, 87.2580 us/op
WorkloadResult  84: 8192 op, 658900800.00 ns, 80.4322 us/op
WorkloadResult  85: 8192 op, 647838900.00 ns, 79.0819 us/op
WorkloadResult  86: 8192 op, 653998200.00 ns, 79.8338 us/op
WorkloadResult  87: 8192 op, 650160300.00 ns, 79.3653 us/op
WorkloadResult  88: 8192 op, 651888400.00 ns, 79.5762 us/op
WorkloadResult  89: 8192 op, 646008700.00 ns, 78.8585 us/op
WorkloadResult  90: 8192 op, 645423600.00 ns, 78.7871 us/op
WorkloadResult  91: 8192 op, 651524200.00 ns, 79.5318 us/op
WorkloadResult  92: 8192 op, 652604300.00 ns, 79.6636 us/op
WorkloadResult  93: 8192 op, 650153100.00 ns, 79.3644 us/op
WorkloadResult  94: 8192 op, 647271900.00 ns, 79.0127 us/op
WorkloadResult  95: 8192 op, 645337700.00 ns, 78.7766 us/op
WorkloadResult  96: 8192 op, 653130900.00 ns, 79.7279 us/op
WorkloadResult  97: 8192 op, 660334500.00 ns, 80.6072 us/op
WorkloadResult  98: 8192 op, 649314500.00 ns, 79.2620 us/op
WorkloadResult  99: 8192 op, 651213300.00 ns, 79.4938 us/op
WorkloadResult  100: 8192 op, 651817900.00 ns, 79.5676 us/op
// GC:  115 16 0 1085276160 8192
// Threading:  0 0 8192

// AfterAll
// Benchmark Process 19160 has exited with code 0.

Mean = 85.425 μs, StdErr = 0.636 μs (0.74%), N = 100, StdDev = 6.361 μs
Min = 78.763 μs, Q1 = 79.826 μs, Median = 82.162 μs, Q3 = 91.118 μs, Max = 101.151 μs
IQR = 11.292 μs, LowerFence = 62.888 μs, UpperFence = 108.056 μs
ConfidenceInterval = [83.267 μs; 87.582 μs] (CI 99.9%), Margin = 2.157 μs (2.53% of Mean)
Skewness = 0.61, Kurtosis = 1.94, MValue = 2.83

// ** Remained 3 (75.0 %) benchmark(s) to run. Estimated finish 2026-06-08 15:47 (0h 3m from now) **
Setup power plan (GUID: 8c5e7fda-e8bf-4a96-9a85-a6e23a8c635c FriendlyName: Alto rendimiento)
// **************************
// Benchmark: SirePerformanceBenchmarks.GenerarVentasTxt_Large: DefaultJob
// *** Execute ***
// Launch: 1 / 1
// Execute: dotnet BenchmarkSuite1-DefaultJob-1.dll --anonymousPipes 10012 10108 --benchmarkName FabricaHilos.Sire.Benchmarks.SirePerformanceBenchmarks.GenerarVentasTxt_Large --job Default --benchmarkId 1 in D:\.Net\Dev\FabricaHilosRepository\BenchmarkSuite1\bin\Release\net8.0\BenchmarkSuite1-DefaultJob-1\bin\Release\net8.0
// BeforeAnythingElse

// Benchmark Process Environment Information:
// BenchmarkDotNet v0.15.2
// Runtime=.NET 8.0.27 (8.0.2726.22922), X64 RyuJIT AVX2
// GC=Non-concurrent Workstation
// HardwareIntrinsics=AVX2,AES,BMI1,BMI2,FMA,LZCNT,PCLMUL,POPCNT,AvxVnni,SERIALIZE VectorSize=256
// Job: DefaultJob

OverheadJitting  1: 1 op, 192300.00 ns, 192.3000 us/op
WorkloadJitting  1: 1 op, 8828100.00 ns, 8.8281 ms/op

OverheadJitting  2: 16 op, 327100.00 ns, 20.4438 us/op
WorkloadJitting  2: 16 op, 125615800.00 ns, 7.8510 ms/op

WorkloadPilot    1: 16 op, 113104200.00 ns, 7.0690 ms/op
WorkloadPilot    2: 32 op, 232813600.00 ns, 7.2754 ms/op
WorkloadPilot    3: 64 op, 373078100.00 ns, 5.8293 ms/op
WorkloadPilot    4: 128 op, 747339700.00 ns, 5.8386 ms/op

OverheadWarmup   1: 128 op, 1300.00 ns, 10.1563 ns/op
OverheadWarmup   2: 128 op, 1200.00 ns, 9.3750 ns/op
OverheadWarmup   3: 128 op, 1600.00 ns, 12.5000 ns/op
OverheadWarmup   4: 128 op, 1000.00 ns, 7.8125 ns/op
OverheadWarmup   5: 128 op, 1000.00 ns, 7.8125 ns/op
OverheadWarmup   6: 128 op, 1000.00 ns, 7.8125 ns/op

OverheadActual   1: 128 op, 1100.00 ns, 8.5938 ns/op
OverheadActual   2: 128 op, 1100.00 ns, 8.5938 ns/op
OverheadActual   3: 128 op, 1200.00 ns, 9.3750 ns/op
OverheadActual   4: 128 op, 1200.00 ns, 9.3750 ns/op
OverheadActual   5: 128 op, 1100.00 ns, 8.5938 ns/op
OverheadActual   6: 128 op, 1200.00 ns, 9.3750 ns/op
OverheadActual   7: 128 op, 1000.00 ns, 7.8125 ns/op
OverheadActual   8: 128 op, 1000.00 ns, 7.8125 ns/op
OverheadActual   9: 128 op, 1000.00 ns, 7.8125 ns/op
OverheadActual  10: 128 op, 1000.00 ns, 7.8125 ns/op
OverheadActual  11: 128 op, 1100.00 ns, 8.5938 ns/op
OverheadActual  12: 128 op, 1200.00 ns, 9.3750 ns/op
OverheadActual  13: 128 op, 1000.00 ns, 7.8125 ns/op
OverheadActual  14: 128 op, 1100.00 ns, 8.5938 ns/op
OverheadActual  15: 128 op, 900.00 ns, 7.0313 ns/op
OverheadActual  16: 128 op, 1000.00 ns, 7.8125 ns/op
OverheadActual  17: 128 op, 1100.00 ns, 8.5938 ns/op
OverheadActual  18: 128 op, 1200.00 ns, 9.3750 ns/op
OverheadActual  19: 128 op, 1100.00 ns, 8.5938 ns/op
OverheadActual  20: 128 op, 1000.00 ns, 7.8125 ns/op

OverheadWarmup   1: 128 op, 1400.00 ns, 10.9375 ns/op
OverheadWarmup   2: 128 op, 1000.00 ns, 7.8125 ns/op
OverheadWarmup   3: 128 op, 1100.00 ns, 8.5938 ns/op
OverheadWarmup   4: 128 op, 1000.00 ns, 7.8125 ns/op
OverheadWarmup   5: 128 op, 1000.00 ns, 7.8125 ns/op
OverheadWarmup   6: 128 op, 1900.00 ns, 14.8438 ns/op

// BeforeActualRun
WorkloadActual   1: 128 op, 757720100.00 ns, 5.9197 ms/op
WorkloadActual   2: 128 op, 747262800.00 ns, 5.8380 ms/op
WorkloadActual   3: 128 op, 746915100.00 ns, 5.8353 ms/op
WorkloadActual   4: 128 op, 746296500.00 ns, 5.8304 ms/op
WorkloadActual   5: 128 op, 751553100.00 ns, 5.8715 ms/op
WorkloadActual   6: 128 op, 734486300.00 ns, 5.7382 ms/op
WorkloadActual   7: 128 op, 734535100.00 ns, 5.7386 ms/op
WorkloadActual   8: 128 op, 731553300.00 ns, 5.7153 ms/op
WorkloadActual   9: 128 op, 737565900.00 ns, 5.7622 ms/op
WorkloadActual  10: 128 op, 733985000.00 ns, 5.7343 ms/op
WorkloadActual  11: 128 op, 752857600.00 ns, 5.8817 ms/op
WorkloadActual  12: 128 op, 751183000.00 ns, 5.8686 ms/op
WorkloadActual  13: 128 op, 771143000.00 ns, 6.0246 ms/op
WorkloadActual  14: 128 op, 778000700.00 ns, 6.0781 ms/op
WorkloadActual  15: 128 op, 761199900.00 ns, 5.9469 ms/op

// AfterActualRun
WorkloadResult   1: 128 op, 757719000.00 ns, 5.9197 ms/op
WorkloadResult   2: 128 op, 747261700.00 ns, 5.8380 ms/op
WorkloadResult   3: 128 op, 746914000.00 ns, 5.8353 ms/op
WorkloadResult   4: 128 op, 746295400.00 ns, 5.8304 ms/op
WorkloadResult   5: 128 op, 751552000.00 ns, 5.8715 ms/op
WorkloadResult   6: 128 op, 734485200.00 ns, 5.7382 ms/op
WorkloadResult   7: 128 op, 734534000.00 ns, 5.7385 ms/op
WorkloadResult   8: 128 op, 731552200.00 ns, 5.7153 ms/op
WorkloadResult   9: 128 op, 737564800.00 ns, 5.7622 ms/op
WorkloadResult  10: 128 op, 733983900.00 ns, 5.7342 ms/op
WorkloadResult  11: 128 op, 752856500.00 ns, 5.8817 ms/op
WorkloadResult  12: 128 op, 751181900.00 ns, 5.8686 ms/op
WorkloadResult  13: 128 op, 771141900.00 ns, 6.0245 ms/op
WorkloadResult  14: 128 op, 777999600.00 ns, 6.0781 ms/op
WorkloadResult  15: 128 op, 761198800.00 ns, 5.9469 ms/op
// GC:  42 42 42 773767968 128
// Threading:  0 0 128

// AfterAll
// Benchmark Process 27048 has exited with code 0.

Mean = 5.852 ms, StdErr = 0.028 ms (0.48%), N = 15, StdDev = 0.108 ms
Min = 5.715 ms, Q1 = 5.750 ms, Median = 5.838 ms, Q3 = 5.901 ms, Max = 6.078 ms
IQR = 0.150 ms, LowerFence = 5.525 ms, UpperFence = 6.126 ms
ConfidenceInterval = [5.737 ms; 5.968 ms] (CI 99.9%), Margin = 0.116 ms (1.97% of Mean)
Skewness = 0.53, Kurtosis = 2.22, MValue = 2

// ** Remained 2 (50.0 %) benchmark(s) to run. Estimated finish 2026-06-08 15:45 (0h 1m from now) **
Setup power plan (GUID: 8c5e7fda-e8bf-4a96-9a85-a6e23a8c635c FriendlyName: Alto rendimiento)
// **************************
// Benchmark: SirePerformanceBenchmarks.GenerarComprasTxt_Small: DefaultJob
// *** Execute ***
// Launch: 1 / 1
// Execute: dotnet BenchmarkSuite1-DefaultJob-1.dll --anonymousPipes 3352 10028 --benchmarkName FabricaHilos.Sire.Benchmarks.SirePerformanceBenchmarks.GenerarComprasTxt_Small --job Default --benchmarkId 2 in D:\.Net\Dev\FabricaHilosRepository\BenchmarkSuite1\bin\Release\net8.0\BenchmarkSuite1-DefaultJob-1\bin\Release\net8.0
// BeforeAnythingElse

// Benchmark Process Environment Information:
// BenchmarkDotNet v0.15.2
// Runtime=.NET 8.0.27 (8.0.2726.22922), X64 RyuJIT AVX2
// GC=Non-concurrent Workstation
// HardwareIntrinsics=AVX2,AES,BMI1,BMI2,FMA,LZCNT,PCLMUL,POPCNT,AvxVnni,SERIALIZE VectorSize=256
// Job: DefaultJob

OverheadJitting  1: 1 op, 128200.00 ns, 128.2000 us/op
WorkloadJitting  1: 1 op, 1063300.00 ns, 1.0633 ms/op

OverheadJitting  2: 16 op, 333500.00 ns, 20.8438 us/op
WorkloadJitting  2: 16 op, 2800000.00 ns, 175.0000 us/op

WorkloadPilot    1: 16 op, 1845600.00 ns, 115.3500 us/op
WorkloadPilot    2: 32 op, 4412100.00 ns, 137.8781 us/op
WorkloadPilot    3: 64 op, 8092100.00 ns, 126.4391 us/op
WorkloadPilot    4: 128 op, 16594500.00 ns, 129.6445 us/op
WorkloadPilot    5: 256 op, 28846700.00 ns, 112.6824 us/op
WorkloadPilot    6: 512 op, 57701200.00 ns, 112.6977 us/op
WorkloadPilot    7: 1024 op, 166739300.00 ns, 162.8313 us/op
WorkloadPilot    8: 2048 op, 228703200.00 ns, 111.6715 us/op
WorkloadPilot    9: 4096 op, 378427700.00 ns, 92.3896 us/op
WorkloadPilot   10: 8192 op, 678532300.00 ns, 82.8286 us/op

OverheadWarmup   1: 8192 op, 24500.00 ns, 2.9907 ns/op
OverheadWarmup   2: 8192 op, 24600.00 ns, 3.0029 ns/op
OverheadWarmup   3: 8192 op, 31200.00 ns, 3.8086 ns/op
OverheadWarmup   4: 8192 op, 23600.00 ns, 2.8809 ns/op
OverheadWarmup   5: 8192 op, 28300.00 ns, 3.4546 ns/op
OverheadWarmup   6: 8192 op, 26500.00 ns, 3.2349 ns/op

OverheadActual   1: 8192 op, 28600.00 ns, 3.4912 ns/op
OverheadActual   2: 8192 op, 25300.00 ns, 3.0884 ns/op
OverheadActual   3: 8192 op, 26100.00 ns, 3.1860 ns/op
OverheadActual   4: 8192 op, 23600.00 ns, 2.8809 ns/op
OverheadActual   5: 8192 op, 24100.00 ns, 2.9419 ns/op
OverheadActual   6: 8192 op, 26200.00 ns, 3.1982 ns/op
OverheadActual   7: 8192 op, 23100.00 ns, 2.8198 ns/op
OverheadActual   8: 8192 op, 23500.00 ns, 2.8687 ns/op
OverheadActual   9: 8192 op, 26100.00 ns, 3.1860 ns/op
OverheadActual  10: 8192 op, 24800.00 ns, 3.0273 ns/op
OverheadActual  11: 8192 op, 25200.00 ns, 3.0762 ns/op
OverheadActual  12: 8192 op, 23500.00 ns, 2.8687 ns/op
OverheadActual  13: 8192 op, 25100.00 ns, 3.0640 ns/op
OverheadActual  14: 8192 op, 27800.00 ns, 3.3936 ns/op
OverheadActual  15: 8192 op, 26600.00 ns, 3.2471 ns/op
OverheadActual  16: 8192 op, 25400.00 ns, 3.1006 ns/op
OverheadActual  17: 8192 op, 25300.00 ns, 3.0884 ns/op
OverheadActual  18: 8192 op, 25500.00 ns, 3.1128 ns/op
OverheadActual  19: 8192 op, 36900.00 ns, 4.5044 ns/op
OverheadActual  20: 8192 op, 25200.00 ns, 3.0762 ns/op

OverheadWarmup   1: 8192 op, 28800.00 ns, 3.5156 ns/op
OverheadWarmup   2: 8192 op, 24900.00 ns, 3.0396 ns/op
OverheadWarmup   3: 8192 op, 26000.00 ns, 3.1738 ns/op
OverheadWarmup   4: 8192 op, 25100.00 ns, 3.0640 ns/op
OverheadWarmup   5: 8192 op, 24700.00 ns, 3.0151 ns/op
OverheadWarmup   6: 8192 op, 24800.00 ns, 3.0273 ns/op
OverheadWarmup   7: 8192 op, 25500.00 ns, 3.1128 ns/op
OverheadWarmup   8: 8192 op, 27700.00 ns, 3.3813 ns/op
OverheadWarmup   9: 8192 op, 26400.00 ns, 3.2227 ns/op

// BeforeActualRun
WorkloadActual   1: 8192 op, 669532900.00 ns, 81.7301 us/op
WorkloadActual   2: 8192 op, 652849700.00 ns, 79.6936 us/op
WorkloadActual   3: 8192 op, 624569000.00 ns, 76.2413 us/op
WorkloadActual   4: 8192 op, 579078500.00 ns, 70.6883 us/op
WorkloadActual   5: 8192 op, 596430300.00 ns, 72.8064 us/op
WorkloadActual   6: 8192 op, 577948500.00 ns, 70.5504 us/op
WorkloadActual   7: 8192 op, 601732700.00 ns, 73.4537 us/op
WorkloadActual   8: 8192 op, 581889800.00 ns, 71.0315 us/op
WorkloadActual   9: 8192 op, 592415000.00 ns, 72.3163 us/op
WorkloadActual  10: 8192 op, 575047500.00 ns, 70.1962 us/op
WorkloadActual  11: 8192 op, 586598600.00 ns, 71.6063 us/op
WorkloadActual  12: 8192 op, 586286100.00 ns, 71.5681 us/op
WorkloadActual  13: 8192 op, 612720000.00 ns, 74.7949 us/op
WorkloadActual  14: 8192 op, 613098300.00 ns, 74.8411 us/op
WorkloadActual  15: 8192 op, 627551600.00 ns, 76.6054 us/op
WorkloadActual  16: 8192 op, 687467300.00 ns, 83.9193 us/op
WorkloadActual  17: 8192 op, 619663100.00 ns, 75.6425 us/op
WorkloadActual  18: 8192 op, 583632600.00 ns, 71.2442 us/op
WorkloadActual  19: 8192 op, 596403000.00 ns, 72.8031 us/op
WorkloadActual  20: 8192 op, 582043200.00 ns, 71.0502 us/op
WorkloadActual  21: 8192 op, 581475200.00 ns, 70.9809 us/op
WorkloadActual  22: 8192 op, 584655100.00 ns, 71.3690 us/op
WorkloadActual  23: 8192 op, 639051300.00 ns, 78.0092 us/op
WorkloadActual  24: 8192 op, 629891600.00 ns, 76.8911 us/op
WorkloadActual  25: 8192 op, 658213200.00 ns, 80.3483 us/op
WorkloadActual  26: 8192 op, 595049800.00 ns, 72.6379 us/op
WorkloadActual  27: 8192 op, 596396000.00 ns, 72.8022 us/op
WorkloadActual  28: 8192 op, 577971400.00 ns, 70.5531 us/op
WorkloadActual  29: 8192 op, 578707000.00 ns, 70.6429 us/op
WorkloadActual  30: 8192 op, 577475000.00 ns, 70.4926 us/op
WorkloadActual  31: 8192 op, 582340700.00 ns, 71.0865 us/op
WorkloadActual  32: 8192 op, 576794000.00 ns, 70.4094 us/op
WorkloadActual  33: 8192 op, 574494300.00 ns, 70.1287 us/op
WorkloadActual  34: 8192 op, 579765600.00 ns, 70.7722 us/op
WorkloadActual  35: 8192 op, 577419200.00 ns, 70.4857 us/op
WorkloadActual  36: 8192 op, 576459500.00 ns, 70.3686 us/op
WorkloadActual  37: 8192 op, 576224000.00 ns, 70.3398 us/op
WorkloadActual  38: 8192 op, 577510900.00 ns, 70.4969 us/op
WorkloadActual  39: 8192 op, 581147100.00 ns, 70.9408 us/op
WorkloadActual  40: 8192 op, 573483500.00 ns, 70.0053 us/op
WorkloadActual  41: 8192 op, 581239600.00 ns, 70.9521 us/op
WorkloadActual  42: 8192 op, 579356600.00 ns, 70.7222 us/op
WorkloadActual  43: 8192 op, 574919400.00 ns, 70.1806 us/op

// AfterActualRun
WorkloadResult   1: 8192 op, 624543700.00 ns, 76.2382 us/op
WorkloadResult   2: 8192 op, 579053200.00 ns, 70.6852 us/op
WorkloadResult   3: 8192 op, 596405000.00 ns, 72.8033 us/op
WorkloadResult   4: 8192 op, 577923200.00 ns, 70.5473 us/op
WorkloadResult   5: 8192 op, 601707400.00 ns, 73.4506 us/op
WorkloadResult   6: 8192 op, 581864500.00 ns, 71.0284 us/op
WorkloadResult   7: 8192 op, 592389700.00 ns, 72.3132 us/op
WorkloadResult   8: 8192 op, 575022200.00 ns, 70.1931 us/op
WorkloadResult   9: 8192 op, 586573300.00 ns, 71.6032 us/op
WorkloadResult  10: 8192 op, 586260800.00 ns, 71.5650 us/op
WorkloadResult  11: 8192 op, 612694700.00 ns, 74.7918 us/op
WorkloadResult  12: 8192 op, 613073000.00 ns, 74.8380 us/op
WorkloadResult  13: 8192 op, 627526300.00 ns, 76.6023 us/op
WorkloadResult  14: 8192 op, 619637800.00 ns, 75.6394 us/op
WorkloadResult  15: 8192 op, 583607300.00 ns, 71.2411 us/op
WorkloadResult  16: 8192 op, 596377700.00 ns, 72.8000 us/op
WorkloadResult  17: 8192 op, 582017900.00 ns, 71.0471 us/op
WorkloadResult  18: 8192 op, 581449900.00 ns, 70.9778 us/op
WorkloadResult  19: 8192 op, 584629800.00 ns, 71.3659 us/op
WorkloadResult  20: 8192 op, 639026000.00 ns, 78.0061 us/op
WorkloadResult  21: 8192 op, 629866300.00 ns, 76.8880 us/op
WorkloadResult  22: 8192 op, 595024500.00 ns, 72.6348 us/op
WorkloadResult  23: 8192 op, 596370700.00 ns, 72.7992 us/op
WorkloadResult  24: 8192 op, 577946100.00 ns, 70.5501 us/op
WorkloadResult  25: 8192 op, 578681700.00 ns, 70.6399 us/op
WorkloadResult  26: 8192 op, 577449700.00 ns, 70.4895 us/op
WorkloadResult  27: 8192 op, 582315400.00 ns, 71.0834 us/op
WorkloadResult  28: 8192 op, 576768700.00 ns, 70.4063 us/op
WorkloadResult  29: 8192 op, 574469000.00 ns, 70.1256 us/op
WorkloadResult  30: 8192 op, 579740300.00 ns, 70.7691 us/op
WorkloadResult  31: 8192 op, 577393900.00 ns, 70.4827 us/op
WorkloadResult  32: 8192 op, 576434200.00 ns, 70.3655 us/op
WorkloadResult  33: 8192 op, 576198700.00 ns, 70.3368 us/op
WorkloadResult  34: 8192 op, 577485600.00 ns, 70.4938 us/op
WorkloadResult  35: 8192 op, 581121800.00 ns, 70.9377 us/op
WorkloadResult  36: 8192 op, 573458200.00 ns, 70.0022 us/op
WorkloadResult  37: 8192 op, 581214300.00 ns, 70.9490 us/op
WorkloadResult  38: 8192 op, 579331300.00 ns, 70.7192 us/op
WorkloadResult  39: 8192 op, 574894100.00 ns, 70.1775 us/op
// GC:  107 13 0 1009909760 8192
// Threading:  0 0 8192

// AfterAll
// Benchmark Process 5484 has exited with code 0.

Mean = 72.015 μs, StdErr = 0.348 μs (0.48%), N = 39, StdDev = 2.176 μs
Min = 70.002 μs, Q1 = 70.521 μs, Median = 71.028 μs, Q3 = 72.800 μs, Max = 78.006 μs
IQR = 2.279 μs, LowerFence = 67.102 μs, UpperFence = 76.218 μs
ConfidenceInterval = [70.773 μs; 73.257 μs] (CI 99.9%), Margin = 1.242 μs (1.73% of Mean)
Skewness = 1.31, Kurtosis = 3.47, MValue = 2

// ** Remained 1 (25.0 %) benchmark(s) to run. Estimated finish 2026-06-08 15:45 (0h 0m from now) **
Setup power plan (GUID: 8c5e7fda-e8bf-4a96-9a85-a6e23a8c635c FriendlyName: Alto rendimiento)
// **************************
// Benchmark: SirePerformanceBenchmarks.GenerarComprasTxt_Large: DefaultJob
// *** Execute ***
// Launch: 1 / 1
// Execute: dotnet BenchmarkSuite1-DefaultJob-1.dll --anonymousPipes 9888 10328 --benchmarkName FabricaHilos.Sire.Benchmarks.SirePerformanceBenchmarks.GenerarComprasTxt_Large --job Default --benchmarkId 3 in D:\.Net\Dev\FabricaHilosRepository\BenchmarkSuite1\bin\Release\net8.0\BenchmarkSuite1-DefaultJob-1\bin\Release\net8.0
// BeforeAnythingElse

// Benchmark Process Environment Information:
// BenchmarkDotNet v0.15.2
// Runtime=.NET 8.0.27 (8.0.2726.22922), X64 RyuJIT AVX2
// GC=Non-concurrent Workstation
// HardwareIntrinsics=AVX2,AES,BMI1,BMI2,FMA,LZCNT,PCLMUL,POPCNT,AvxVnni,SERIALIZE VectorSize=256
// Job: DefaultJob

OverheadJitting  1: 1 op, 128300.00 ns, 128.3000 us/op
WorkloadJitting  1: 1 op, 10241100.00 ns, 10.2411 ms/op

OverheadJitting  2: 16 op, 337000.00 ns, 21.0625 us/op
WorkloadJitting  2: 16 op, 135459100.00 ns, 8.4662 ms/op

WorkloadPilot    1: 16 op, 123649300.00 ns, 7.7281 ms/op
WorkloadPilot    2: 32 op, 235188700.00 ns, 7.3496 ms/op
WorkloadPilot    3: 64 op, 384936900.00 ns, 6.0146 ms/op
WorkloadPilot    4: 128 op, 699885300.00 ns, 5.4679 ms/op

OverheadWarmup   1: 128 op, 1300.00 ns, 10.1563 ns/op
OverheadWarmup   2: 128 op, 1400.00 ns, 10.9375 ns/op
OverheadWarmup   3: 128 op, 1900.00 ns, 14.8438 ns/op
OverheadWarmup   4: 128 op, 1300.00 ns, 10.1563 ns/op
OverheadWarmup   5: 128 op, 1200.00 ns, 9.3750 ns/op
OverheadWarmup   6: 128 op, 1100.00 ns, 8.5938 ns/op
OverheadWarmup   7: 128 op, 1100.00 ns, 8.5938 ns/op
OverheadWarmup   8: 128 op, 1000.00 ns, 7.8125 ns/op

OverheadActual   1: 128 op, 1500.00 ns, 11.7188 ns/op
OverheadActual   2: 128 op, 1800.00 ns, 14.0625 ns/op
OverheadActual   3: 128 op, 1100.00 ns, 8.5938 ns/op
OverheadActual   4: 128 op, 1100.00 ns, 8.5938 ns/op
OverheadActual   5: 128 op, 1500.00 ns, 11.7188 ns/op
OverheadActual   6: 128 op, 1300.00 ns, 10.1563 ns/op
OverheadActual   7: 128 op, 1100.00 ns, 8.5938 ns/op
OverheadActual   8: 128 op, 1100.00 ns, 8.5938 ns/op
OverheadActual   9: 128 op, 1200.00 ns, 9.3750 ns/op
OverheadActual  10: 128 op, 1600.00 ns, 12.5000 ns/op
OverheadActual  11: 128 op, 1600.00 ns, 12.5000 ns/op
OverheadActual  12: 128 op, 1200.00 ns, 9.3750 ns/op
OverheadActual  13: 128 op, 1600.00 ns, 12.5000 ns/op
OverheadActual  14: 128 op, 1700.00 ns, 13.2813 ns/op
OverheadActual  15: 128 op, 1800.00 ns, 14.0625 ns/op
OverheadActual  16: 128 op, 1400.00 ns, 10.9375 ns/op
OverheadActual  17: 128 op, 1200.00 ns, 9.3750 ns/op
OverheadActual  18: 128 op, 1300.00 ns, 10.1563 ns/op
OverheadActual  19: 128 op, 1100.00 ns, 8.5938 ns/op
OverheadActual  20: 128 op, 1800.00 ns, 14.0625 ns/op

OverheadWarmup   1: 128 op, 1300.00 ns, 10.1563 ns/op
OverheadWarmup   2: 128 op, 1300.00 ns, 10.1563 ns/op
OverheadWarmup   3: 128 op, 1100.00 ns, 8.5938 ns/op
OverheadWarmup   4: 128 op, 2300.00 ns, 17.9688 ns/op
OverheadWarmup   5: 128 op, 1500.00 ns, 11.7188 ns/op
OverheadWarmup   6: 128 op, 1700.00 ns, 13.2813 ns/op

// BeforeActualRun
WorkloadActual   1: 128 op, 798231800.00 ns, 6.2362 ms/op
WorkloadActual   2: 128 op, 748826700.00 ns, 5.8502 ms/op
WorkloadActual   3: 128 op, 764066800.00 ns, 5.9693 ms/op
WorkloadActual   4: 128 op, 800012400.00 ns, 6.2501 ms/op
WorkloadActual   5: 128 op, 773698000.00 ns, 6.0445 ms/op
WorkloadActual   6: 128 op, 729416400.00 ns, 5.6986 ms/op
WorkloadActual   7: 128 op, 715779400.00 ns, 5.5920 ms/op
WorkloadActual   8: 128 op, 711610300.00 ns, 5.5595 ms/op
WorkloadActual   9: 128 op, 726790700.00 ns, 5.6781 ms/op
WorkloadActual  10: 128 op, 699556500.00 ns, 5.4653 ms/op
WorkloadActual  11: 128 op, 742184800.00 ns, 5.7983 ms/op
WorkloadActual  12: 128 op, 691675900.00 ns, 5.4037 ms/op
WorkloadActual  13: 128 op, 660672400.00 ns, 5.1615 ms/op
WorkloadActual  14: 128 op, 712769300.00 ns, 5.5685 ms/op
WorkloadActual  15: 128 op, 696108500.00 ns, 5.4383 ms/op
WorkloadActual  16: 128 op, 732237300.00 ns, 5.7206 ms/op
WorkloadActual  17: 128 op, 693430800.00 ns, 5.4174 ms/op
WorkloadActual  18: 128 op, 735397900.00 ns, 5.7453 ms/op
WorkloadActual  19: 128 op, 700079900.00 ns, 5.4694 ms/op
WorkloadActual  20: 128 op, 713978200.00 ns, 5.5780 ms/op
WorkloadActual  21: 128 op, 698257600.00 ns, 5.4551 ms/op
WorkloadActual  22: 128 op, 683797400.00 ns, 5.3422 ms/op
WorkloadActual  23: 128 op, 626611100.00 ns, 4.8954 ms/op
WorkloadActual  24: 128 op, 645911800.00 ns, 5.0462 ms/op
WorkloadActual  25: 128 op, 675199700.00 ns, 5.2750 ms/op
WorkloadActual  26: 128 op, 656546800.00 ns, 5.1293 ms/op
WorkloadActual  27: 128 op, 700501200.00 ns, 5.4727 ms/op
WorkloadActual  28: 128 op, 703308700.00 ns, 5.4946 ms/op
WorkloadActual  29: 128 op, 747954100.00 ns, 5.8434 ms/op
WorkloadActual  30: 128 op, 634576900.00 ns, 4.9576 ms/op
WorkloadActual  31: 128 op, 634415900.00 ns, 4.9564 ms/op
WorkloadActual  32: 128 op, 608583700.00 ns, 4.7546 ms/op
WorkloadActual  33: 128 op, 608686700.00 ns, 4.7554 ms/op
WorkloadActual  34: 128 op, 609077800.00 ns, 4.7584 ms/op
WorkloadActual  35: 128 op, 608543500.00 ns, 4.7542 ms/op
WorkloadActual  36: 128 op, 619739800.00 ns, 4.8417 ms/op
WorkloadActual  37: 128 op, 609944100.00 ns, 4.7652 ms/op
WorkloadActual  38: 128 op, 611756200.00 ns, 4.7793 ms/op
WorkloadActual  39: 128 op, 602231200.00 ns, 4.7049 ms/op
WorkloadActual  40: 128 op, 605591900.00 ns, 4.7312 ms/op
WorkloadActual  41: 128 op, 612864000.00 ns, 4.7880 ms/op
WorkloadActual  42: 128 op, 607256900.00 ns, 4.7442 ms/op
WorkloadActual  43: 128 op, 608831900.00 ns, 4.7565 ms/op
WorkloadActual  44: 128 op, 615024800.00 ns, 4.8049 ms/op
WorkloadActual  45: 128 op, 670732600.00 ns, 5.2401 ms/op
WorkloadActual  46: 128 op, 664683000.00 ns, 5.1928 ms/op
WorkloadActual  47: 128 op, 678547700.00 ns, 5.3012 ms/op
WorkloadActual  48: 128 op, 692953600.00 ns, 5.4137 ms/op
WorkloadActual  49: 128 op, 659981900.00 ns, 5.1561 ms/op
WorkloadActual  50: 128 op, 607548400.00 ns, 4.7465 ms/op
WorkloadActual  51: 128 op, 622004800.00 ns, 4.8594 ms/op
WorkloadActual  52: 128 op, 607487500.00 ns, 4.7460 ms/op
WorkloadActual  53: 128 op, 615951300.00 ns, 4.8121 ms/op
WorkloadActual  54: 128 op, 606684800.00 ns, 4.7397 ms/op
WorkloadActual  55: 128 op, 619057200.00 ns, 4.8364 ms/op
WorkloadActual  56: 128 op, 604720000.00 ns, 4.7244 ms/op
WorkloadActual  57: 128 op, 604883700.00 ns, 4.7257 ms/op
WorkloadActual  58: 128 op, 605644200.00 ns, 4.7316 ms/op
WorkloadActual  59: 128 op, 605876000.00 ns, 4.7334 ms/op
WorkloadActual  60: 128 op, 604179600.00 ns, 4.7202 ms/op
WorkloadActual  61: 128 op, 609164200.00 ns, 4.7591 ms/op
WorkloadActual  62: 128 op, 603433000.00 ns, 4.7143 ms/op
WorkloadActual  63: 128 op, 603025000.00 ns, 4.7111 ms/op
WorkloadActual  64: 128 op, 590171100.00 ns, 4.6107 ms/op
WorkloadActual  65: 128 op, 589408700.00 ns, 4.6048 ms/op
WorkloadActual  66: 128 op, 590069800.00 ns, 4.6099 ms/op
WorkloadActual  67: 128 op, 590614600.00 ns, 4.6142 ms/op
WorkloadActual  68: 128 op, 588501300.00 ns, 4.5977 ms/op
WorkloadActual  69: 128 op, 589705000.00 ns, 4.6071 ms/op
WorkloadActual  70: 128 op, 588265800.00 ns, 4.5958 ms/op
WorkloadActual  71: 128 op, 586630200.00 ns, 4.5830 ms/op
WorkloadActual  72: 128 op, 594338600.00 ns, 4.6433 ms/op
WorkloadActual  73: 128 op, 590375400.00 ns, 4.6123 ms/op
WorkloadActual  74: 128 op, 589927000.00 ns, 4.6088 ms/op
WorkloadActual  75: 128 op, 589589800.00 ns, 4.6062 ms/op
WorkloadActual  76: 128 op, 593040700.00 ns, 4.6331 ms/op
WorkloadActual  77: 128 op, 590237000.00 ns, 4.6112 ms/op
WorkloadActual  78: 128 op, 592744500.00 ns, 4.6308 ms/op
WorkloadActual  79: 128 op, 590646700.00 ns, 4.6144 ms/op
WorkloadActual  80: 128 op, 589735700.00 ns, 4.6073 ms/op
WorkloadActual  81: 128 op, 593374900.00 ns, 4.6357 ms/op
WorkloadActual  82: 128 op, 591048300.00 ns, 4.6176 ms/op
WorkloadActual  83: 128 op, 591026600.00 ns, 4.6174 ms/op
WorkloadActual  84: 128 op, 589130300.00 ns, 4.6026 ms/op
WorkloadActual  85: 128 op, 588193600.00 ns, 4.5953 ms/op
WorkloadActual  86: 128 op, 593548200.00 ns, 4.6371 ms/op
WorkloadActual  87: 128 op, 590891500.00 ns, 4.6163 ms/op
WorkloadActual  88: 128 op, 590295100.00 ns, 4.6117 ms/op
WorkloadActual  89: 128 op, 586408500.00 ns, 4.5813 ms/op
WorkloadActual  90: 128 op, 594194400.00 ns, 4.6421 ms/op
WorkloadActual  91: 128 op, 590601000.00 ns, 4.6141 ms/op
WorkloadActual  92: 128 op, 589410400.00 ns, 4.6048 ms/op
WorkloadActual  93: 128 op, 598690400.00 ns, 4.6773 ms/op
WorkloadActual  94: 128 op, 659514500.00 ns, 5.1525 ms/op
WorkloadActual  95: 128 op, 681119800.00 ns, 5.3212 ms/op
WorkloadActual  96: 128 op, 650005200.00 ns, 5.0782 ms/op
WorkloadActual  97: 128 op, 658696200.00 ns, 5.1461 ms/op
WorkloadActual  98: 128 op, 663527000.00 ns, 5.1838 ms/op
WorkloadActual  99: 128 op, 601006900.00 ns, 4.6954 ms/op
WorkloadActual  100: 128 op, 593499000.00 ns, 4.6367 ms/op

// AfterActualRun
WorkloadResult   1: 128 op, 798230450.00 ns, 6.2362 ms/op
WorkloadResult   2: 128 op, 748825350.00 ns, 5.8502 ms/op
WorkloadResult   3: 128 op, 764065450.00 ns, 5.9693 ms/op
WorkloadResult   4: 128 op, 800011050.00 ns, 6.2501 ms/op
WorkloadResult   5: 128 op, 773696650.00 ns, 6.0445 ms/op
WorkloadResult   6: 128 op, 729415050.00 ns, 5.6986 ms/op
WorkloadResult   7: 128 op, 715778050.00 ns, 5.5920 ms/op
WorkloadResult   8: 128 op, 711608950.00 ns, 5.5594 ms/op
WorkloadResult   9: 128 op, 726789350.00 ns, 5.6780 ms/op
WorkloadResult  10: 128 op, 699555150.00 ns, 5.4653 ms/op
WorkloadResult  11: 128 op, 742183450.00 ns, 5.7983 ms/op
WorkloadResult  12: 128 op, 691674550.00 ns, 5.4037 ms/op
WorkloadResult  13: 128 op, 660671050.00 ns, 5.1615 ms/op
WorkloadResult  14: 128 op, 712767950.00 ns, 5.5685 ms/op
WorkloadResult  15: 128 op, 696107150.00 ns, 5.4383 ms/op
WorkloadResult  16: 128 op, 732235950.00 ns, 5.7206 ms/op
WorkloadResult  17: 128 op, 693429450.00 ns, 5.4174 ms/op
WorkloadResult  18: 128 op, 735396550.00 ns, 5.7453 ms/op
WorkloadResult  19: 128 op, 700078550.00 ns, 5.4694 ms/op
WorkloadResult  20: 128 op, 713976850.00 ns, 5.5779 ms/op
WorkloadResult  21: 128 op, 698256250.00 ns, 5.4551 ms/op
WorkloadResult  22: 128 op, 683796050.00 ns, 5.3422 ms/op
WorkloadResult  23: 128 op, 626609750.00 ns, 4.8954 ms/op
WorkloadResult  24: 128 op, 645910450.00 ns, 5.0462 ms/op
WorkloadResult  25: 128 op, 675198350.00 ns, 5.2750 ms/op
WorkloadResult  26: 128 op, 656545450.00 ns, 5.1293 ms/op
WorkloadResult  27: 128 op, 700499850.00 ns, 5.4727 ms/op
WorkloadResult  28: 128 op, 703307350.00 ns, 5.4946 ms/op
WorkloadResult  29: 128 op, 747952750.00 ns, 5.8434 ms/op
WorkloadResult  30: 128 op, 634575550.00 ns, 4.9576 ms/op
WorkloadResult  31: 128 op, 634414550.00 ns, 4.9564 ms/op
WorkloadResult  32: 128 op, 608582350.00 ns, 4.7545 ms/op
WorkloadResult  33: 128 op, 608685350.00 ns, 4.7554 ms/op
WorkloadResult  34: 128 op, 609076450.00 ns, 4.7584 ms/op
WorkloadResult  35: 128 op, 608542150.00 ns, 4.7542 ms/op
WorkloadResult  36: 128 op, 619738450.00 ns, 4.8417 ms/op
WorkloadResult  37: 128 op, 609942750.00 ns, 4.7652 ms/op
WorkloadResult  38: 128 op, 611754850.00 ns, 4.7793 ms/op
WorkloadResult  39: 128 op, 602229850.00 ns, 4.7049 ms/op
WorkloadResult  40: 128 op, 605590550.00 ns, 4.7312 ms/op
WorkloadResult  41: 128 op, 612862650.00 ns, 4.7880 ms/op
WorkloadResult  42: 128 op, 607255550.00 ns, 4.7442 ms/op
WorkloadResult  43: 128 op, 608830550.00 ns, 4.7565 ms/op
WorkloadResult  44: 128 op, 615023450.00 ns, 4.8049 ms/op
WorkloadResult  45: 128 op, 670731250.00 ns, 5.2401 ms/op
WorkloadResult  46: 128 op, 664681650.00 ns, 5.1928 ms/op
WorkloadResult  47: 128 op, 678546350.00 ns, 5.3011 ms/op
WorkloadResult  48: 128 op, 692952250.00 ns, 5.4137 ms/op
WorkloadResult  49: 128 op, 659980550.00 ns, 5.1561 ms/op
WorkloadResult  50: 128 op, 607547050.00 ns, 4.7465 ms/op
WorkloadResult  51: 128 op, 622003450.00 ns, 4.8594 ms/op
WorkloadResult  52: 128 op, 607486150.00 ns, 4.7460 ms/op
WorkloadResult  53: 128 op, 615949950.00 ns, 4.8121 ms/op
WorkloadResult  54: 128 op, 606683450.00 ns, 4.7397 ms/op
WorkloadResult  55: 128 op, 619055850.00 ns, 4.8364 ms/op
WorkloadResult  56: 128 op, 604718650.00 ns, 4.7244 ms/op
WorkloadResult  57: 128 op, 604882350.00 ns, 4.7256 ms/op
WorkloadResult  58: 128 op, 605642850.00 ns, 4.7316 ms/op
WorkloadResult  59: 128 op, 605874650.00 ns, 4.7334 ms/op
WorkloadResult  60: 128 op, 604178250.00 ns, 4.7201 ms/op
WorkloadResult  61: 128 op, 609162850.00 ns, 4.7591 ms/op
WorkloadResult  62: 128 op, 603431650.00 ns, 4.7143 ms/op
WorkloadResult  63: 128 op, 603023650.00 ns, 4.7111 ms/op
WorkloadResult  64: 128 op, 590169750.00 ns, 4.6107 ms/op
WorkloadResult  65: 128 op, 589407350.00 ns, 4.6047 ms/op
WorkloadResult  66: 128 op, 590068450.00 ns, 4.6099 ms/op
WorkloadResult  67: 128 op, 590613250.00 ns, 4.6142 ms/op
WorkloadResult  68: 128 op, 588499950.00 ns, 4.5977 ms/op
WorkloadResult  69: 128 op, 589703650.00 ns, 4.6071 ms/op
WorkloadResult  70: 128 op, 588264450.00 ns, 4.5958 ms/op
WorkloadResult  71: 128 op, 586628850.00 ns, 4.5830 ms/op
WorkloadResult  72: 128 op, 594337250.00 ns, 4.6433 ms/op
WorkloadResult  73: 128 op, 590374050.00 ns, 4.6123 ms/op
WorkloadResult  74: 128 op, 589925650.00 ns, 4.6088 ms/op
WorkloadResult  75: 128 op, 589588450.00 ns, 4.6062 ms/op
WorkloadResult  76: 128 op, 593039350.00 ns, 4.6331 ms/op
WorkloadResult  77: 128 op, 590235650.00 ns, 4.6112 ms/op
WorkloadResult  78: 128 op, 592743150.00 ns, 4.6308 ms/op
WorkloadResult  79: 128 op, 590645350.00 ns, 4.6144 ms/op
WorkloadResult  80: 128 op, 589734350.00 ns, 4.6073 ms/op
WorkloadResult  81: 128 op, 593373550.00 ns, 4.6357 ms/op
WorkloadResult  82: 128 op, 591046950.00 ns, 4.6176 ms/op
WorkloadResult  83: 128 op, 591025250.00 ns, 4.6174 ms/op
WorkloadResult  84: 128 op, 589128950.00 ns, 4.6026 ms/op
WorkloadResult  85: 128 op, 588192250.00 ns, 4.5953 ms/op
WorkloadResult  86: 128 op, 593546850.00 ns, 4.6371 ms/op
WorkloadResult  87: 128 op, 590890150.00 ns, 4.6163 ms/op
WorkloadResult  88: 128 op, 590293750.00 ns, 4.6117 ms/op
WorkloadResult  89: 128 op, 586407150.00 ns, 4.5813 ms/op
WorkloadResult  90: 128 op, 594193050.00 ns, 4.6421 ms/op
WorkloadResult  91: 128 op, 590599650.00 ns, 4.6141 ms/op
WorkloadResult  92: 128 op, 589409050.00 ns, 4.6048 ms/op
WorkloadResult  93: 128 op, 598689050.00 ns, 4.6773 ms/op
WorkloadResult  94: 128 op, 659513150.00 ns, 5.1524 ms/op
WorkloadResult  95: 128 op, 681118450.00 ns, 5.3212 ms/op
WorkloadResult  96: 128 op, 650003850.00 ns, 5.0782 ms/op
WorkloadResult  97: 128 op, 658694850.00 ns, 5.1461 ms/op
WorkloadResult  98: 128 op, 663525650.00 ns, 5.1838 ms/op
WorkloadResult  99: 128 op, 601005550.00 ns, 4.6954 ms/op
WorkloadResult  100: 128 op, 593497650.00 ns, 4.6367 ms/op
// GC:  42 42 42 696373024 128
// Threading:  0 0 128

// AfterAll
// Benchmark Process 31032 has exited with code 0.

Mean = 5.000 ms, StdErr = 0.044 ms (0.88%), N = 100, StdDev = 0.441 ms
Min = 4.581 ms, Q1 = 4.635 ms, Median = 4.759 ms, Q3 = 5.326 ms, Max = 6.250 ms
IQR = 0.691 ms, LowerFence = 3.598 ms, UpperFence = 6.364 ms
ConfidenceInterval = [4.850 ms; 5.149 ms] (CI 99.9%), Margin = 0.150 ms (2.99% of Mean)
Skewness = 1, Kurtosis = 2.89, MValue = 2.25

// ** Remained 0 (0.0 %) benchmark(s) to run. Estimated finish 2026-06-08 15:45 (0h 0m from now) **
Successfully reverted power plan (GUID: 381b4222-f694-41f0-9685-ff5bb260df2e FriendlyName: Equilibrado)
// ***** BenchmarkRunner: Finish  *****

// * Export *
  BenchmarkDotNet.Artifacts\results\FabricaHilos.Sire.Benchmarks.SirePerformanceBenchmarks-report.csv
  BenchmarkDotNet.Artifacts\results\FabricaHilos.Sire.Benchmarks.SirePerformanceBenchmarks-report-github.md
  BenchmarkDotNet.Artifacts\results\FabricaHilos.Sire.Benchmarks.SirePerformanceBenchmarks-report.html

// * Detailed results *
SirePerformanceBenchmarks.GenerarVentasTxt_Small: DefaultJob
Runtime = .NET 8.0.27 (8.0.2726.22922), X64 RyuJIT AVX2; GC = Non-concurrent Workstation
Mean = 85.425 μs, StdErr = 0.636 μs (0.74%), N = 100, StdDev = 6.361 μs
Min = 78.763 μs, Q1 = 79.826 μs, Median = 82.162 μs, Q3 = 91.118 μs, Max = 101.151 μs
IQR = 11.292 μs, LowerFence = 62.888 μs, UpperFence = 108.056 μs
ConfidenceInterval = [83.267 μs; 87.582 μs] (CI 99.9%), Margin = 2.157 μs (2.53% of Mean)
Skewness = 0.61, Kurtosis = 1.94, MValue = 2.83
-------------------- Histogram --------------------
[76.965 μs ;  78.776 μs) | @
[78.776 μs ;  82.373 μs) | @@@@@@@@@@@@@@@@@@@@@@@@@@@@@@@@@@@@@@@@@@@@@@@@@@@
[82.373 μs ;  86.935 μs) | @@@@@@@@
[86.935 μs ;  90.857 μs) | @@@@@@@@@@@@@@
[90.857 μs ;  94.454 μs) | @@@@@@@@@@@@@@@@
[94.454 μs ;  98.834 μs) | @@@@@@@@
[98.834 μs ; 102.950 μs) | @@
---------------------------------------------------

SirePerformanceBenchmarks.GenerarVentasTxt_Large: DefaultJob
Runtime = .NET 8.0.27 (8.0.2726.22922), X64 RyuJIT AVX2; GC = Non-concurrent Workstation
Mean = 5.852 ms, StdErr = 0.028 ms (0.48%), N = 15, StdDev = 0.108 ms
Min = 5.715 ms, Q1 = 5.750 ms, Median = 5.838 ms, Q3 = 5.901 ms, Max = 6.078 ms
IQR = 0.150 ms, LowerFence = 5.525 ms, UpperFence = 6.126 ms
ConfidenceInterval = [5.737 ms; 5.968 ms] (CI 99.9%), Margin = 0.116 ms (1.97% of Mean)
Skewness = 0.53, Kurtosis = 2.22, MValue = 2
-------------------- Histogram --------------------
[5.681 ms ; 5.816 ms) | @@@@@
[5.816 ms ; 6.112 ms) | @@@@@@@@@@
---------------------------------------------------

SirePerformanceBenchmarks.GenerarComprasTxt_Small: DefaultJob
Runtime = .NET 8.0.27 (8.0.2726.22922), X64 RyuJIT AVX2; GC = Non-concurrent Workstation
Mean = 72.015 μs, StdErr = 0.348 μs (0.48%), N = 39, StdDev = 2.176 μs
Min = 70.002 μs, Q1 = 70.521 μs, Median = 71.028 μs, Q3 = 72.800 μs, Max = 78.006 μs
IQR = 2.279 μs, LowerFence = 67.102 μs, UpperFence = 76.218 μs
ConfidenceInterval = [70.773 μs; 73.257 μs] (CI 99.9%), Margin = 1.242 μs (1.73% of Mean)
Skewness = 1.31, Kurtosis = 3.47, MValue = 2
-------------------- Histogram --------------------
[69.961 μs ; 71.645 μs) | @@@@@@@@@@@@@@@@@@@@@@@@@@
[71.645 μs ; 73.724 μs) | @@@@@@
[73.724 μs ; 75.422 μs) | @@
[75.422 μs ; 77.106 μs) | @@@@
[77.106 μs ; 78.848 μs) | @
---------------------------------------------------

SirePerformanceBenchmarks.GenerarComprasTxt_Large: DefaultJob
Runtime = .NET 8.0.27 (8.0.2726.22922), X64 RyuJIT AVX2; GC = Non-concurrent Workstation
Mean = 5.000 ms, StdErr = 0.044 ms (0.88%), N = 100, StdDev = 0.441 ms
Min = 4.581 ms, Q1 = 4.635 ms, Median = 4.759 ms, Q3 = 5.326 ms, Max = 6.250 ms
IQR = 0.691 ms, LowerFence = 3.598 ms, UpperFence = 6.364 ms
ConfidenceInterval = [4.850 ms; 5.149 ms] (CI 99.9%), Margin = 0.150 ms (2.99% of Mean)
Skewness = 1, Kurtosis = 2.89, MValue = 2.25
-------------------- Histogram --------------------
[4.572 ms ; 4.822 ms) | @@@@@@@@@@@@@@@@@@@@@@@@@@@@@@@@@@@@@@@@@@@@@@@@@@@@@@@@
[4.822 ms ; 5.111 ms) | @@@@@@@@
[5.111 ms ; 5.373 ms) | @@@@@@@@@@@@
[5.373 ms ; 5.623 ms) | @@@@@@@@@@@@@
[5.623 ms ; 5.889 ms) | @@@@@@@
[5.889 ms ; 6.022 ms) | @
[6.022 ms ; 6.272 ms) | @@@
---------------------------------------------------

// * Summary *

BenchmarkDotNet v0.15.2, Windows 11 (10.0.26200.8457)
12th Gen Intel Core i5-12400 2.50GHz, 1 CPU, 12 logical and 6 physical cores
.NET SDK 10.0.300
  [Host]     : .NET 8.0.27 (8.0.2726.22922), X64 RyuJIT AVX2
  DefaultJob : .NET 8.0.27 (8.0.2726.22922), X64 RyuJIT AVX2


| Method                  | Mean        | Error      | StdDev     | Median      | Gen0     | Gen1     | Gen2     | Allocated  |
|------------------------ |------------:|-----------:|-----------:|------------:|---------:|---------:|---------:|-----------:|
| GenerarVentasTxt_Small  |    85.42 μs |   2.157 μs |   6.361 μs |    82.16 μs |  14.0381 |   1.9531 |        - |  129.38 KB |
| GenerarVentasTxt_Large  | 5,852.21 μs | 115.501 μs | 108.040 μs | 5,837.98 μs | 328.1250 | 328.1250 | 328.1250 | 5903.38 KB |
| GenerarComprasTxt_Small |    72.02 μs |   1.242 μs |   2.176 μs |    71.03 μs |  13.0615 |   1.5869 |        - |  120.39 KB |
| GenerarComprasTxt_Large | 4,999.71 μs | 149.725 μs | 441.467 μs | 4,758.75 μs | 328.1250 | 328.1250 | 328.1250 |  5312.9 KB |

// * Warnings *
MultimodalDistribution
  SirePerformanceBenchmarks.GenerarVentasTxt_Small: Default -> It seems that the distribution can have several modes (mValue = 2.83)

// * Hints *
Outliers
  SirePerformanceBenchmarks.GenerarComprasTxt_Small: Default -> 4 outliers were removed (79.69 μs..83.92 μs)

// * Legends *
  Mean      : Arithmetic mean of all measurements
  Error     : Half of 99.9% confidence interval
  StdDev    : Standard deviation of all measurements
  Median    : Value separating the higher half of all measurements (50th percentile)
  Gen0      : GC Generation 0 collects per 1000 operations
  Gen1      : GC Generation 1 collects per 1000 operations
  Gen2      : GC Generation 2 collects per 1000 operations
  Allocated : Allocated memory per single operation (managed only, inclusive, 1KB = 1024B)
  1 μs      : 1 Microsecond (0.000001 sec)

// * Diagnostic Output - MemoryDiagnoser *


// ***** BenchmarkRunner: End *****
Run time: 00:03:03 (183.31 sec), executed benchmarks: 4

Global total time: 00:03:14 (194.66 sec), executed benchmarks: 4
// * Artifacts cleanup *
Artifacts cleanup is finished
